BL51 BANKED LINKER/LOCATER V6.22.2.0                                                    12/22/2022  15:38:00  PAGE 1


BL51 BANKED LINKER/LOCATER V6.22.2.0, INVOKED BY:
C:\KEIL_V5\C51\BIN\BL51.EXE .\Objects\STARTUP_M5.obj, .\Objects\sys.obj, .\Objects\timer.obj, .\Objects\uart.obj, .\Obje
>> cts\canbus.obj, .\Objects\main.obj, .\Objects\const.obj, .\Objects\ui.obj, .\Objects\dwin8283.obj, .\Objects\ssd2828.
>> obj, .\Objects\rtc.obj, .\Objects\MYModBus.obj, .\Objects\ReceiveData.obj, .\Objects\vars.obj TO .\Objects\T5L51 PRIN
>> T (.\Listings\T5L51.m51) RAMSIZE (256) CODE (0X0100-0XFEFF) XDATA (0X8000-0XFFFF)


MEMORY MODEL: LARGE


INPUT MODULES INCLUDED:
  .\Objects\STARTUP_M5.obj (STARTUP_M5)
  .\Objects\sys.obj (SYS)
  .\Objects\timer.obj (TIMER)
  .\Objects\uart.obj (UART)
  .\Objects\canbus.obj (CANBUS)
  .\Objects\main.obj (MAIN)
  .\Objects\const.obj (CONST)
  .\Objects\ui.obj (UI)
  .\Objects\dwin8283.obj (DWIN8283)
  .\Objects\ssd2828.obj (SSD2828)
  .\Objects\rtc.obj (RTC)
  .\Objects\MYModBus.obj (MYMODBUS)
  .\Objects\ReceiveData.obj (RECEIVEDATA)
  .\Objects\vars.obj (VARS)
  C:\KEIL_V5\C51\LIB\C51L.LIB (?C_STARTUP)
  C:\KEIL_V5\C51\LIB\C51L.LIB (?C_INIT)
  C:\KEIL_V5\C51\LIB\C51L.LIB (?C?COPY)
  C:\KEIL_V5\C51\LIB\C51L.LIB (?C?CLDPTR)
  C:\KEIL_V5\C51\LIB\C51L.LIB (?C?CLDOPTR)
  C:\KEIL_V5\C51\LIB\C51L.LIB (?C?CSTPTR)
  C:\KEIL_V5\C51\LIB\C51L.LIB (?C?IMUL)
  C:\KEIL_V5\C51\LIB\C51L.LIB (?C?UIDIV)
  C:\KEIL_V5\C51\LIB\C51L.LIB (?C?IILDX)
  C:\KEIL_V5\C51\LIB\C51L.LIB (?C?ILDIX)
  C:\KEIL_V5\C51\LIB\C51L.LIB (?C?ILDPTR)
  C:\KEIL_V5\C51\LIB\C51L.LIB (?C?ILDOPTR)
  C:\KEIL_V5\C51\LIB\C51L.LIB (?C?IILDPTR)
  C:\KEIL_V5\C51\LIB\C51L.LIB (?C?ISTPTR)
  C:\KEIL_V5\C51\LIB\C51L.LIB (?C?LMUL)
  C:\KEIL_V5\C51\LIB\C51L.LIB (?C?ULDIV)
  C:\KEIL_V5\C51\LIB\C51L.LIB (?C?SLDIV)
  C:\KEIL_V5\C51\LIB\C51L.LIB (?C?ULCMP)
  C:\KEIL_V5\C51\LIB\C51L.LIB (?C?ULSHR)
  C:\KEIL_V5\C51\LIB\C51L.LIB (?C?LSHL)
  C:\KEIL_V5\C51\LIB\C51L.LIB (?C?LSTXDATA)
  C:\KEIL_V5\C51\LIB\C51L.LIB (?C?LSTKXDATA)
  C:\KEIL_V5\C51\LIB\C51L.LIB (?C?OFFXADD)
  C:\KEIL_V5\C51\LIB\C51L.LIB (?C?PLDPTR)
  C:\KEIL_V5\C51\LIB\C51L.LIB (?C?PLDOPTR)
  C:\KEIL_V5\C51\LIB\C51L.LIB (?C?ICALL)
  C:\KEIL_V5\C51\LIB\C51L.LIB (?C?STRCMP)
  C:\KEIL_V5\C51\LIB\C51L.LIB (?C?PLDIDATA)
  C:\KEIL_V5\C51\LIB\C51L.LIB (?C?PLDXDATA)
  C:\KEIL_V5\C51\LIB\C51L.LIB (?C?PLDPDATA)
  C:\KEIL_V5\C51\LIB\C51L.LIB (?C?PLDCODE)


BL51 BANKED LINKER/LOCATER V6.22.2.0                                                  12/22/2022  15:38:00  PAGE 2


LINK MAP OF MODULE:  .\Objects\T5L51 (STARTUP_M5)


            TYPE    BASE      LENGTH    RELOCATION   SEGMENT NAME
            -----------------------------------------------------

            * * * * * * *   D A T A   M E M O R Y   * * * * * * *
            REG     0000H     0008H     ABSOLUTE     "REG BANK 0"
            DATA    0008H     0013H     UNIT         ?DT?TIMER
            DATA    001BH     0003H     UNIT         _DATA_GROUP_
            DATA    001EH     0002H     UNIT         ?DT?SYS
            BIT     0020H.0   0000H.1   UNIT         ?BI?SSD2828
            BIT     0020H.1   0000H.1   UNIT         ?BI?RTC
                    0020H.2   0000H.6                *** GAP ***
            IDATA   0021H     0001H     UNIT         ?STACK

            * * * * * * *  X D A T A   M E M O R Y  * * * * * * *
                    0000H     8000H                  *** GAP ***
            XDATA   8000H     2228H     UNIT         ?XD?UART
            XDATA   A228H     1A05H     UNIT         ?XD?CANBUS
            XDATA   BC2DH     031AH     UNIT         ?XD?DWIN8283
            XDATA   BF47H     0134H     UNIT         ?XD?VARS
            XDATA   C07BH     0057H     UNIT         ?XD?SYS
            XDATA   C0D2H     0041H     UNIT         ?XD?TIMER
            XDATA   C113H     003CH     UNIT         _XDATA_GROUP_
            XDATA   C14FH     0017H     UNIT         ?XD?MYMODBUS
            XDATA   C166H     0012H     UNIT         ?XD?_WRITE_RTC?RTC
            XDATA   C178H     000FH     UNIT         ?XD?WRITE_WIFI_RTC?RTC
            XDATA   C187H     000EH     UNIT         ?XD?_SEND_MODBUS08_10?MYMODBUS
            XDATA   C195H     000DH     UNIT         ?XD?_TOUCHSWITCH?SYS
            XDATA   C1A2H     000CH     UNIT         ?XD?SPIFLASH_ACTION?SYS
            XDATA   C1AEH     000BH     UNIT         ?XD?_GETTOUCHANCTION?SYS
            XDATA   C1B9H     000AH     UNIT         ?XD?_SEND_MODBUS04_10?MYMODBUS
            XDATA   C1C3H     0008H     UNIT         ?XD?NORFLASH_ACTION?SYS
            XDATA   C1CBH     0008H     UNIT         ?XD?GETTOUCHSTATUS?SYS
            XDATA   C1D3H     0008H     UNIT         ?XD?RTC
            XDATA   C1DBH     0005H     UNIT         ?XD?_MUSICPLAY?SYS
            XDATA   C1E0H     0005H     UNIT         ?XD?_SSD2828_READREG?SSD2828
            XDATA   C1E5H     0005H     UNIT         ?XD?_SSD2828_READ_MIPI?SSD2828
            XDATA   C1EAH     0005H     UNIT         ?XD?_RTC_GET_WEEK?RTC
            XDATA   C1EFH     0004H     UNIT         ?XD?RESETT5L?SYS
            XDATA   C1F3H     0004H     UNIT         ?XD?_UART4_SENDBYTE32?UART
            XDATA   C1F7H     0003H     UNIT         ?XD?_W_COM?SSD2828
            XDATA   C1FAH     0002H     UNIT         ?XD?GETPAGEID?SYS

            * * * * * * *   C O D E   M E M O R Y   * * * * * * *
            CODE    0000H     0003H     ABSOLUTE     
                    0003H     0008H                  *** GAP ***
            CODE    000BH     0003H     ABSOLUTE     
                    000EH     0015H                  *** GAP ***
            CODE    0023H     0003H     ABSOLUTE     
                    0026H     0005H                  *** GAP ***
            CODE    002BH     0003H     ABSOLUTE     
                    002EH     001DH                  *** GAP ***
            CODE    004BH     0003H     ABSOLUTE     
                    004EH     0005H                  *** GAP ***
            CODE    0053H     0003H     ABSOLUTE     
BL51 BANKED LINKER/LOCATER V6.22.2.0                                                  12/22/2022  15:38:00  PAGE 3


                    0056H     0005H                  *** GAP ***
            CODE    005BH     0003H     ABSOLUTE     
                    005EH     0005H                  *** GAP ***
            CODE    0063H     0003H     ABSOLUTE     
                    0066H     0005H                  *** GAP ***
            CODE    006BH     0003H     ABSOLUTE     
                    006EH     0015H                  *** GAP ***
            CODE    0083H     0003H     ABSOLUTE     
                    0086H     0072H                  *** GAP ***
            CODE    00F8H     000BH     ABSOLUTE     
            CODE    0103H     1FF4H     UNIT         ?PR?RECEIVE_MODBUS?RECEIVEDATA
            CODE    20F7H     0D04H     UNIT         ?PR?TOUCH_SCAN_6?UI
            CODE    2DFBH     0CB6H     UNIT         ?PR?TOUCH_SCAN_1_2?UI
            CODE    3AB1H     0888H     UNIT         ?PR?FILE_CONTROL?UI
            CODE    4339H     0736H     UNIT         ?PR?_ALM_INIT?RECEIVEDATA
            CODE    4A6FH     06EBH     UNIT         ?PR?W_WRITE?SSD2828
            CODE    515AH     0650H     UNIT         ?C?LIB_CODE
            CODE    57AAH     05DBH     UNIT         ?PR?C055_CODE_DOWNLOAD?SSD2828
            CODE    5D85H     05C6H     UNIT         ?PR?POLLING1_6?UI
            CODE    634BH     053CH     UNIT         ?PR?_PRO8283RXTREAT?DWIN8283
            CODE    6887H     041DH     UNIT         ?PR?COORDINATE_CONTROL?UI
            CODE    6CA4H     036DH     UNIT         ?PR?CAN_ISR?CANBUS
            CODE    7011H     02D8H     UNIT         ?PR?POLLING15_17?UI
            CODE    72E9H     027FH     UNIT         ?PR?_CANTX?CANBUS
            CODE    7568H     026AH     UNIT         ?PR?VARS_INITIALIZE?VARS
            CODE    77D2H     023DH     UNIT         ?PR?TOUCH_SCAN_10_12?UI
            CODE    7A0FH     0217H     UNIT         ?PR?POLLING10_12?UI
            CODE    7C26H     0200H     UNIT         ?CO?MYMODBUS
            CODE    7E26H     01F8H     UNIT         ?PR?_GETTOUCHANCTION?SYS
            CODE    801EH     01DCH     UNIT         ?PR?TOUCH_SCAN_13?UI
            CODE    81FAH     01CDH     UNIT         ?PR?_READ_DGUS_VP?SYS
            CODE    83C7H     01B3H     UNIT         ?PR?_UATR_SEND_DATA?UART
            CODE    857AH     019EH     UNIT         ?PR?TOUCH_SCAN_4?UI
            CODE    8718H     0193H     UNIT         ?PR?_WRITE_DGUS_VP?SYS
            CODE    88ABH     0186H     UNIT         ?CO?SSD2828
            CODE    8A31H     017BH     UNIT         ?PR?TOUCH_SCAN_3?UI
            CODE    8BACH     016CH     UNIT         ?PR?LOADONEFRAME?CANBUS
            CODE    8D18H     013FH     UNIT         ?PR?PRO8283DEAL?DWIN8283
            CODE    8E57H     012CH     UNIT         ?PR?_SYS_WRITE_VP?SYS
            CODE    8F83H     0120H     UNIT         ?PR?SPIFLASH_ACTION?SYS
            CODE    90A3H     011AH     UNIT         ?PR?TOUCH_SCAN_5?UI
            CODE    91BDH     0112H     UNIT         ?PR?STA_INIT?MAIN
            CODE    92CFH     010FH     UNIT         ?PR?SSD2828_INIT?SSD2828
            CODE    93DEH     00F6H     UNIT         ?PR?NORFLASH_ACTION?SYS
            CODE    94D4H     00F6H     UNIT         ?PR?_SEND_MODBUS?MYMODBUS
            CODE    95CAH     00EBH     UNIT         ?PR?TOUCH_SCAN_16?UI
            CODE    96B5H     00EAH     UNIT         ?PR?_SSD2828_REGCONFIG?SSD2828
            CODE    979FH     00E5H     UNIT         ?PR?_SYS_READ_VP?SYS
            CODE    9884H     00E5H     UNIT         ?PR?CONTORL?UI
            CODE    9969H     00E1H     UNIT         ?PR?GETTOUCHSTATUS?SYS
            CODE    9A4AH     00CFH     UNIT         ?PR?RDTIME?RTC
            CODE    9B19H     00CDH     UNIT         ?PR?_WRITE_RTC?RTC
            CODE    9BE6H     00C9H     UNIT         ?PR?SEND_MODBUS_IP?MYMODBUS
            CODE    9CAFH     00C6H     UNIT         ?PR?PRO8283INIT?DWIN8283
            CODE    9D75H     00C1H     UNIT         ?PR?_SSD2828_READREG?SSD2828
            CODE    9E36H     00BFH     UNIT         ?PR?SSD2828_READID?SSD2828
            CODE    9EF5H     00BEH     UNIT         ?PR?_W_COM?SSD2828
BL51 BANKED LINKER/LOCATER V6.22.2.0                                                  12/22/2022  15:38:00  PAGE 4


            CODE    9FB3H     00AFH     UNIT         ?PR?WRITE_WIFI_RTC?RTC
            CODE    A062H     00A9H     UNIT         ?PR?_SSD2828_WRITEPACKAGE?SSD2828
            CODE    A10BH     009BH     UNIT         ?PR?UART3_ISR?UART
            CODE    A1A6H     0094H     UNIT         ?PR?_RTC_GET_WEEK?RTC
            CODE    A23AH     0093H     UNIT         ?PR?_PINOUTPUT?SYS
            CODE    A2CDH     0091H     UNIT         ?PR?_CANBUSINIT?CANBUS
            CODE    A35EH     008FH     UNIT         ?PR?UART2_ISR?UART
            CODE    A3EDH     008CH     UNIT         ?C_C51STARTUP
            CODE    A479H     0087H     UNIT         ?PR?AUTOUPLOADVALUE?DWIN8283
            CODE    A500H     0083H     UNIT         ?PR?TOUCH_SCAN_0?UI
            CODE    A583H     0083H     UNIT         ?PR?_CRC16?MYMODBUS
            CODE    A606H     0081H     UNIT         ?PR?_PAGE_CHANGE?SYS
            CODE    A687H     0081H     UNIT         ?PR?T0_ISR_PC?TIMER
            CODE    A708H     0081H     UNIT         ?PR?TOUCH_SCAN_14?UI
            CODE    A789H     007AH     UNIT         ?PR?_SSD2828_READ_MIPI?SSD2828
            CODE    A803H     007AH     UNIT         ?PR?_SEND_MODBUS08_10?MYMODBUS
            CODE    A87DH     0075H     UNIT         ?PR?_I2CBW?RTC
            CODE    A8F2H     0072H     UNIT         ?PR?MAIN?MAIN
            CODE    A964H     0072H     UNIT         ?PR?INIT_RTC?RTC
            CODE    A9D6H     006FH     UNIT         ?PR?_SEND_MODBUS04_10?MYMODBUS
            CODE    AA45H     006BH     UNIT         ?PR?PAGEFUNCTION?UI
            CODE    AAB0H     0067H     UNIT         ?PR?LCD_PA_SET?SSD2828
            CODE    AB17H     0062H     UNIT         ?PR?_TOUCHSWITCH?SYS
            CODE    AB79H     0060H     UNIT         ?PR?UART4T_ISR?UART
            CODE    ABD9H     0060H     UNIT         ?PR?UART5T_ISR?UART
            CODE    AC39H     005FH     UNIT         ?PR?_SEND_MODBUS_10?MYMODBUS
            CODE    AC98H     005EH     UNIT         ?PR?_UART4_SENDBYTE32?UART
            CODE    ACF6H     0057H     UNIT         ?PR?_SSD2828_WRITECMD?SSD2828
            CODE    AD4DH     0055H     UNIT         ?PR?_GETPININ?SYS
            CODE    ADA2H     0053H     UNIT         ?PR?_UARTINIT?UART
            CODE    ADF5H     004FH     UNIT         ?PR?UART4R_ISR?UART
            CODE    AE44H     004EH     UNIT         ?PR?_UART2_INIT?UART
            CODE    AE92H     004EH     UNIT         ?PR?_SENDSTRING?MYMODBUS
            CODE    AEE0H     004CH     UNIT         ?PR?_SETPININ?SYS
            CODE    AF2CH     0049H     UNIT         ?PR?_UART3_INIT?UART
            CODE    AF75H     0048H     UNIT         ?PR?_DELAY_MS?SYS
            CODE    AFBDH     0048H     UNIT         ?PR?_SETPINOUT?SYS
            CODE    B005H     0047H     UNIT         ?PR?UART5R_ISR?UART
            CODE    B04CH     0044H     UNIT         ?C?LDIV
            CODE    B090H     003FH     UNIT         ?PR?_MUSICPLAY?SYS
            CODE    B0CFH     0039H     UNIT         ?CO?UI
            CODE    B108H     0036H     UNIT         ?PR?I2CBR?RTC
            CODE    B13EH     0035H     UNIT         ?PR?_HEX_TO_BCD?RTC
            CODE    B173H     002EH     UNIT         ?C_INITSEG
            CODE    B1A1H     0029H     UNIT         ?PR?INIT_CPU?SYS
            CODE    B1CAH     0028H     UNIT         ?PR?CLEARRAM?SYS
            CODE    B1F2H     0028H     UNIT         ?PR?_UART4_INIT?UART
            CODE    B21AH     0028H     UNIT         ?PR?_UART5_INIT?UART
            CODE    B242H     0028H     UNIT         ?PR?_DELAYUS?RTC
            CODE    B26AH     0027H     UNIT         ?PR?CACK?RTC
            CODE    B291H     0022H     UNIT         ?PR?_STARTTIMER?TIMER
            CODE    B2B3H     0020H     UNIT         ?PR?RESETT5L?SYS
            CODE    B2D3H     001FH     UNIT         ?PR?_DELAY_US?SYS
            CODE    B2F2H     001EH     UNIT         ?PR?GETPAGEID?SYS
            CODE    B310H     001CH     UNIT         ?PR?T0_INIT?TIMER
            CODE    B32CH     001BH     UNIT         ?PR?CANERRORRESET?CANBUS
            CODE    B347H     001BH     UNIT         ?PR?I2CSTOP?RTC
BL51 BANKED LINKER/LOCATER V6.22.2.0                                                  12/22/2022  15:38:00  PAGE 5


            CODE    B362H     001AH     UNIT         ?PR?I2CSTART?RTC
            CODE    B37CH     0015H     UNIT         ?PR?_KILLTIMER?TIMER
            CODE    B391H     0015H     UNIT         ?PR?P9FUNC?UI
            CODE    B3A6H     0013H     UNIT         ?PR?_GETTIMEOUTFLAG?TIMER
            CODE    B3B9H     000FH     UNIT         ?PR?MACK?RTC
            CODE    B3C8H     000DH     UNIT         ?PR?MNAK?RTC
            CODE    B3D5H     000CH     UNIT         ?PR?_UART4_SENDBYTE?UART
            CODE    B3E1H     000CH     UNIT         ?PR?_UART4_SENDBYTE16?UART
            CODE    B3EDH     0009H     UNIT         ?PR?P3FUNC?UI
            CODE    B3F6H     0009H     UNIT         ?PR?RTC_READ_AND_SET?RTC
            CODE    B3FFH     0007H     UNIT         ?PR?TIMER2_ISR?TIMER
            CODE    B406H     0007H     UNIT         ?PR?IO_INIT?MAIN
            CODE    B40DH     0006H     UNIT         ?PR?P0FUNC?UI
            CODE    B413H     0006H     UNIT         ?PR?P1FUNC?UI
            CODE    B419H     0006H     UNIT         ?PR?P2FUNC?UI
            CODE    B41FH     0006H     UNIT         ?PR?P5FUNC?UI
            CODE    B425H     0006H     UNIT         ?PR?P6FUNC?UI
            CODE    B42BH     0006H     UNIT         ?PR?P10_12FUNC?UI
            CODE    B431H     0004H     UNIT         ?CO?DWIN8283
            CODE    B435H     0004H     UNIT         ?PR?SDA_IN?RTC
            CODE    B439H     0004H     UNIT         ?PR?SDA_OUT?RTC
            CODE    B43DH     0003H     UNIT         ?PR?P4FUNC?UI
            CODE    B440H     0003H     UNIT         ?PR?P13FUNC?UI
            CODE    B443H     0003H     UNIT         ?PR?P14FUNC?UI
            CODE    B446H     0003H     UNIT         ?PR?P16FUNC?UI
            CODE    B449H     0003H     UNIT         ?PR?P15_17FUNC?UI
            CODE    B44CH     0001H     UNIT         ?PR?P18FUNC?UI
            CODE    B44DH     0001H     UNIT         ?PR?POLLING2?UI



OVERLAY MAP OF MODULE:   .\Objects\T5L51 (STARTUP_M5)


SEGMENT                                     DATA_GROUP          XDATA_GROUP
  +--> CALLED SEGMENT                     START    LENGTH     START    LENGTH
-----------------------------------------------------------------------------
?PR?T0_ISR_PC?TIMER                       001BH    0001H      -----    -----

*** NEW ROOT ***************************************************

?PR?CAN_ISR?CANBUS                        -----    -----      C113H    0001H
  +--> ?PR?LOADONEFRAME?CANBUS

*** NEW ROOT ***************************************************

?C_C51STARTUP                             -----    -----      -----    -----
  +--> ?PR?MAIN?MAIN
  +--> ?C_INITSEG

?PR?MAIN?MAIN                             -----    -----      -----    -----
  +--> ?PR?INIT_CPU?SYS
  +--> ?PR?T0_INIT?TIMER
  +--> ?PR?PRO8283INIT?DWIN8283
  +--> ?PR?INIT_RTC?RTC
  +--> ?PR?_STARTTIMER?TIMER
  +--> ?PR?IO_INIT?MAIN
BL51 BANKED LINKER/LOCATER V6.22.2.0                                                  12/22/2022  15:38:00  PAGE 6


  +--> ?PR?_DELAY_MS?SYS
  +--> ?PR?SSD2828_INIT?SSD2828
  +--> ?PR?RDTIME?RTC
  +--> ?PR?_UARTINIT?UART
  +--> ?PR?VARS_INITIALIZE?VARS
  +--> ?PR?STA_INIT?MAIN
  +--> ?PR?_GETTIMEOUTFLAG?TIMER
  +--> ?PR?PAGEFUNCTION?UI
  +--> ?PR?PRO8283DEAL?DWIN8283
  +--> ?PR?RECEIVE_MODBUS?RECEIVEDATA

?PR?INIT_CPU?SYS                          -----    -----      -----    -----
  +--> ?PR?CLEARRAM?SYS

?PR?CLEARRAM?SYS                          001CH    0002H      -----    -----

?PR?PRO8283INIT?DWIN8283                  -----    -----      C114H    000AH
  +--> ?CO?DWIN8283
  +--> ?PR?_READ_DGUS_VP?SYS
  +--> ?PR?_UARTINIT?UART
  +--> ?PR?_CANBUSINIT?CANBUS

?PR?_READ_DGUS_VP?SYS                     -----    -----      C13CH    0013H

?PR?_UARTINIT?UART                        -----    -----      C11EH    0005H
  +--> ?PR?_UART2_INIT?UART
  +--> ?PR?_UART3_INIT?UART
  +--> ?PR?_UART4_INIT?UART
  +--> ?PR?_UART5_INIT?UART

?PR?_UART2_INIT?UART                      -----    -----      C123H    0002H
  +--> ?PR?_SETPINOUT?SYS
  +--> ?PR?_SETPININ?SYS

?PR?_UART3_INIT?UART                      -----    -----      C123H    0002H
  +--> ?PR?_SETPINOUT?SYS
  +--> ?PR?_SETPININ?SYS

?PR?_CANBUSINIT?CANBUS                    -----    -----      C11EH    0003H
  +--> ?PR?_SETPINOUT?SYS
  +--> ?PR?_SETPININ?SYS
  +--> ?PR?_PINOUTPUT?SYS

?PR?INIT_RTC?RTC                          -----    -----      -----    -----
  +--> ?PR?_SETPINOUT?SYS
  +--> ?PR?_I2CBW?RTC
  +--> ?PR?I2CSTOP?RTC
  +--> ?PR?I2CSTART?RTC
  +--> ?PR?I2CBR?RTC
  +--> ?PR?MACK?RTC
  +--> ?PR?MNAK?RTC

?PR?_I2CBW?RTC                            -----    -----      -----    -----
  +--> ?PR?I2CSTART?RTC
  +--> ?PR?I2CSTOP?RTC
  +--> ?PR?SDA_OUT?RTC
  +--> ?PR?_DELAYUS?RTC
BL51 BANKED LINKER/LOCATER V6.22.2.0                                                  12/22/2022  15:38:00  PAGE 7


  +--> ?PR?CACK?RTC

?PR?I2CSTART?RTC                          -----    -----      -----    -----
  +--> ?PR?SDA_OUT?RTC
  +--> ?PR?_DELAYUS?RTC

?PR?I2CSTOP?RTC                           -----    -----      -----    -----
  +--> ?PR?SDA_OUT?RTC
  +--> ?PR?_DELAYUS?RTC
  +--> ?PR?SDA_IN?RTC

?PR?CACK?RTC                              -----    -----      -----    -----
  +--> ?PR?SDA_IN?RTC
  +--> ?PR?_DELAYUS?RTC
  +--> ?PR?SDA_OUT?RTC

?PR?I2CBR?RTC                             -----    -----      -----    -----
  +--> ?PR?SDA_IN?RTC
  +--> ?PR?_DELAYUS?RTC

?PR?MACK?RTC                              -----    -----      -----    -----
  +--> ?PR?SDA_OUT?RTC
  +--> ?PR?_DELAYUS?RTC

?PR?MNAK?RTC                              -----    -----      -----    -----
  +--> ?PR?SDA_OUT?RTC
  +--> ?PR?_DELAYUS?RTC

?PR?_DELAY_MS?SYS                         -----    -----      C144H    0004H
  +--> ?PR?_DELAY_US?SYS

?PR?SSD2828_INIT?SSD2828                  -----    -----      -----    -----
  +--> ?PR?SSD2828_READID?SSD2828
  +--> ?PR?_SSD2828_REGCONFIG?SSD2828
  +--> ?PR?_DELAY_MS?SYS
  +--> ?PR?C055_CODE_DOWNLOAD?SSD2828
  +--> ?PR?LCD_PA_SET?SSD2828
  +--> ?PR?_SSD2828_WRITECMD?SSD2828

?PR?SSD2828_READID?SSD2828                -----    -----      C114H    0005H
  +--> ?PR?_DELAY_US?SYS

?PR?_SSD2828_REGCONFIG?SSD2828            -----    -----      C11BH    0004H
  +--> ?PR?_DELAY_US?SYS

?PR?C055_CODE_DOWNLOAD?SSD2828            -----    -----      -----    -----
  +--> ?CO?SSD2828
  +--> ?PR?_SSD2828_WRITEPACKAGE?SSD2828
  +--> ?PR?_DELAY_MS?SYS

?PR?_SSD2828_WRITEPACKAGE?SSD2828         -----    -----      C114H    0007H
  +--> ?PR?_SSD2828_REGCONFIG?SSD2828
  +--> ?PR?_SSD2828_WRITECMD?SSD2828
  +--> ?PR?_DELAY_US?SYS

?PR?_SSD2828_WRITECMD?SSD2828             -----    -----      C11BH    0002H
  +--> ?PR?_DELAY_US?SYS
BL51 BANKED LINKER/LOCATER V6.22.2.0                                                  12/22/2022  15:38:00  PAGE 8



?PR?LCD_PA_SET?SSD2828                    -----    -----      C114H    0007H
  +--> ?PR?_SSD2828_REGCONFIG?SSD2828

?PR?RDTIME?RTC                            -----    -----      C114H    0002H
  +--> ?PR?_I2CBW?RTC
  +--> ?PR?I2CSTOP?RTC
  +--> ?PR?I2CSTART?RTC
  +--> ?PR?I2CBR?RTC
  +--> ?PR?MACK?RTC
  +--> ?PR?MNAK?RTC
  +--> ?PR?_WRITE_DGUS_VP?SYS

?PR?_WRITE_DGUS_VP?SYS                    -----    -----      C13CH    000DH

?PR?STA_INIT?MAIN                         -----    -----      C114H    0002H
  +--> ?PR?_SYS_WRITE_VP?SYS

?PR?_SYS_WRITE_VP?SYS                     -----    -----      C136H    0007H

?PR?PAGEFUNCTION?UI                       -----    -----      C114H    0002H
  +--> ?CO?UI

?CO?UI                                    -----    -----      -----    -----
  +--> ?PR?P0FUNC?UI
  +--> ?PR?P1FUNC?UI
  +--> ?PR?P2FUNC?UI
  +--> ?PR?P3FUNC?UI
  +--> ?PR?P4FUNC?UI
  +--> ?PR?P5FUNC?UI
  +--> ?PR?P6FUNC?UI
  +--> ?PR?P9FUNC?UI
  +--> ?PR?P10_12FUNC?UI
  +--> ?PR?P13FUNC?UI
  +--> ?PR?P14FUNC?UI
  +--> ?PR?P15_17FUNC?UI
  +--> ?PR?P16FUNC?UI
  +--> ?PR?P18FUNC?UI

?PR?P0FUNC?UI                             -----    -----      -----    -----
  +--> ?PR?CONTORL?UI
  +--> ?PR?TOUCH_SCAN_0?UI

?PR?CONTORL?UI                            -----    -----      -----    -----
  +--> ?PR?_SEND_MODBUS?MYMODBUS
  +--> ?PR?_SYS_WRITE_VP?SYS

?PR?_SEND_MODBUS?MYMODBUS                 -----    -----      C136H    0006H
  +--> ?PR?_CRC16?MYMODBUS
  +--> ?PR?_SENDSTRING?MYMODBUS

?PR?_CRC16?MYMODBUS                       -----    -----      C13EH    000AH
  +--> ?CO?MYMODBUS

?PR?_SENDSTRING?MYMODBUS                  -----    -----      C13EH    0006H
  +--> ?PR?_UART4_SENDBYTE?UART
  +--> ?PR?_DELAY_MS?SYS
BL51 BANKED LINKER/LOCATER V6.22.2.0                                                  12/22/2022  15:38:00  PAGE 9



?PR?TOUCH_SCAN_0?UI                       -----    -----      C116H    0001H
  +--> ?PR?_SYS_READ_VP?SYS
  +--> ?PR?_SEND_MODBUS?MYMODBUS
  +--> ?PR?_SYS_WRITE_VP?SYS

?PR?_SYS_READ_VP?SYS                      -----    -----      C118H    0007H

?PR?P1FUNC?UI                             -----    -----      -----    -----
  +--> ?PR?POLLING1_6?UI
  +--> ?PR?TOUCH_SCAN_1_2?UI

?PR?POLLING1_6?UI                         -----    -----      -----    -----
  +--> ?PR?_SEND_MODBUS?MYMODBUS

?PR?TOUCH_SCAN_1_2?UI                     -----    -----      C116H    0001H
  +--> ?PR?_SYS_READ_VP?SYS
  +--> ?PR?_SEND_MODBUS?MYMODBUS
  +--> ?PR?_SYS_WRITE_VP?SYS
  +--> ?PR?_PAGE_CHANGE?SYS
  +--> ?PR?_GETTIMEOUTFLAG?TIMER
  +--> ?PR?_DELAY_MS?SYS
  +--> ?PR?_STARTTIMER?TIMER
  +--> ?PR?_KILLTIMER?TIMER

?PR?_PAGE_CHANGE?SYS                      -----    -----      C136H    0006H
  +--> ?PR?_WRITE_DGUS_VP?SYS
  +--> ?PR?_DELAY_US?SYS
  +--> ?PR?_READ_DGUS_VP?SYS

?PR?P2FUNC?UI                             -----    -----      -----    -----
  +--> ?PR?POLLING1_6?UI
  +--> ?PR?TOUCH_SCAN_1_2?UI

?PR?P3FUNC?UI                             -----    -----      -----    -----
  +--> ?PR?TOUCH_SCAN_3?UI
  +--> ?PR?COORDINATE_CONTROL?UI
  +--> ?PR?FILE_CONTROL?UI

?PR?TOUCH_SCAN_3?UI                       -----    -----      C116H    0002H
  +--> ?PR?_SYS_READ_VP?SYS
  +--> ?PR?_SYS_WRITE_VP?SYS

?PR?COORDINATE_CONTROL?UI                 -----    -----      -----    -----
  +--> ?PR?_SYS_READ_VP?SYS
  +--> ?PR?_SEND_MODBUS_10?MYMODBUS
  +--> ?PR?_DELAY_MS?SYS
  +--> ?PR?_UART4_SENDBYTE?UART
  +--> ?PR?_PAGE_CHANGE?SYS

?PR?_SEND_MODBUS_10?MYMODBUS              -----    -----      C136H    0008H
  +--> ?PR?_CRC16?MYMODBUS
  +--> ?PR?_SENDSTRING?MYMODBUS

?PR?FILE_CONTROL?UI                       -----    -----      C116H    0001H
  +--> ?PR?_SEND_MODBUS?MYMODBUS
  +--> ?PR?_SYS_WRITE_VP?SYS
BL51 BANKED LINKER/LOCATER V6.22.2.0                                                  12/22/2022  15:38:00  PAGE 10



?PR?P4FUNC?UI                             -----    -----      -----    -----
  +--> ?PR?TOUCH_SCAN_4?UI

?PR?TOUCH_SCAN_4?UI                       -----    -----      C116H    0001H
  +--> ?PR?_SYS_READ_VP?SYS
  +--> ?PR?_PAGE_CHANGE?SYS
  +--> ?PR?_SYS_WRITE_VP?SYS
  +--> ?PR?_SEND_MODBUS?MYMODBUS

?PR?P5FUNC?UI                             -----    -----      -----    -----
  +--> ?PR?TOUCH_SCAN_5?UI
  +--> ?PR?TOUCH_SCAN_1_2?UI

?PR?TOUCH_SCAN_5?UI                       -----    -----      C116H    0001H
  +--> ?PR?_SYS_READ_VP?SYS
  +--> ?PR?_SEND_MODBUS?MYMODBUS
  +--> ?PR?_SYS_WRITE_VP?SYS

?PR?P6FUNC?UI                             -----    -----      -----    -----
  +--> ?PR?POLLING1_6?UI
  +--> ?PR?TOUCH_SCAN_6?UI

?PR?TOUCH_SCAN_6?UI                       -----    -----      C116H    0001H
  +--> ?PR?_SYS_READ_VP?SYS
  +--> ?PR?_SEND_MODBUS?MYMODBUS
  +--> ?PR?_SYS_WRITE_VP?SYS
  +--> ?PR?_PAGE_CHANGE?SYS
  +--> ?PR?_GETTIMEOUTFLAG?TIMER
  +--> ?PR?_DELAY_MS?SYS
  +--> ?PR?_STARTTIMER?TIMER
  +--> ?PR?_KILLTIMER?TIMER

?PR?P10_12FUNC?UI                         -----    -----      -----    -----
  +--> ?PR?POLLING10_12?UI
  +--> ?PR?TOUCH_SCAN_10_12?UI

?PR?POLLING10_12?UI                       -----    -----      -----    -----
  +--> ?PR?_SEND_MODBUS?MYMODBUS

?PR?TOUCH_SCAN_10_12?UI                   -----    -----      C116H    0001H
  +--> ?PR?_SYS_READ_VP?SYS
  +--> ?PR?_SEND_MODBUS_10?MYMODBUS
  +--> ?PR?_DELAY_MS?SYS
  +--> ?PR?_SEND_MODBUS?MYMODBUS
  +--> ?PR?_SYS_WRITE_VP?SYS

?PR?P13FUNC?UI                            -----    -----      -----    -----
  +--> ?PR?TOUCH_SCAN_13?UI

?PR?TOUCH_SCAN_13?UI                      -----    -----      C116H    0001H
  +--> ?PR?_SYS_READ_VP?SYS
  +--> ?PR?_SYS_WRITE_VP?SYS

?PR?P14FUNC?UI                            -----    -----      -----    -----
  +--> ?PR?TOUCH_SCAN_14?UI

BL51 BANKED LINKER/LOCATER V6.22.2.0                                                  12/22/2022  15:38:00  PAGE 11


?PR?TOUCH_SCAN_14?UI                      -----    -----      C116H    0001H
  +--> ?PR?_SYS_READ_VP?SYS
  +--> ?PR?SEND_MODBUS_IP?MYMODBUS
  +--> ?PR?_DELAY_MS?SYS
  +--> ?PR?_SYS_WRITE_VP?SYS

?PR?SEND_MODBUS_IP?MYMODBUS               -----    -----      -----    -----
  +--> ?PR?_SYS_READ_VP?SYS
  +--> ?PR?_CRC16?MYMODBUS
  +--> ?PR?_SENDSTRING?MYMODBUS

?PR?P15_17FUNC?UI                         -----    -----      -----    -----
  +--> ?PR?POLLING15_17?UI

?PR?POLLING15_17?UI                       -----    -----      -----    -----
  +--> ?PR?_SEND_MODBUS?MYMODBUS

?PR?P16FUNC?UI                            -----    -----      -----    -----
  +--> ?PR?TOUCH_SCAN_16?UI

?PR?TOUCH_SCAN_16?UI                      -----    -----      C116H    0001H
  +--> ?PR?_SYS_READ_VP?SYS
  +--> ?PR?_PAGE_CHANGE?SYS

?PR?PRO8283DEAL?DWIN8283                  -----    -----      -----    -----
  +--> ?PR?AUTOUPLOADVALUE?DWIN8283
  +--> ?PR?_UATR_SEND_DATA?UART
  +--> ?PR?_CANTX?CANBUS
  +--> ?PR?_PRO8283RXTREAT?DWIN8283

?PR?AUTOUPLOADVALUE?DWIN8283              -----    -----      -----    -----
  +--> ?PR?_READ_DGUS_VP?SYS
  +--> ?PR?_WRITE_DGUS_VP?SYS

?PR?_UATR_SEND_DATA?UART                  -----    -----      C114H    0008H

?PR?_CANTX?CANBUS                         -----    -----      C114H    0017H
  +--> ?PR?LOADONEFRAME?CANBUS

?PR?_PRO8283RXTREAT?DWIN8283              -----    -----      C114H    000FH
  +--> ?PR?_WRITE_DGUS_VP?SYS
  +--> ?PR?_READ_DGUS_VP?SYS

?PR?RECEIVE_MODBUS?RECEIVEDATA            -----    -----      C114H    0022H
  +--> ?PR?_DELAY_MS?SYS
  +--> ?PR?_CRC16?MYMODBUS
  +--> ?PR?_SEND_MODBUS_10?MYMODBUS
  +--> ?PR?_SYS_WRITE_VP?SYS
  +--> ?PR?_PAGE_CHANGE?SYS
  +--> ?PR?_ALM_INIT?RECEIVEDATA
  +--> ?PR?_UART4_SENDBYTE16?UART

?PR?_ALM_INIT?RECEIVEDATA                 -----    -----      -----    -----
  +--> ?PR?_SYS_WRITE_VP?SYS
  +--> ?PR?_PAGE_CHANGE?SYS
  +--> ?PR?_SEND_MODBUS?MYMODBUS

BL51 BANKED LINKER/LOCATER V6.22.2.0                                                  12/22/2022  15:38:00  PAGE 12


?PR?_UART4_SENDBYTE16?UART                -----    -----      -----    -----
  +--> ?PR?_UART4_SENDBYTE?UART



SYMBOL TABLE OF MODULE:  .\Objects\T5L51 (STARTUP_M5)

  VALUE           TYPE          NAME
  ----------------------------------

  -------         MODULE        STARTUP_M5
  C:0100H         LINE#         30
  -------         ENDMOD        STARTUP_M5

  -------         MODULE        SYS
  C:0000H         SYMBOL        _ICE_DUMMY_
  C:B1A1H         PUBLIC        INIT_CPU
  X:C07BH         PUBLIC        Spi_Flash
  D:00F1H         PUBLIC        ADR_H
  D:0080H         PUBLIC        P0
  D:0090H         PUBLIC        P1
  X:C08BH         PUBLIC        Nor_Flash
  D:00A0H         PUBLIC        P2
  C:AD4DH         PUBLIC        _GetPinIn
  D:00B0H         PUBLIC        P3
  D:00F3H         PUBLIC        ADR_L
  D:0094H         PUBLIC        PAGESEL
  D:00F2H         PUBLIC        ADR_M
  B:00A8H.7       PUBLIC        EA
  D:00F8H         PUBLIC        RAMMODE
  C:8718H         PUBLIC        _write_dgus_vp
  D:00B7H         PUBLIC        P0MDOUT
  D:00BCH         PUBLIC        P1MDOUT
  D:00A8H         PUBLIC        IEN0
  D:00BDH         PUBLIC        P2MDOUT
  D:00B8H         PUBLIC        IEN1
  C:AEE0H         PUBLIC        _SetPinIn
  X:C097H         PUBLIC        PressPosChange
  D:00BEH         PUBLIC        P3MDOUT
  D:009AH         PUBLIC        IEN2
  C:AFBDH         PUBLIC        _SetPinOut
  B:00F8H.4       PUBLIC        APP_ACK
  X:C098H         PUBLIC        RealPosX
  D:00F4H         PUBLIC        ADR_INC
  X:C09AH         PUBLIC        RealPosY
  D:001EH         PUBLIC        SysTick_RTC
  C:B090H         PUBLIC        _MusicPlay
  X:C09CH         PUBLIC        PressPosX
  X:C09EH         PUBLIC        PressPageID
  X:C0A0H         PUBLIC        PressPosY
  C:8F83H         PUBLIC        SPIFlash_Action
  X:C0A2H         PUBLIC        LastPosX
  X:C0A4H         PUBLIC        MusicBuf
  X:C0C7H         PUBLIC        LastPosY
  C:979FH         PUBLIC        _sys_read_vp
  D:0095H         PUBLIC        D_PAGESEL
  C:A606H         PUBLIC        _Page_Change
BL51 BANKED LINKER/LOCATER V6.22.2.0                                                  12/22/2022  15:38:00  PAGE 13


  X:C0C9H         PUBLIC        Touchstate
  C:B2F2H         PUBLIC        GetPageID
  C:9969H         PUBLIC        GetTouchStatus
  D:00F9H         PUBLIC        PORTDRV
  C:8E57H         PUBLIC        _sys_write_vp
  C:A23AH         PUBLIC        _PinOutput
  D:00C9H         PUBLIC        MUX_SEL
  X:C0CAH         PUBLIC        xdistance
  D:00A9H         PUBLIC        IP0
  X:C0CCH         PUBLIC        ydistance
  D:00B9H         PUBLIC        IP1
  C:B1CAH         PUBLIC        ClearRAM
  X:C0CEH         PUBLIC        PosXChangeSpeed
  D:00FDH         PUBLIC        DATA0
  X:C0D0H         PUBLIC        PosYChangeSpeed
  D:00FCH         PUBLIC        DATA1
  D:00FBH         PUBLIC        DATA2
  D:00FAH         PUBLIC        DATA3
  C:AF75H         PUBLIC        _delay_ms
  B:00F8H.6       PUBLIC        APP_EN
  B:00D0H.3       PUBLIC        RS0
  B:00D0H.4       PUBLIC        RS1
  D:0093H         PUBLIC        DPC
  C:B2D7H         PUBLIC        _delay_us
  C:B2B3H         PUBLIC        ResetT5L
  C:93DEH         PUBLIC        NorFlash_Action
  D:00C8H         PUBLIC        T2CON
  D:008EH         PUBLIC        CKCON
  C:7E26H         PUBLIC        _GetTouchAnction
  C:8207H         PUBLIC        _read_dgus_vp
  C:AB17H         PUBLIC        _TouchSwitch
  -------         PROC          L?0219
  -------         ENDPROC       L?0219
  -------         PROC          _READ_DGUS_VP
  X:C13CH         SYMBOL        addr
  X:C13EH         SYMBOL        buf
  X:C141H         SYMBOL        len
  -------         DO            
  X:C143H         SYMBOL        OS_addr
  X:C145H         SYMBOL        OS_addr_offset
  X:C147H         SYMBOL        OS_len
  X:C149H         SYMBOL        OS_len_offset
  X:C14BH         SYMBOL        LenLimit
  -------         ENDDO         
  C:8207H         LINE#         39
  C:8218H         LINE#         40
  C:8218H         LINE#         41
  C:821FH         LINE#         42
  C:8223H         LINE#         43
  C:822BH         LINE#         46
  C:8239H         LINE#         48
  C:8251H         LINE#         49
  C:826CH         LINE#         50
  C:826CH         LINE#         51
  C:827DH         LINE#         52
  C:827DH         LINE#         53
  C:8293H         LINE#         54
BL51 BANKED LINKER/LOCATER V6.22.2.0                                                  12/22/2022  15:38:00  PAGE 14


  C:829DH         LINE#         56
  C:829FH         LINE#         58
  C:82A2H         LINE#         59
  C:82ADH         LINE#         60
  C:82AFH         LINE#         61
  C:82B2H         LINE#         62
  C:82B5H         LINE#         63
  C:82B8H         LINE#         65
  C:82C2H         LINE#         66
  C:82C2H         LINE#         67
  C:82C4H         LINE#         68
  C:82C7H         LINE#         70
  C:82DCH         LINE#         71
  C:82F1H         LINE#         72
  C:82FFH         LINE#         73
  C:82FFH         LINE#         74
  C:8315H         LINE#         75
  C:831FH         LINE#         76
  C:832DH         LINE#         77
  C:832DH         LINE#         78
  C:832FH         LINE#         79
  C:8332H         LINE#         81
  C:8347H         LINE#         82
  C:835CH         LINE#         83
  C:8371H         LINE#         84
  C:8386H         LINE#         85
  C:8388H         LINE#         86
  C:8392H         LINE#         87
  C:8392H         LINE#         88
  C:8394H         LINE#         89
  C:8397H         LINE#         91
  C:83ACH         LINE#         92
  C:83C1H         LINE#         93
  C:83C1H         LINE#         94
  C:83C4H         LINE#         96
  C:83C6H         LINE#         98
  -------         ENDPROC       _READ_DGUS_VP
  -------         PROC          _WRITE_DGUS_VP
  X:C13CH         SYMBOL        addr
  X:C13EH         SYMBOL        buf
  X:C141H         SYMBOL        len
  -------         DO            
  D:0004H         SYMBOL        OS_addr
  X:C143H         SYMBOL        OS_addr_offset
  X:C145H         SYMBOL        OS_len
  X:C147H         SYMBOL        OS_len_offset
  D:0006H         SYMBOL        LenLimit
  -------         ENDDO         
  C:8718H         LINE#         167
  C:8729H         LINE#         168
  C:8729H         LINE#         169
  C:872AH         LINE#         170
  C:8730H         LINE#         171
  C:8738H         LINE#         174
  C:8745H         LINE#         176
  C:8754H         LINE#         177
  C:8761H         LINE#         178
BL51 BANKED LINKER/LOCATER V6.22.2.0                                                  12/22/2022  15:38:00  PAGE 15


  C:8761H         LINE#         179
  C:8766H         LINE#         180
  C:8766H         LINE#         181
  C:8775H         LINE#         182
  C:8781H         LINE#         184
  C:8783H         LINE#         186
  C:8786H         LINE#         187
  C:8789H         LINE#         188
  C:878DH         LINE#         189
  C:8790H         LINE#         190
  C:8793H         LINE#         191
  C:8796H         LINE#         193
  C:87A0H         LINE#         194
  C:87A0H         LINE#         195
  C:87B5H         LINE#         196
  C:87CAH         LINE#         197
  C:87CCH         LINE#         198
  C:87CFH         LINE#         200
  C:87DDH         LINE#         201
  C:87DDH         LINE#         202
  C:87F3H         LINE#         203
  C:87FDH         LINE#         204
  C:8800H         LINE#         205
  C:880EH         LINE#         206
  C:880EH         LINE#         207
  C:8823H         LINE#         208
  C:8838H         LINE#         209
  C:884DH         LINE#         210
  C:8862H         LINE#         211
  C:8864H         LINE#         212
  C:8869H         LINE#         214
  C:8869H         LINE#         215
  C:8873H         LINE#         216
  C:8873H         LINE#         217
  C:8876H         LINE#         218
  C:888BH         LINE#         219
  C:88A0H         LINE#         220
  C:88A2H         LINE#         221
  C:88A5H         LINE#         223
  C:88A5H         LINE#         224
  C:88A8H         LINE#         226
  C:88AAH         LINE#         228
  -------         ENDPROC       _WRITE_DGUS_VP
  -------         PROC          INIT_CPU
  C:B1A1H         LINE#         312
  C:B1A1H         LINE#         313
  C:B1A1H         LINE#         314
  C:B1A3H         LINE#         315
  C:B1A5H         LINE#         316
  C:B1A7H         LINE#         318
  C:B1AAH         LINE#         319
  C:B1ADH         LINE#         320
  C:B1AFH         LINE#         321
  C:B1B2H         LINE#         322
  C:B1B5H         LINE#         323
  C:B1B8H         LINE#         324
  C:B1BAH         LINE#         325
BL51 BANKED LINKER/LOCATER V6.22.2.0                                                  12/22/2022  15:38:00  PAGE 16


  C:B1BDH         LINE#         326
  C:B1BFH         LINE#         327
  C:B1C1H         LINE#         328
  C:B1C3H         LINE#         329
  C:B1C5H         LINE#         330
  C:B1C7H         LINE#         334
  -------         ENDPROC       INIT_CPU
  -------         PROC          CLEARRAM
  -------         DO            
  D:0006H         SYMBOL        ptr
  D:001CH         SYMBOL        i
  -------         ENDDO         
  C:B1CAH         LINE#         337
  C:B1CAH         LINE#         338
  C:B1CAH         LINE#         342
  C:B1CEH         LINE#         344
  C:B1D3H         LINE#         345
  C:B1F1H         LINE#         346
  -------         ENDPROC       CLEARRAM
  -------         PROC          RESETT5L
  -------         DO            
  X:C1EFH         SYMBOL        tmp
  -------         ENDDO         
  C:B2B3H         LINE#         348
  C:B2B3H         LINE#         349
  C:B2B3H         LINE#         352
  C:B2BDH         LINE#         353
  -------         ENDPROC       RESETT5L
  C:B2D3H         SYMBOL        L?0221
  -------         PROC          L?0220
  -------         ENDPROC       L?0220
  C:B2D3H         SYMBOL        L?0221
  -------         PROC          _DELAY_US
  D:0006H         SYMBOL        t
  -------         DO            
  D:0005H         SYMBOL        i
  -------         ENDDO         
  C:B2D7H         LINE#         356
  C:B2D7H         LINE#         357
  C:B2D7H         LINE#         360
  C:B2DBH         LINE#         361
  C:B2DBH         LINE#         362
  C:B2E7H         LINE#         363
  C:B2E7H         LINE#         364
  C:B2E7H         LINE#         365
  C:B2EAH         LINE#         366
  C:B2EFH         LINE#         367
  C:B2F1H         LINE#         368
  -------         ENDPROC       _DELAY_US
  -------         PROC          _TOUCHSWITCH
  D:0006H         SYMBOL        PageID
  D:0005H         SYMBOL        TouchType
  D:0003H         SYMBOL        TouchID
  X:C199H         SYMBOL        Status
  -------         DO            
  X:C19AH         SYMBOL        k_data
  -------         ENDDO         
BL51 BANKED LINKER/LOCATER V6.22.2.0                                                  12/22/2022  15:38:00  PAGE 17


  C:AB17H         LINE#         370
  C:AB17H         LINE#         371
  C:AB17H         LINE#         374
  C:AB21H         LINE#         375
  C:AB27H         LINE#         376
  C:AB2AH         LINE#         377
  C:AB2DH         LINE#         378
  C:AB33H         LINE#         379
  C:AB3DH         LINE#         381
  C:AB44H         LINE#         382
  C:AB5AH         LINE#         384
  C:AB5AH         LINE#         385
  C:AB5DH         LINE#         386
  C:AB72H         LINE#         387
  C:AB78H         LINE#         388
  -------         ENDPROC       _TOUCHSWITCH
  -------         PROC          _MUSICPLAY
  X:C1DBH         SYMBOL        MusicId
  -------         DO            
  X:C1DCH         SYMBOL        k_data
  -------         ENDDO         
  C:B090H         LINE#         390
  C:B095H         LINE#         391
  C:B095H         LINE#         394
  C:B0ABH         LINE#         395
  C:B0B1H         LINE#         396
  C:B0B5H         LINE#         397
  C:B0BAH         LINE#         398
  -------         ENDPROC       _MUSICPLAY
  -------         PROC          NORFLASH_ACTION
  -------         DO            
  X:C1C3H         SYMBOL        buf
  -------         ENDDO         
  C:93DEH         LINE#         439
  C:93DEH         LINE#         440
  C:93DEH         LINE#         443
  C:93E7H         LINE#         444
  C:93FFH         LINE#         445
  C:9417H         LINE#         446
  C:9422H         LINE#         447
  C:942FH         LINE#         448
  C:9432H         LINE#         449
  C:943FH         LINE#         450
  C:9442H         LINE#         451
  C:9447H         LINE#         452
  C:9447H         LINE#         453
  C:9455H         LINE#         454
  C:946FH         LINE#         455
  C:946FH         LINE#         456
  C:9485H         LINE#         458
  C:9485H         LINE#         459
  C:9488H         LINE#         460
  C:949DH         LINE#         461
  C:94A3H         LINE#         462
  C:94ABH         LINE#         463
  C:94ABH         LINE#         464
  C:94B9H         LINE#         465
BL51 BANKED LINKER/LOCATER V6.22.2.0                                                  12/22/2022  15:38:00  PAGE 18


  C:94CDH         LINE#         466
  C:94CDH         LINE#         467
  -------         ENDPROC       NORFLASH_ACTION
  -------         PROC          SPIFLASH_ACTION
  -------         DO            
  X:C1A2H         SYMBOL        buf
  -------         ENDDO         
  C:8F83H         LINE#         470
  C:8F83H         LINE#         471
  C:8F83H         LINE#         474
  C:8F89H         LINE#         475
  C:8F91H         LINE#         476
  C:8F98H         LINE#         477
  C:8F98H         LINE#         478
  C:8FA1H         LINE#         479
  C:8FB9H         LINE#         480
  C:8FD1H         LINE#         481
  C:8FDCH         LINE#         482
  C:8FE9H         LINE#         483
  C:8FECH         LINE#         484
  C:8FF9H         LINE#         485
  C:8FFCH         LINE#         486
  C:8FFDH         LINE#         487
  C:8FFDH         LINE#         488
  C:8FFFH         LINE#         489
  C:9005H         LINE#         490
  C:9005H         LINE#         491
  C:9012H         LINE#         492
  C:9015H         LINE#         493
  C:9022H         LINE#         494
  C:9025H         LINE#         495
  C:9032H         LINE#         496
  C:9035H         LINE#         497
  C:9038H         LINE#         498
  C:903AH         LINE#         499
  C:903CH         LINE#         500
  C:903EH         LINE#         501
  C:903EH         LINE#         502
  C:9054H         LINE#         504
  C:9054H         LINE#         505
  C:9057H         LINE#         506
  C:906CH         LINE#         507
  C:9072H         LINE#         508
  C:907AH         LINE#         509
  C:907AH         LINE#         510
  C:9088H         LINE#         511
  C:909CH         LINE#         512
  C:909CH         LINE#         513
  -------         ENDPROC       SPIFLASH_ACTION
  -------         PROC          GETPAGEID
  -------         DO            
  X:C1FAH         SYMBOL        nPage
  -------         ENDDO         
  C:B2F2H         LINE#         517
  C:B2F2H         LINE#         518
  C:B2F2H         LINE#         521
  C:B307H         LINE#         522
BL51 BANKED LINKER/LOCATER V6.22.2.0                                                  12/22/2022  15:38:00  PAGE 19


  C:B30FH         LINE#         523
  -------         ENDPROC       GETPAGEID
  -------         PROC          _PAGE_CHANGE
  X:C136H         SYMBOL        PageID
  -------         DO            
  X:C138H         SYMBOL        buf
  -------         ENDDO         
  C:A606H         LINE#         525
  C:A60EH         LINE#         526
  C:A60EH         LINE#         529
  C:A612H         LINE#         530
  C:A616H         LINE#         531
  C:A623H         LINE#         532
  C:A626H         LINE#         533
  C:A63CH         LINE#         535
  C:A63CH         LINE#         536
  C:A63FH         LINE#         537
  C:A655H         LINE#         538
  C:A667H         LINE#         539
  C:A66CH         LINE#         540
  C:A66EH         LINE#         541
  C:A670H         LINE#         542
  C:A672H         LINE#         543
  -------         ENDPROC       _PAGE_CHANGE
  -------         PROC          _DELAY_MS
  X:C144H         SYMBOL        t
  -------         DO            
  X:C146H         SYMBOL        i
  D:0002H         SYMBOL        j
  -------         ENDDO         
  C:AF75H         LINE#         546
  C:AF7DH         LINE#         547
  C:AF7DH         LINE#         549
  C:AF97H         LINE#         550
  C:AF97H         LINE#         551
  C:AF9AH         LINE#         552
  C:AFACH         LINE#         553
  C:AFBCH         LINE#         554
  -------         ENDPROC       _DELAY_MS
  -------         PROC          _SETPINOUT
  D:0007H         SYMBOL        Port
  D:0005H         SYMBOL        Pin
  C:AFBDH         LINE#         556
  C:AFBDH         LINE#         557
  C:AFBDH         LINE#         558
  C:AFCBH         LINE#         559
  C:AFCBH         LINE#         560
  C:AFCBH         LINE#         561
  C:AFD8H         LINE#         562
  C:AFD9H         LINE#         563
  C:AFD9H         LINE#         564
  C:AFE6H         LINE#         565
  C:AFE7H         LINE#         566
  C:AFE7H         LINE#         567
  C:AFF4H         LINE#         568
  C:AFF5H         LINE#         569
  C:AFF5H         LINE#         570
BL51 BANKED LINKER/LOCATER V6.22.2.0                                                  12/22/2022  15:38:00  PAGE 20


  C:B004H         LINE#         571
  C:B004H         LINE#         572
  C:B004H         LINE#         573
  C:B004H         LINE#         574
  C:B004H         LINE#         575
  -------         ENDPROC       _SETPINOUT
  -------         PROC          _SETPININ
  D:0007H         SYMBOL        Port
  D:0005H         SYMBOL        Pin
  C:AEE0H         LINE#         577
  C:AEE0H         LINE#         578
  C:AEE0H         LINE#         579
  C:AEEEH         LINE#         580
  C:AEEEH         LINE#         581
  C:AEEEH         LINE#         582
  C:AEFCH         LINE#         583
  C:AEFDH         LINE#         584
  C:AEFDH         LINE#         585
  C:AF0BH         LINE#         586
  C:AF0CH         LINE#         587
  C:AF0CH         LINE#         588
  C:AF1AH         LINE#         589
  C:AF1BH         LINE#         590
  C:AF1BH         LINE#         591
  C:AF2BH         LINE#         592
  C:AF2BH         LINE#         593
  C:AF2BH         LINE#         594
  C:AF2BH         LINE#         595
  C:AF2BH         LINE#         596
  -------         ENDPROC       _SETPININ
  -------         PROC          _PINOUTPUT
  D:0007H         SYMBOL        Port
  D:0005H         SYMBOL        Pin
  D:0003H         SYMBOL        value
  C:A23AH         LINE#         598
  C:A23AH         LINE#         599
  C:A23AH         LINE#         600
  C:A24BH         LINE#         601
  C:A24BH         LINE#         602
  C:A24BH         LINE#         603
  C:A24EH         LINE#         604
  C:A25CH         LINE#         606
  C:A26AH         LINE#         607
  C:A26BH         LINE#         608
  C:A26BH         LINE#         609
  C:A26EH         LINE#         610
  C:A27CH         LINE#         612
  C:A28AH         LINE#         613
  C:A28BH         LINE#         614
  C:A28BH         LINE#         615
  C:A28EH         LINE#         616
  C:A29CH         LINE#         618
  C:A2AAH         LINE#         619
  C:A2ABH         LINE#         620
  C:A2ABH         LINE#         621
  C:A2AEH         LINE#         622
  C:A2BCH         LINE#         624
BL51 BANKED LINKER/LOCATER V6.22.2.0                                                  12/22/2022  15:38:00  PAGE 21


  C:A2CCH         LINE#         625
  C:A2CCH         LINE#         626
  C:A2CCH         LINE#         627
  C:A2CCH         LINE#         628
  C:A2CCH         LINE#         629
  -------         ENDPROC       _PINOUTPUT
  -------         PROC          _GETPININ
  D:0007H         SYMBOL        Port
  D:0005H         SYMBOL        Pin
  -------         DO            
  D:0006H         SYMBOL        value
  -------         ENDDO         
  C:AD4DH         LINE#         631
  C:AD4DH         LINE#         632
  C:AD4DH         LINE#         634
  C:AD5BH         LINE#         635
  C:AD5BH         LINE#         636
  C:AD5BH         LINE#         637
  C:AD69H         LINE#         638
  C:AD6BH         LINE#         639
  C:AD6BH         LINE#         640
  C:AD79H         LINE#         641
  C:AD7BH         LINE#         642
  C:AD7BH         LINE#         643
  C:AD89H         LINE#         644
  C:AD8BH         LINE#         645
  C:AD8BH         LINE#         646
  C:AD9BH         LINE#         647
  C:AD9DH         LINE#         648
  C:AD9DH         LINE#         649
  C:AD9FH         LINE#         650
  C:AD9FH         LINE#         651
  C:AD9FH         LINE#         652
  C:ADA1H         LINE#         653
  -------         ENDPROC       _GETPININ
  -------         PROC          GETTOUCHSTATUS
  -------         DO            
  X:C1CBH         SYMBOL        k_data
  -------         ENDDO         
  C:9969H         LINE#         655
  C:9969H         LINE#         656
  C:9969H         LINE#         659
  C:997FH         LINE#         660
  C:998AH         LINE#         661
  C:998AH         LINE#         662
  C:9993H         LINE#         663
  C:9993H         LINE#         664
  C:99A9H         LINE#         665
  C:99C1H         LINE#         666
  C:99C5H         LINE#         667
  C:99C7H         LINE#         668
  C:99CDH         LINE#         669
  C:99CDH         LINE#         670
  C:99DCH         LINE#         671
  C:99EBH         LINE#         672
  C:99F1H         LINE#         673
  C:99F3H         LINE#         675
BL51 BANKED LINKER/LOCATER V6.22.2.0                                                  12/22/2022  15:38:00  PAGE 22


  C:99F3H         LINE#         676
  C:99F9H         LINE#         677
  C:99F9H         LINE#         678
  C:9A08H         LINE#         679
  C:9A17H         LINE#         680
  C:9A1CH         LINE#         681
  C:9A31H         LINE#         682
  C:9A33H         LINE#         683
  C:9A33H         LINE#         685
  C:9A33H         LINE#         686
  C:9A3FH         LINE#         687
  C:9A3FH         LINE#         688
  C:9A44H         LINE#         689
  C:9A44H         LINE#         690
  C:9A49H         LINE#         691
  C:9A49H         LINE#         692
  -------         ENDPROC       GETTOUCHSTATUS
  -------         PROC          _GETTOUCHANCTION
  X:C1AEH         SYMBOL        PageID
  -------         DO            
  X:C1B0H         SYMBOL        status
  X:C1B1H         SYMBOL        x2distance
  X:C1B5H         SYMBOL        y2distance
  -------         ENDDO         
  C:7E26H         LINE#         694
  C:7E2EH         LINE#         695
  C:7E2EH         LINE#         699
  C:7E36H         LINE#         700
  C:7E3AH         LINE#         701
  C:7E3AH         LINE#         702
  C:7E3EH         LINE#         703
  C:7E40H         LINE#         704
  C:7E40H         LINE#         705
  C:7E46H         LINE#         706
  C:7E46H         LINE#         707
  C:7E5AH         LINE#         708
  C:7E60H         LINE#         709
  C:7E62H         LINE#         710
  C:7E62H         LINE#         712
  C:7E62H         LINE#         713
  C:7E76H         LINE#         714
  C:7E76H         LINE#         715
  C:7E79H         LINE#         716
  C:7E79H         LINE#         717
  C:7E94H         LINE#         718
  C:7EAEH         LINE#         719
  C:7EC9H         LINE#         720
  C:7EE3H         LINE#         721
  C:7EEBH         LINE#         722
  C:7EEBH         LINE#         723
  C:7EF3H         LINE#         724
  C:7EF3H         LINE#         725
  C:7F26H         LINE#         726
  C:7F26H         LINE#         727
  C:7F54H         LINE#         728
  C:7F54H         LINE#         729
  C:7F57H         LINE#         730
BL51 BANKED LINKER/LOCATER V6.22.2.0                                                  12/22/2022  15:38:00  PAGE 23


  C:7F59H         LINE#         731
  C:7F59H         LINE#         733
  C:7F59H         LINE#         734
  C:7F5CH         LINE#         735
  C:7F5EH         LINE#         736
  C:7F5EH         LINE#         737
  C:7F5EH         LINE#         738
  C:7F5EH         LINE#         739
  C:7F64H         LINE#         740
  C:7F64H         LINE#         742
  C:7F64H         LINE#         743
  C:7F6CH         LINE#         744
  C:7F6CH         LINE#         745
  C:7F9FH         LINE#         746
  C:7F9FH         LINE#         747
  C:7FCDH         LINE#         748
  C:7FCDH         LINE#         749
  C:7FD0H         LINE#         750
  C:7FD2H         LINE#         752
  C:7FD2H         LINE#         753
  C:7FD5H         LINE#         754
  C:7FD5H         LINE#         755
  C:7FD7H         LINE#         757
  C:7FD7H         LINE#         758
  C:7FDAH         LINE#         759
  C:7FDAH         LINE#         760
  C:7FDAH         LINE#         761
  C:7FE2H         LINE#         762
  C:7FE2H         LINE#         763
  C:7FFDH         LINE#         764
  C:8000H         LINE#         765
  C:8000H         LINE#         767
  C:8000H         LINE#         768
  C:801BH         LINE#         769
  C:801DH         LINE#         770
  C:801DH         LINE#         771
  C:801DH         LINE#         772
  C:801DH         LINE#         773
  -------         ENDPROC       _GETTOUCHANCTION
  -------         PROC          _SYS_READ_VP
  D:0004H         SYMBOL        addr
  X:C11AH         SYMBOL        buf
  X:C11DH         SYMBOL        len
  -------         DO            
  D:0003H         SYMBOL        i
  -------         ENDDO         
  C:979FH         LINE#         779
  C:97AEH         LINE#         780
  C:97AEH         LINE#         783
  C:97B2H         LINE#         784
  C:97B9H         LINE#         785
  C:97BCH         LINE#         786
  C:97BFH         LINE#         787
  C:97C3H         LINE#         788
  C:97C6H         LINE#         789
  C:97C9H         LINE#         790
  C:97CCH         LINE#         792
BL51 BANKED LINKER/LOCATER V6.22.2.0                                                  12/22/2022  15:38:00  PAGE 24


  C:97DEH         LINE#         793
  C:97DEH         LINE#         794
  C:97E0H         LINE#         795
  C:97E3H         LINE#         797
  C:97F5H         LINE#         798
  C:97F5H         LINE#         799
  C:980AH         LINE#         800
  C:981FH         LINE#         801
  C:9821H         LINE#         802
  C:982FH         LINE#         803
  C:982FH         LINE#         804
  C:9843H         LINE#         805
  C:9843H         LINE#         806
  C:9858H         LINE#         807
  C:986DH         LINE#         808
  C:986FH         LINE#         809
  C:987DH         LINE#         810
  C:987DH         LINE#         811
  C:9880H         LINE#         812
  C:9883H         LINE#         813
  -------         ENDPROC       _SYS_READ_VP
  -------         PROC          _SYS_WRITE_VP
  D:0004H         SYMBOL        addr
  X:C138H         SYMBOL        buf
  X:C13BH         SYMBOL        len
  -------         DO            
  D:0003H         SYMBOL        i
  -------         ENDDO         
  C:8E57H         LINE#         819
  C:8E66H         LINE#         820
  C:8E66H         LINE#         823
  C:8E6AH         LINE#         824
  C:8E71H         LINE#         825
  C:8E74H         LINE#         826
  C:8E77H         LINE#         827
  C:8E7BH         LINE#         828
  C:8E7EH         LINE#         829
  C:8E81H         LINE#         830
  C:8E84H         LINE#         832
  C:8E96H         LINE#         833
  C:8E96H         LINE#         834
  C:8E99H         LINE#         835
  C:8EAEH         LINE#         836
  C:8EC3H         LINE#         837
  C:8EC5H         LINE#         838
  C:8ED3H         LINE#         839
  C:8ED3H         LINE#         840
  C:8ED6H         LINE#         841
  C:8EE6H         LINE#         842
  C:8EE6H         LINE#         843
  C:8EFBH         LINE#         844
  C:8F10H         LINE#         845
  C:8F25H         LINE#         846
  C:8F3AH         LINE#         847
  C:8F3CH         LINE#         848
  C:8F4AH         LINE#         849
  C:8F4CH         LINE#         850
BL51 BANKED LINKER/LOCATER V6.22.2.0                                                  12/22/2022  15:38:00  PAGE 25


  C:8F50H         LINE#         851
  C:8F50H         LINE#         852
  C:8F53H         LINE#         853
  C:8F68H         LINE#         854
  C:8F7DH         LINE#         855
  C:8F7FH         LINE#         856
  C:8F7FH         LINE#         857
  C:8F82H         LINE#         858
  -------         ENDPROC       _SYS_WRITE_VP
  -------         ENDMOD        SYS

  -------         MODULE        TIMER
  C:0000H         SYMBOL        _ICE_DUMMY_
  B:00A8H.7       PUBLIC        EA
  C:B37CH         PUBLIC        _KillTimer
  D:0008H         PUBLIC        TimerTime
  C:B291H         PUBLIC        _StartTimer
  X:C0D2H         PUBLIC        PWMPort
  X:C0DAH         PUBLIC        PWMPin
  X:C0E2H         PUBLIC        PWMLow
  D:0089H         PUBLIC        TMOD
  X:C0F2H         PUBLIC        EnablePWM
  C:A687H         PUBLIC        T0_ISR_PC
  D:0018H         PUBLIC        OutTimeFlag
  B:00A8H.1       PUBLIC        ET0
  B:00C0H.6       PUBLIC        TF2
  D:008CH         PUBLIC        TH0
  D:0019H         PUBLIC        SysTick
  D:001AH         PUBLIC        EnableTimer
  D:008AH         PUBLIC        TL0
  B:0088H.4       PUBLIC        TR0
  C:B3FFH         PUBLIC        timer2_Isr
  C:B3A6H         PUBLIC        _GetTimeOutFlag
  X:C0F3H         PUBLIC        PWMTicks
  C:B310H         PUBLIC        T0_Init
  X:C103H         PUBLIC        PWMTotal
  -------         PROC          T0_INIT
  C:B310H         LINE#         46
  C:B310H         LINE#         47
  C:B310H         LINE#         48
  C:B313H         LINE#         50
  C:B316H         LINE#         51
  C:B318H         LINE#         52
  C:B31AH         LINE#         54
  C:B31CH         LINE#         55
  C:B31EH         LINE#         57
  C:B321H         LINE#         58
  C:B324H         LINE#         59
  C:B327H         LINE#         60
  C:B329H         LINE#         62
  C:B32BH         LINE#         63
  -------         ENDPROC       T0_INIT
  -------         PROC          T0_ISR_PC
  -------         DO            
  D:001BH         SYMBOL        i
  -------         ENDDO         
  C:A687H         LINE#         74
BL51 BANKED LINKER/LOCATER V6.22.2.0                                                  12/22/2022  15:38:00  PAGE 26


  C:A694H         LINE#         78
  C:A696H         LINE#         79
  C:A699H         LINE#         80
  C:A69CH         LINE#         81
  C:A69EH         LINE#         82
  C:A6A6H         LINE#         83
  C:A6B4H         LINE#         84
  C:A6B4H         LINE#         85
  C:A6CAH         LINE#         86
  C:A6CAH         LINE#         87
  C:A6D8H         LINE#         88
  C:A6E6H         LINE#         89
  C:A6E6H         LINE#         90
  C:A6F4H         LINE#         91
  C:A6F7H         LINE#         92
  C:A6F7H         LINE#         93
  C:A6F7H         LINE#         94
  C:A6FBH         LINE#         95
  C:A6FDH         LINE#         96
  -------         ENDPROC       T0_ISR_PC
  -------         PROC          TIMER2_ISR
  C:B3FFH         LINE#         98
  C:B3FFH         LINE#         100
  C:B401H         LINE#         101
  C:B403H         LINE#         102
  C:B405H         LINE#         103
  -------         ENDPROC       TIMER2_ISR
  -------         PROC          _STARTTIMER
  D:0007H         SYMBOL        ID
  D:0004H         SYMBOL        nTime
  C:B291H         LINE#         117
  C:B291H         LINE#         118
  C:B291H         LINE#         119
  C:B293H         LINE#         120
  C:B2A1H         LINE#         121
  C:B2ACH         LINE#         122
  C:B2B0H         LINE#         123
  C:B2B2H         LINE#         124
  -------         ENDPROC       _STARTTIMER
  -------         PROC          _KILLTIMER
  D:0007H         SYMBOL        ID
  C:B37CH         LINE#         136
  C:B37CH         LINE#         137
  C:B37CH         LINE#         138
  C:B37EH         LINE#         139
  C:B38CH         LINE#         140
  C:B38EH         LINE#         141
  C:B390H         LINE#         142
  -------         ENDPROC       _KILLTIMER
  -------         PROC          _GETTIMEOUTFLAG
  D:0007H         SYMBOL        ID
  -------         DO            
  D:0007H         SYMBOL        flag
  -------         ENDDO         
  C:B3A6H         LINE#         154
  C:B3A6H         LINE#         155
  C:B3A6H         LINE#         157
BL51 BANKED LINKER/LOCATER V6.22.2.0                                                  12/22/2022  15:38:00  PAGE 27


  C:B3A8H         LINE#         158
  C:B3B6H         LINE#         159
  C:B3B8H         LINE#         160
  C:B3B8H         LINE#         161
  -------         ENDPROC       _GETTIMEOUTFLAG
  -------         ENDMOD        TIMER

  -------         MODULE        UART
  C:0000H         SYMBOL        _ICE_DUMMY_
  D:0080H         PUBLIC        P0
  C:A35EH         PUBLIC        uart2_Isr
  C:A10BH         PUBLIC        uart3_Isr
  B:00A8H.7       PUBLIC        EA
  X:8000H         PUBLIC        Uart_Struct
  D:00A8H         PUBLIC        IEN0
  D:00B8H         PUBLIC        IEN1
  X:A024H         PUBLIC        RxReadPt
  D:009AH         PUBLIC        IEN2
  C:B3D5H         PUBLIC        _UART4_Sendbyte
  X:A026H         PUBLIC        RxWritePt
  D:00BAH         PUBLIC        SREL0H
  D:00BBH         PUBLIC        SREL1H
  D:00AAH         PUBLIC        SREL0L
  C:ADA2H         PUBLIC        _UartInit
  D:009DH         PUBLIC        SREL1L
  D:0097H         PUBLIC        SCON2R
  D:00D9H         PUBLIC        BODE2_DIV_H
  D:00ABH         PUBLIC        SCON3R
  D:00AEH         PUBLIC        BODE3_DIV_H
  D:0096H         PUBLIC        SCON2T
  D:00A7H         PUBLIC        SCON3T
  D:00E7H         PUBLIC        BODE2_DIV_L
  D:00AFH         PUBLIC        BODE3_DIV_L
  D:00C9H         PUBLIC        MUX_SEL
  B:00A8H.4       PUBLIC        ES0
  B:0098H.0       PUBLIC        RI0
  B:0098H.1       PUBLIC        TI0
  D:0099H         PUBLIC        SBUF0
  D:009CH         PUBLIC        SBUF1
  D:0098H         PUBLIC        SCON0
  D:009BH         PUBLIC        SCON1
  C:AE44H         PUBLIC        _UART2_Init
  D:00D8H         PUBLIC        ADCON
  C:AF2CH         PUBLIC        _UART3_Init
  C:83C7H         PUBLIC        _Uatr_Send_Data
  C:B1F2H         PUBLIC        _UART4_Init
  C:B21AH         PUBLIC        _UART5_Init
  X:A028H         PUBLIC        RxBuf
  D:009FH         PUBLIC        SBUF2_RX
  D:00ADH         PUBLIC        SBUF3_RX
  D:009EH         PUBLIC        SBUF2_TX
  D:00ACH         PUBLIC        SBUF3_TX
  C:ADF5H         PUBLIC        uart4r_Isr
  C:B005H         PUBLIC        uart5r_Isr
  C:AB79H         PUBLIC        uart4t_Isr
  C:ABD9H         PUBLIC        uart5t_Isr
  C:AC98H         PUBLIC        _UART4_Sendbyte32
BL51 BANKED LINKER/LOCATER V6.22.2.0                                                  12/22/2022  15:38:00  PAGE 28


  C:B3E1H         PUBLIC        _UART4_Sendbyte16
  -------         PROC          _UART2_INIT
  D:0004H         SYMBOL        bdt
  -------         DO            
  X:C123H         SYMBOL        tmp
  -------         ENDDO         
  C:AE44H         LINE#         41
  C:AE44H         LINE#         42
  C:AE44H         LINE#         44
  C:AE65H         LINE#         45
  C:AE68H         LINE#         46
  C:AE6FH         LINE#         47
  C:AE76H         LINE#         48
  C:AE79H         LINE#         49
  C:AE7CH         LINE#         50
  C:AE7FH         LINE#         51
  C:AE8AH         LINE#         52
  C:AE8CH         LINE#         53
  C:AE8FH         LINE#         54
  C:AE91H         LINE#         65
  -------         ENDPROC       _UART2_INIT
  -------         PROC          _UART3_INIT
  D:0004H         SYMBOL        bdt
  -------         DO            
  X:C123H         SYMBOL        tmp
  -------         ENDDO         
  C:AF2CH         LINE#         80
  C:AF2CH         LINE#         81
  C:AF2CH         LINE#         83
  C:AF4DH         LINE#         85
  C:AF50H         LINE#         87
  C:AF57H         LINE#         88
  C:AF5EH         LINE#         89
  C:AF61H         LINE#         91
  C:AF64H         LINE#         92
  C:AF6FH         LINE#         93
  C:AF71H         LINE#         94
  C:AF74H         LINE#         104
  -------         ENDPROC       _UART3_INIT
  -------         PROC          _UART4_INIT
  D:0004H         SYMBOL        bdt
  -------         DO            
  D:0004H         SYMBOL        tmp
  -------         ENDDO         
  C:B1F2H         LINE#         119
  C:B1F2H         LINE#         120
  C:B1F2H         LINE#         122
  C:B1F5H         LINE#         123
  C:B1F8H         LINE#         124
  C:B20FH         LINE#         125
  C:B212H         LINE#         126
  C:B216H         LINE#         128
  C:B219H         LINE#         138
  -------         ENDPROC       _UART4_INIT
  -------         PROC          _UART5_INIT
  D:0004H         SYMBOL        bdt
  -------         DO            
BL51 BANKED LINKER/LOCATER V6.22.2.0                                                  12/22/2022  15:38:00  PAGE 29


  D:0004H         SYMBOL        tmp
  -------         ENDDO         
  C:B21AH         LINE#         153
  C:B21AH         LINE#         154
  C:B21AH         LINE#         156
  C:B21DH         LINE#         157
  C:B220H         LINE#         159
  C:B237H         LINE#         160
  C:B23AH         LINE#         161
  C:B23EH         LINE#         163
  C:B241H         LINE#         173
  -------         ENDPROC       _UART5_INIT
  -------         PROC          _UARTINIT
  D:0007H         SYMBOL        UartPort
  X:C11FH         SYMBOL        bdt
  C:ADA2H         LINE#         175
  C:ADA2H         LINE#         176
  C:ADA2H         LINE#         177
  C:ADB0H         LINE#         178
  C:ADB0H         LINE#         179
  C:ADB0H         LINE#         180
  C:ADC1H         LINE#         181
  C:ADC1H         LINE#         182
  C:ADC1H         LINE#         183
  C:ADD2H         LINE#         184
  C:ADD2H         LINE#         185
  C:ADD2H         LINE#         186
  C:ADE3H         LINE#         187
  C:ADE3H         LINE#         188
  C:ADE3H         LINE#         189
  C:ADF4H         LINE#         190
  C:ADF4H         LINE#         191
  C:ADF4H         LINE#         192
  C:ADF4H         LINE#         193
  C:ADF4H         LINE#         194
  -------         ENDPROC       _UARTINIT
  -------         PROC          _UATR_SEND_DATA
  X:C114H         SYMBOL        str
  X:C115H         SYMBOL        len
  X:C117H         SYMBOL        buf
  -------         DO            
  X:C11AH         SYMBOL        i
  -------         ENDDO         
  C:83C7H         LINE#         206
  C:83DBH         LINE#         207
  C:83DBH         LINE#         210
  C:83DDH         LINE#         211
  C:83FAH         LINE#         212
  C:83FAH         LINE#         213
  C:8453H         LINE#         214
  C:8472H         LINE#         215
  C:848EH         LINE#         216
  C:849FH         LINE#         217
  C:84B6H         LINE#         218
  C:84B6H         LINE#         219
  C:84B6H         LINE#         220
  C:84BFH         LINE#         221
BL51 BANKED LINKER/LOCATER V6.22.2.0                                                  12/22/2022  15:38:00  PAGE 30


  C:84BFH         LINE#         225
  C:84C1H         LINE#         226
  C:84D4H         LINE#         227
  C:84E2H         LINE#         228
  C:84E5H         LINE#         229
  C:84E5H         LINE#         230
  C:84E8H         LINE#         231
  C:84E8H         LINE#         232
  C:84F1H         LINE#         233
  C:84F1H         LINE#         237
  C:84F3H         LINE#         238
  C:8506H         LINE#         239
  C:8514H         LINE#         240
  C:8517H         LINE#         241
  C:8517H         LINE#         242
  C:8519H         LINE#         243
  C:8519H         LINE#         244
  C:851FH         LINE#         245
  C:851FH         LINE#         249
  C:8521H         LINE#         250
  C:8534H         LINE#         251
  C:8542H         LINE#         252
  C:8545H         LINE#         253
  C:8545H         LINE#         254
  C:8547H         LINE#         255
  C:8547H         LINE#         256
  C:854DH         LINE#         257
  C:854DH         LINE#         261
  C:854FH         LINE#         262
  C:8562H         LINE#         263
  C:8570H         LINE#         264
  C:8577H         LINE#         265
  C:8577H         LINE#         266
  C:8577H         LINE#         267
  C:8577H         LINE#         268
  C:8577H         LINE#         269
  C:8577H         LINE#         270
  C:8579H         LINE#         271
  -------         ENDPROC       _UATR_SEND_DATA
  -------         PROC          UART2_ISR
  C:A35EH         LINE#         273
  C:A36DH         LINE#         275
  C:A36FH         LINE#         276
  C:A372H         LINE#         277
  C:A372H         LINE#         278
  C:A374H         LINE#         279
  C:A387H         LINE#         280
  C:A395H         LINE#         281
  C:A39CH         LINE#         282
  C:A39CH         LINE#         283
  C:A39FH         LINE#         284
  C:A39FH         LINE#         285
  C:A3A1H         LINE#         286
  C:A3B5H         LINE#         287
  C:A3B5H         LINE#         288
  C:A3C2H         LINE#         289
  C:A3D0H         LINE#         290
BL51 BANKED LINKER/LOCATER V6.22.2.0                                                  12/22/2022  15:38:00  PAGE 31


  C:A3D7H         LINE#         291
  C:A3D9H         LINE#         293
  C:A3D9H         LINE#         294
  C:A3DEH         LINE#         298
  C:A3DEH         LINE#         299
  C:A3DEH         LINE#         300
  C:A3E0H         LINE#         301
  -------         ENDPROC       UART2_ISR
  -------         PROC          UART4T_ISR
  C:AB79H         LINE#         303
  C:AB88H         LINE#         305
  C:AB8AH         LINE#         306
  C:AB8DH         LINE#         307
  C:ABA1H         LINE#         308
  C:ABA1H         LINE#         309
  C:ABAEH         LINE#         310
  C:ABBCH         LINE#         311
  C:ABC3H         LINE#         312
  C:ABC5H         LINE#         314
  C:ABC5H         LINE#         315
  C:ABCAH         LINE#         319
  C:ABCAH         LINE#         320
  C:ABCCH         LINE#         321
  -------         ENDPROC       UART4T_ISR
  -------         PROC          UART4R_ISR
  -------         DO            
  D:0007H         SYMBOL        res
  -------         ENDDO         
  C:ADF5H         LINE#         323
  C:AE04H         LINE#         332
  C:AE04H         LINE#         333
  C:AE06H         LINE#         334
  C:AE0EH         LINE#         335
  C:AE0EH         LINE#         336
  C:AE10H         LINE#         337
  C:AE24H         LINE#         338
  C:AE32H         LINE#         339
  C:AE32H         LINE#         340
  C:AE35H         LINE#         341
  C:AE37H         LINE#         342
  -------         ENDPROC       UART4R_ISR
  -------         PROC          _UART4_SENDBYTE
  D:0007H         SYMBOL        dat
  C:B3D5H         LINE#         344
  C:B3D5H         LINE#         345
  C:B3D5H         LINE#         346
  C:B3D7H         LINE#         347
  C:B3DDH         LINE#         349
  C:B3E0H         LINE#         350
  -------         ENDPROC       _UART4_SENDBYTE
  -------         PROC          _UART4_SENDBYTE16
  D:0006H         SYMBOL        dat
  -------         DO            
  D:0005H         SYMBOL        data_L
  D:0007H         SYMBOL        data_H
  -------         ENDDO         
  C:B3E1H         LINE#         352
BL51 BANKED LINKER/LOCATER V6.22.2.0                                                  12/22/2022  15:38:00  PAGE 32


  C:B3E1H         LINE#         353
  C:B3E1H         LINE#         355
  C:B3E3H         LINE#         356
  C:B3E5H         LINE#         357
  C:B3E8H         LINE#         358
  -------         ENDPROC       _UART4_SENDBYTE16
  -------         PROC          _UART4_SENDBYTE32
  X:C1F3H         SYMBOL        dat
  -------         DO            
  D:0001H         SYMBOL        data_8
  D:0003H         SYMBOL        data_16
  D:0002H         SYMBOL        data_24
  D:0007H         SYMBOL        data_32
  -------         ENDDO         
  C:AC98H         LINE#         361
  C:AC9EH         LINE#         362
  C:AC9EH         LINE#         364
  C:ACAEH         LINE#         365
  C:ACBCH         LINE#         366
  C:ACD1H         LINE#         367
  C:ACE4H         LINE#         368
  C:ACE7H         LINE#         369
  C:ACECH         LINE#         370
  C:ACF1H         LINE#         371
  -------         ENDPROC       _UART4_SENDBYTE32
  -------         PROC          UART5T_ISR
  C:ABD9H         LINE#         374
  C:ABE8H         LINE#         376
  C:ABEAH         LINE#         377
  C:ABEDH         LINE#         378
  C:AC01H         LINE#         379
  C:AC01H         LINE#         380
  C:AC0EH         LINE#         381
  C:AC1CH         LINE#         382
  C:AC23H         LINE#         383
  C:AC25H         LINE#         385
  C:AC25H         LINE#         386
  C:AC2AH         LINE#         390
  C:AC2AH         LINE#         391
  C:AC2CH         LINE#         392
  -------         ENDPROC       UART5T_ISR
  -------         PROC          UART5R_ISR
  C:B005H         LINE#         394
  C:B012H         LINE#         396
  C:B014H         LINE#         397
  C:B017H         LINE#         398
  C:B02AH         LINE#         399
  C:B038H         LINE#         400
  C:B03FH         LINE#         401
  C:B041H         LINE#         402
  -------         ENDPROC       UART5R_ISR
  -------         PROC          UART3_ISR
  C:A10BH         LINE#         404
  C:A11AH         LINE#         406
  C:A11CH         LINE#         407
  C:A121H         LINE#         408
  C:A121H         LINE#         409
BL51 BANKED LINKER/LOCATER V6.22.2.0                                                  12/22/2022  15:38:00  PAGE 33


  C:A124H         LINE#         410
  C:A127H         LINE#         411
  C:A13AH         LINE#         412
  C:A148H         LINE#         413
  C:A14FH         LINE#         414
  C:A14FH         LINE#         415
  C:A154H         LINE#         416
  C:A154H         LINE#         417
  C:A157H         LINE#         418
  C:A15AH         LINE#         419
  C:A16EH         LINE#         420
  C:A16EH         LINE#         421
  C:A17BH         LINE#         422
  C:A189H         LINE#         423
  C:A190H         LINE#         424
  C:A192H         LINE#         426
  C:A192H         LINE#         427
  C:A197H         LINE#         431
  C:A197H         LINE#         432
  C:A197H         LINE#         433
  C:A199H         LINE#         434
  -------         ENDPROC       UART3_ISR
  -------         ENDMOD        UART

  -------         MODULE        CANBUS
  C:0000H         SYMBOL        _ICE_DUMMY_
  D:00F1H         PUBLIC        ADR_H
  D:00F3H         PUBLIC        ADR_L
  D:00F2H         PUBLIC        ADR_M
  B:00A8H.7       PUBLIC        EA
  D:00F8H         PUBLIC        RAMMODE
  X:A228H         PUBLIC        CanData
  B:00F8H.4       PUBLIC        APP_ACK
  D:00F4H         PUBLIC        ADR_INC
  C:8BACH         PUBLIC        LoadOneFrame
  B:00B8H.1       PUBLIC        ECAN
  C:6CA4H         PUBLIC        Can_Isr
  C:B32CH         PUBLIC        CanErrorReset
  D:00C9H         PUBLIC        MUX_SEL
  D:008FH         PUBLIC        CAN_CR
  D:00FDH         PUBLIC        DATA0
  D:00FCH         PUBLIC        DATA1
  D:00E8H         PUBLIC        CAN_ET
  D:00FBH         PUBLIC        DATA2
  D:00FAH         PUBLIC        DATA3
  D:0091H         PUBLIC        CAN_IR
  B:00F8H.6       PUBLIC        APP_EN
  C:A2CDH         PUBLIC        _CanBusInit
  C:72E9H         PUBLIC        _CanTx
  -------         PROC          _CANBUSINIT
  X:C11EH         SYMBOL        RegCfg
  C:A2CDH         LINE#         26
  C:A2D8H         LINE#         27
  C:A2D8H         LINE#         28
  C:A2DFH         LINE#         29
  C:A2E6H         LINE#         30
  C:A2EFH         LINE#         31
BL51 BANKED LINKER/LOCATER V6.22.2.0                                                  12/22/2022  15:38:00  PAGE 34


  C:A2F2H         LINE#         32
  C:A2F5H         LINE#         33
  C:A2F8H         LINE#         34
  C:A2FBH         LINE#         35
  C:A2FEH         LINE#         36
  C:A301H         LINE#         37
  C:A304H         LINE#         45
  C:A314H         LINE#         46
  C:A31CH         LINE#         47
  C:A324H         LINE#         48
  C:A32CH         LINE#         50
  C:A32EH         LINE#         51
  C:A331H         LINE#         53
  C:A334H         LINE#         54
  C:A336H         LINE#         55
  C:A338H         LINE#         56
  C:A33AH         LINE#         57
  C:A33CH         LINE#         58
  C:A33FH         LINE#         60
  C:A342H         LINE#         61
  C:A345H         LINE#         62
  C:A348H         LINE#         63
  C:A34BH         LINE#         64
  C:A34DH         LINE#         65
  C:A350H         LINE#         67
  C:A353H         LINE#         68
  C:A356H         LINE#         69
  C:A35BH         LINE#         71
  C:A35DH         LINE#         72
  -------         ENDPROC       _CANBUSINIT
  -------         PROC          CANERRORRESET
  C:B32CH         LINE#         88
  C:B32CH         LINE#         89
  C:B32CH         LINE#         91
  C:B331H         LINE#         92
  C:B331H         LINE#         93
  C:B334H         LINE#         94
  C:B337H         LINE#         95
  C:B33EH         LINE#         96
  C:B341H         LINE#         97
  C:B346H         LINE#         98
  C:B346H         LINE#         100
  -------         ENDPROC       CANERRORRESET
  -------         PROC          LOADONEFRAME
  C:8BACH         LINE#         102
[...]
  C:4686H         LINE#         1156
  C:4686H         LINE#         1157
  C:468DH         LINE#         1158
  C:4695H         LINE#         1159
  C:469DH         LINE#         1160
  C:46A5H         LINE#         1161
  C:46ADH         LINE#         1162
  C:46B4H         LINE#         1163
  C:46B4H         LINE#         1164
  C:46B4H         LINE#         1165
  C:46B7H         LINE#         1166
  C:46BBH         LINE#         1167
  C:46BBH         LINE#         1168
  C:46C8H         LINE#         1169
  C:46C8H         LINE#         1170
  C:46CFH         LINE#         1171
  C:46D7H         LINE#         1172
  C:46DFH         LINE#         1173
  C:46E7H         LINE#         1174
  C:46EEH         LINE#         1175
  C:46EEH         LINE#         1176
  C:46EEH         LINE#         1177
  C:46F0H         LINE#         1179
  C:46F0H         LINE#         1180
  C:46F7H         LINE#         1181
  C:46FFH         LINE#         1182
  C:4707H         LINE#         1183
  C:470FH         LINE#         1184
  C:4717H         LINE#         1185
  C:471CH         LINE#         1186
  C:471CH         LINE#         1187
  C:471CH         LINE#         1188
  C:471FH         LINE#         1189
  C:4723H         LINE#         1190
  C:4723H         LINE#         1191
  C:4730H         LINE#         1192
  C:4730H         LINE#         1193
  C:4737H         LINE#         1194
  C:473FH         LINE#         1195
  C:4747H         LINE#         1196
  C:474FH         LINE#         1197
  C:4754H         LINE#         1198
BL51 BANKED LINKER/LOCATER V6.22.2.0                                                  12/22/2022  15:38:00  PAGE 124


  C:4754H         LINE#         1199
  C:4754H         LINE#         1200
  C:4756H         LINE#         1202
  C:4756H         LINE#         1203
  C:475DH         LINE#         1204
  C:4764H         LINE#         1205
  C:476CH         LINE#         1206
  C:4774H         LINE#         1207
  C:477CH         LINE#         1208
  C:4781H         LINE#         1209
  C:4781H         LINE#         1210
  C:4781H         LINE#         1211
  C:4784H         LINE#         1212
  C:4788H         LINE#         1213
  C:4788H         LINE#         1214
  C:4795H         LINE#         1215
  C:4795H         LINE#         1216
  C:479CH         LINE#         1217
  C:47A4H         LINE#         1218
  C:47ACH         LINE#         1219
  C:47B4H         LINE#         1220
  C:47B9H         LINE#         1221
  C:47BCH         LINE#         1222
  C:47BCH         LINE#         1223
  C:47BEH         LINE#         1225
  C:47BEH         LINE#         1226
  C:47C5H         LINE#         1227
  C:47CDH         LINE#         1228
  C:47D5H         LINE#         1229
  C:47DDH         LINE#         1230
  C:47E5H         LINE#         1231
  C:47ECH         LINE#         1232
  C:47ECH         LINE#         1233
  C:47ECH         LINE#         1234
  C:47EFH         LINE#         1235
  C:47F3H         LINE#         1236
  C:47F3H         LINE#         1237
  C:4800H         LINE#         1238
  C:4800H         LINE#         1239
  C:4807H         LINE#         1240
  C:480FH         LINE#         1241
  C:4817H         LINE#         1242
  C:481FH         LINE#         1243
  C:4824H         LINE#         1244
  C:4824H         LINE#         1245
  C:4824H         LINE#         1246
  C:4826H         LINE#         1248
  C:4826H         LINE#         1249
  C:482DH         LINE#         1250
  C:4835H         LINE#         1251
  C:483CH         LINE#         1252
  C:4844H         LINE#         1253
  C:484CH         LINE#         1254
  C:4851H         LINE#         1255
  C:4851H         LINE#         1256
  C:4851H         LINE#         1257
  C:4854H         LINE#         1258
BL51 BANKED LINKER/LOCATER V6.22.2.0                                                  12/22/2022  15:38:00  PAGE 125


  C:4858H         LINE#         1259
  C:4858H         LINE#         1260
  C:4865H         LINE#         1261
  C:4865H         LINE#         1262
  C:486BH         LINE#         1263
  C:4873H         LINE#         1264
  C:487BH         LINE#         1265
  C:4883H         LINE#         1266
  C:4889H         LINE#         1267
  C:488DH         LINE#         1268
  C:488DH         LINE#         1269
  C:488FH         LINE#         1271
  C:488FH         LINE#         1272
  C:4895H         LINE#         1273
  C:489DH         LINE#         1274
  C:48A5H         LINE#         1275
  C:48ACH         LINE#         1276
  C:48B4H         LINE#         1277
  C:48BBH         LINE#         1278
  C:48BBH         LINE#         1279
  C:48BBH         LINE#         1280
  C:48BEH         LINE#         1281
  C:48C2H         LINE#         1282
  C:48C2H         LINE#         1283
  C:48CFH         LINE#         1284
  C:48CFH         LINE#         1285
  C:48D1H         LINE#         1286
  C:48D1H         LINE#         1287
  C:48D1H         LINE#         1288
  C:48D1H         LINE#         1289
  C:48D1H         LINE#         1290
  C:48D1H         LINE#         1291
  C:48D1H         LINE#         1292
  C:48D3H         LINE#         1294
  C:48D3H         LINE#         1295
  C:48DAH         LINE#         1296
  C:48E1H         LINE#         1297
  C:48E9H         LINE#         1298
  C:48F1H         LINE#         1299
  C:48F7H         LINE#         1300
  C:48FEH         LINE#         1301
  C:48FFH         LINE#         1302
  C:48FFH         LINE#         1303
  C:4901H         LINE#         1304
  C:4905H         LINE#         1305
  C:4905H         LINE#         1306
  C:4912H         LINE#         1307
  C:4912H         LINE#         1308
  C:4918H         LINE#         1309
  C:4918H         LINE#         1310
  C:4918H         LINE#         1311
  C:4918H         LINE#         1312
  C:4918H         LINE#         1313
  C:4918H         LINE#         1314
  C:4918H         LINE#         1315
  C:491AH         LINE#         1317
  C:491AH         LINE#         1318
BL51 BANKED LINKER/LOCATER V6.22.2.0                                                  12/22/2022  15:38:00  PAGE 126


  C:4921H         LINE#         1319
  C:4928H         LINE#         1320
  C:4930H         LINE#         1321
  C:4938H         LINE#         1322
  C:493EH         LINE#         1323
  C:4945H         LINE#         1324
  C:494AH         LINE#         1325
  C:494AH         LINE#         1326
  C:494CH         LINE#         1327
  C:4950H         LINE#         1328
  C:4950H         LINE#         1329
  C:495DH         LINE#         1330
  C:495DH         LINE#         1331
  C:4963H         LINE#         1332
  C:496AH         LINE#         1333
  C:4972H         LINE#         1334
  C:497AH         LINE#         1335
  C:4982H         LINE#         1336
  C:498AH         LINE#         1337
  C:4992H         LINE#         1338
  C:4994H         LINE#         1340
  C:4994H         LINE#         1341
  C:499AH         LINE#         1342
  C:49A2H         LINE#         1343
  C:49A9H         LINE#         1344
  C:49B1H         LINE#         1345
  C:49B9H         LINE#         1346
  C:49BEH         LINE#         1347
  C:49C5H         LINE#         1348
  C:49C5H         LINE#         1349
  C:49C5H         LINE#         1351
  C:49DAH         LINE#         1352
  C:49EFH         LINE#         1353
  C:4A04H         LINE#         1354
  C:4A19H         LINE#         1355
  C:4A2EH         LINE#         1356
  C:4A43H         LINE#         1357
  C:4A58H         LINE#         1359
  C:4A5FH         LINE#         1360
  -------         ENDPROC       _ALM_INIT
  -------         ENDMOD        RECEIVEDATA

  -------         MODULE        VARS
  C:0000H         SYMBOL        _ICE_DUMMY_
  X:BF47H         PUBLIC        gCtrlPara
  X:C048H         PUBLIC        TP_Status_Old
  X:C050H         PUBLIC        Contorlcount
  C:7568H         PUBLIC        Vars_Initialize
  X:C052H         PUBLIC        TP_Status_New
  X:C05AH         PUBLIC        HOST_Addr
  X:C05CH         PUBLIC        gTime1
  X:C05EH         PUBLIC        gTime2
  X:C060H         PUBLIC        gTime3
  X:C062H         PUBLIC        gTime4
  X:C064H         PUBLIC        gTime5
  X:C066H         PUBLIC        gTime6
  X:C068H         PUBLIC        gTime7
BL51 BANKED LINKER/LOCATER V6.22.2.0                                                  12/22/2022  15:38:00  PAGE 127


  X:C06AH         PUBLIC        gTime8
  X:C06CH         PUBLIC        gTime9
  X:C06EH         PUBLIC        Read_StatusFlag
  X:C070H         PUBLIC        HMI_VERSION
  X:C079H         PUBLIC        gTime
  -------         PROC          VARS_INITIALIZE
  C:7568H         LINE#         25
  C:7568H         LINE#         26
  C:7568H         LINE#         28
  C:756FH         LINE#         29
  C:7575H         LINE#         30
  C:757BH         LINE#         31
  C:757FH         LINE#         33
  C:7583H         LINE#         34
  C:758AH         LINE#         35
  C:758FH         LINE#         37
  C:7595H         LINE#         38
  C:759DH         LINE#         40
  C:75A4H         LINE#         41
  C:75A8H         LINE#         43
  C:75B0H         LINE#         44
  C:75BAH         LINE#         45
  C:75C1H         LINE#         46
  C:75C5H         LINE#         48
  C:75CBH         LINE#         49
  C:75D1H         LINE#         50
  C:75D5H         LINE#         51
  C:75D9H         LINE#         52
  C:75DDH         LINE#         53
  C:75E1H         LINE#         54
  C:75E5H         LINE#         55
  C:75E9H         LINE#         56
  C:75EDH         LINE#         57
  C:75F1H         LINE#         59
  C:75F7H         LINE#         60
  C:75FBH         LINE#         62
  C:7600H         LINE#         63
  C:7602H         LINE#         64
  C:7604H         LINE#         65
  C:7606H         LINE#         66
  C:7608H         LINE#         68
  C:760AH         LINE#         70
  C:760EH         LINE#         71
  C:7612H         LINE#         72
  C:7614H         LINE#         73
  C:7618H         LINE#         74
  C:761AH         LINE#         76
  C:761FH         LINE#         77
  C:7623H         LINE#         78
  C:7627H         LINE#         79
  C:762BH         LINE#         80
  C:762FH         LINE#         81
  C:7633H         LINE#         82
  C:7637H         LINE#         84
  C:763BH         LINE#         85
  C:7641H         LINE#         87
  C:7647H         LINE#         88
BL51 BANKED LINKER/LOCATER V6.22.2.0                                                  12/22/2022  15:38:00  PAGE 128


  C:764BH         LINE#         89
  C:764FH         LINE#         91
  C:7653H         LINE#         92
  C:7657H         LINE#         93
  C:765DH         LINE#         95
  C:7663H         LINE#         96
  C:7667H         LINE#         98
  C:766BH         LINE#         99
  C:766FH         LINE#         100
  C:7673H         LINE#         101
  C:7677H         LINE#         103
  C:767BH         LINE#         104
  C:767FH         LINE#         105
  C:7683H         LINE#         106
  C:7687H         LINE#         108
  C:768BH         LINE#         110
  C:768FH         LINE#         111
  C:7693H         LINE#         112
  C:7697H         LINE#         113
  C:769BH         LINE#         115
  C:769FH         LINE#         116
  C:76A3H         LINE#         118
  C:76A9H         LINE#         119
  C:76ADH         LINE#         121
  C:76B1H         LINE#         122
  C:76B5H         LINE#         123
  C:76B9H         LINE#         124
  C:76BDH         LINE#         126
  C:76C3H         LINE#         128
  C:76C7H         LINE#         129
  C:76CBH         LINE#         130
  C:76CFH         LINE#         132
  C:76D3H         LINE#         133
  C:76D9H         LINE#         134
  C:76DFH         LINE#         135
  C:76E3H         LINE#         136
  C:76E9H         LINE#         137
  C:76EDH         LINE#         138
  C:76F1H         LINE#         139
  C:76F5H         LINE#         141
  C:76F9H         LINE#         142
  C:76FDH         LINE#         143
  C:7701H         LINE#         144
  C:7705H         LINE#         145
  C:7709H         LINE#         146
  C:770DH         LINE#         148
  C:7711H         LINE#         149
  C:7715H         LINE#         150
  C:7719H         LINE#         151
  C:771DH         LINE#         152
  C:7721H         LINE#         153
  C:7725H         LINE#         154
  C:7729H         LINE#         155
  C:772DH         LINE#         156
  C:7731H         LINE#         158
  C:7735H         LINE#         159
  C:7739H         LINE#         160
BL51 BANKED LINKER/LOCATER V6.22.2.0                                                  12/22/2022  15:38:00  PAGE 129


  C:773DH         LINE#         161
  C:7743H         LINE#         162
  C:7749H         LINE#         163
  C:7750H         LINE#         164
  C:7756H         LINE#         165
  C:775BH         LINE#         167
  C:775FH         LINE#         168
  C:7763H         LINE#         169
  C:7767H         LINE#         171
  C:776BH         LINE#         172
  C:776FH         LINE#         173
  C:7773H         LINE#         175
  C:7777H         LINE#         176
  C:777BH         LINE#         177
  C:777FH         LINE#         178
  C:7783H         LINE#         179
  C:7787H         LINE#         180
  C:778DH         LINE#         182
  C:7794H         LINE#         183
  C:779AH         LINE#         184
  C:779FH         LINE#         185
  C:77A3H         LINE#         186
  C:77A7H         LINE#         187
  C:77ABH         LINE#         188
  C:77AFH         LINE#         190
  C:77B3H         LINE#         191
  C:77B7H         LINE#         192
  C:77BBH         LINE#         193
  C:77BFH         LINE#         195
  C:77C3H         LINE#         197
  C:77C7H         LINE#         198
  C:77CAH         LINE#         200
  C:77D1H         LINE#         201
  -------         ENDPROC       VARS_INITIALIZE
  -------         ENDMOD        VARS

  -------         MODULE        ?C?COPY
  C:522AH         PUBLIC        ?C?COPY
  -------         ENDMOD        ?C?COPY

  -------         MODULE        ?C?CLDPTR
  C:5250H         PUBLIC        ?C?CLDPTR
  -------         ENDMOD        ?C?CLDPTR

  -------         MODULE        ?C?CLDOPTR
  C:5269H         PUBLIC        ?C?CLDOPTR
  -------         ENDMOD        ?C?CLDOPTR

  -------         MODULE        ?C?CSTPTR
  C:5296H         PUBLIC        ?C?CSTPTR
  -------         ENDMOD        ?C?CSTPTR

  -------         MODULE        ?C?IMUL
  C:52A8H         PUBLIC        ?C?IMUL
  -------         ENDMOD        ?C?IMUL

  -------         MODULE        ?C?UIDIV
BL51 BANKED LINKER/LOCATER V6.22.2.0                                                  12/22/2022  15:38:00  PAGE 130


  C:52BAH         PUBLIC        ?C?UIDIV
  -------         ENDMOD        ?C?UIDIV

  -------         MODULE        ?C?IILDX
  C:530FH         PUBLIC        ?C?IILDX
  -------         ENDMOD        ?C?IILDX

  -------         MODULE        ?C?ILDIX
  C:5325H         PUBLIC        ?C?ILDIX
  -------         ENDMOD        ?C?ILDIX

  -------         MODULE        ?C?ILDPTR
  C:533BH         PUBLIC        ?C?ILDPTR
  -------         ENDMOD        ?C?ILDPTR

  -------         MODULE        ?C?ILDOPTR
  C:5366H         PUBLIC        ?C?ILDOPTR
  -------         ENDMOD        ?C?ILDOPTR

  -------         MODULE        ?C?IILDPTR
  C:539EH         PUBLIC        ?C?IILDPTR
  -------         ENDMOD        ?C?IILDPTR

  -------         MODULE        ?C?ISTPTR
  C:53D6H         PUBLIC        ?C?ISTPTR
  -------         ENDMOD        ?C?ISTPTR

  -------         MODULE        ?C?LMUL
  C:53F5H         PUBLIC        ?C?LMUL
  -------         ENDMOD        ?C?LMUL

  -------         MODULE        ?C?ULDIV
  C:5480H         PUBLIC        ?C?ULDIV
  -------         ENDMOD        ?C?ULDIV

  -------         MODULE        ?C?SLDIV
  C:B04CH         PUBLIC        ?C?SLDIV
  -------         ENDMOD        ?C?SLDIV

  -------         MODULE        ?C?ULCMP
  C:5512H         PUBLIC        ?C?ULCMP
  -------         ENDMOD        ?C?ULCMP

  -------         MODULE        ?C?ULSHR
  C:5523H         PUBLIC        ?C?ULSHR
  -------         ENDMOD        ?C?ULSHR

  -------         MODULE        ?C?LSHL
  C:5536H         PUBLIC        ?C?LSHL
  -------         ENDMOD        ?C?LSHL

  -------         MODULE        ?C?LSTXDATA
  C:5549H         PUBLIC        ?C?LSTXDATA
  -------         ENDMOD        ?C?LSTXDATA

  -------         MODULE        ?C?LSTKXDATA
  C:5555H         PUBLIC        ?C?LSTKXDATA
BL51 BANKED LINKER/LOCATER V6.22.2.0                                                  12/22/2022  15:38:00  PAGE 131


  -------         ENDMOD        ?C?LSTKXDATA

  -------         MODULE        ?C?OFFXADD
  C:5586H         PUBLIC        ?C?OFFXADD
  -------         ENDMOD        ?C?OFFXADD

  -------         MODULE        ?C?PLDPTR
  C:5592H         PUBLIC        ?C?PLDPTR
  -------         ENDMOD        ?C?PLDPTR

  -------         MODULE        ?C?PLDOPTR
  C:55B2H         PUBLIC        ?C?PLDOPTR
  -------         ENDMOD        ?C?PLDOPTR

  -------         MODULE        ?C?ICALL
  C:55E2H         PUBLIC        ?C?ICALL
  C:55E6H         PUBLIC        ?C?ICALL2
  -------         ENDMOD        ?C?ICALL

  -------         MODULE        ?C?STRCMP
  C:5766H         PUBLIC        ?C?STRCMP
  -------         ENDMOD        ?C?STRCMP

  -------         MODULE        ?C?PLDIDATA
  C:5783H         PUBLIC        ?C?PLDIDATA
  -------         ENDMOD        ?C?PLDIDATA

  -------         MODULE        ?C?PLDXDATA
  C:578CH         PUBLIC        ?C?PLDXDATA
  -------         ENDMOD        ?C?PLDXDATA

  -------         MODULE        ?C?PLDPDATA
  C:5795H         PUBLIC        ?C?PLDPDATA
  -------         ENDMOD        ?C?PLDPDATA

  -------         MODULE        ?C?PLDCODE
  C:579EH         PUBLIC        ?C?PLDCODE
  -------         ENDMOD        ?C?PLDCODE

*** WARNING L16: UNCALLED SEGMENT, IGNORED FOR OVERLAY PROCESS
    SEGMENT: ?PR?RESETT5L?SYS

*** WARNING L16: UNCALLED SEGMENT, IGNORED FOR OVERLAY PROCESS
    SEGMENT: ?PR?_TOUCHSWITCH?SYS

*** WARNING L16: UNCALLED SEGMENT, IGNORED FOR OVERLAY PROCESS
    SEGMENT: ?PR?_MUSICPLAY?SYS

*** WARNING L16: UNCALLED SEGMENT, IGNORED FOR OVERLAY PROCESS
    SEGMENT: ?PR?NORFLASH_ACTION?SYS

*** WARNING L16: UNCALLED SEGMENT, IGNORED FOR OVERLAY PROCESS
    SEGMENT: ?PR?SPIFLASH_ACTION?SYS

*** WARNING L16: UNCALLED SEGMENT, IGNORED FOR OVERLAY PROCESS
    SEGMENT: ?PR?GETPAGEID?SYS

BL51 BANKED LINKER/LOCATER V6.22.2.0                                                  12/22/2022  15:38:00  PAGE 132


*** WARNING L16: UNCALLED SEGMENT, IGNORED FOR OVERLAY PROCESS
    SEGMENT: ?PR?_GETPININ?SYS

*** WARNING L16: UNCALLED SEGMENT, IGNORED FOR OVERLAY PROCESS
    SEGMENT: ?PR?_GETTOUCHANCTION?SYS

*** WARNING L16: UNCALLED SEGMENT, IGNORED FOR OVERLAY PROCESS
    SEGMENT: ?PR?_UART4_SENDBYTE32?UART

*** WARNING L16: UNCALLED SEGMENT, IGNORED FOR OVERLAY PROCESS
    SEGMENT: ?PR?CANERRORRESET?CANBUS

*** WARNING L16: UNCALLED SEGMENT, IGNORED FOR OVERLAY PROCESS
    SEGMENT: ?PR?POLLING2?UI

*** WARNING L16: UNCALLED SEGMENT, IGNORED FOR OVERLAY PROCESS
    SEGMENT: ?PR?_SSD2828_READ_MIPI?SSD2828

*** WARNING L16: UNCALLED SEGMENT, IGNORED FOR OVERLAY PROCESS
    SEGMENT: ?PR?W_WRITE?SSD2828

*** WARNING L16: UNCALLED SEGMENT, IGNORED FOR OVERLAY PROCESS
    SEGMENT: ?PR?_WRITE_RTC?RTC

*** WARNING L16: UNCALLED SEGMENT, IGNORED FOR OVERLAY PROCESS
    SEGMENT: ?PR?WRITE_WIFI_RTC?RTC

*** WARNING L16: UNCALLED SEGMENT, IGNORED FOR OVERLAY PROCESS
    SEGMENT: ?PR?RTC_READ_AND_SET?RTC

*** WARNING L16: UNCALLED SEGMENT, IGNORED FOR OVERLAY PROCESS
    SEGMENT: ?PR?_SEND_MODBUS04_10?MYMODBUS

*** WARNING L16: UNCALLED SEGMENT, IGNORED FOR OVERLAY PROCESS
    SEGMENT: ?PR?_SEND_MODBUS08_10?MYMODBUS

Program Size: data=33.2 xdata=16892 code=45940
LINK/LOCATE RUN COMPLETE.  18 WARNING(S),  0 ERROR(S)
