BL51 BANKED LINKER/LOCATER V6.22.2.0                                                    12/09/2022  13:52:00  PAGE 1


BL51 BANKED LINKER/LOCATER V6.22.2.0, INVOKED BY:
C:\KEIL_V5\C51\BIN\BL51.EXE .\Objects\STARTUP_M5.obj, .\Objects\sys.obj, .\Objects\timer.obj, .\Objects\uart.obj, .\Obje
>> cts\canbus.obj, .\Objects\main.obj, .\Objects\const.obj, .\Objects\ui.obj, .\Objects\dwin8283.obj, .\Objects\ssd2828.
>> obj, .\Objects\rtc.obj, .\Objects\MYModBus.obj, .\Objects\ReceiveData.obj, .\Objects\vars.obj TO .\Objects\T5L51 PRIN
>> T (.\Listings\T5L51.m51) RAMSIZE (256) CODE (0X0100-0XFEFF) XDATA (0X8000-0XFFFF)


MEMORY MODEL: LARGE


INPUT MODULES INCLUDED:
  .\Objects\STARTUP_M5.obj (STARTUP_M5)
  .\Objects\sys.obj (SYS)
  .\Objects\timer.obj (TIMER)
  .\Objects\uart.obj (UART)
  .\Objects\canbus.obj (CANBUS)
  .\Objects\main.obj (MAIN)
  .\Objects\const.obj (CONST)
  .\Objects\ui.obj (UI)
  .\Objects\dwin8283.obj (DWIN8283)
  .\Objects\ssd2828.obj (SSD2828)
  .\Objects\rtc.obj (RTC)
  .\Objects\MYModBus.obj (MYMODBUS)
  .\Objects\ReceiveData.obj (RECEIVEDATA)
  .\Objects\vars.obj (VARS)
  C:\KEIL_V5\C51\LIB\C51L.LIB (?C_STARTUP)
  C:\KEIL_V5\C51\LIB\C51L.LIB (?C_INIT)
  C:\KEIL_V5\C51\LIB\C51L.LIB (?C?COPY)
  C:\KEIL_V5\C51\LIB\C51L.LIB (?C?CLDPTR)
  C:\KEIL_V5\C51\LIB\C51L.LIB (?C?CLDOPTR)
  C:\KEIL_V5\C51\LIB\C51L.LIB (?C?CSTPTR)
  C:\KEIL_V5\C51\LIB\C51L.LIB (?C?IMUL)
  C:\KEIL_V5\C51\LIB\C51L.LIB (?C?UIDIV)
  C:\KEIL_V5\C51\LIB\C51L.LIB (?C?IILDX)
  C:\KEIL_V5\C51\LIB\C51L.LIB (?C?ILDIX)
  C:\KEIL_V5\C51\LIB\C51L.LIB (?C?ILDPTR)
  C:\KEIL_V5\C51\LIB\C51L.LIB (?C?ILDOPTR)
  C:\KEIL_V5\C51\LIB\C51L.LIB (?C?IILDPTR)
  C:\KEIL_V5\C51\LIB\C51L.LIB (?C?ISTPTR)
  C:\KEIL_V5\C51\LIB\C51L.LIB (?C?LMUL)
  C:\KEIL_V5\C51\LIB\C51L.LIB (?C?ULDIV)
  C:\KEIL_V5\C51\LIB\C51L.LIB (?C?SLDIV)
  C:\KEIL_V5\C51\LIB\C51L.LIB (?C?ULCMP)
  C:\KEIL_V5\C51\LIB\C51L.LIB (?C?ULSHR)
  C:\KEIL_V5\C51\LIB\C51L.LIB (?C?LSHL)
  C:\KEIL_V5\C51\LIB\C51L.LIB (?C?LSTXDATA)
  C:\KEIL_V5\C51\LIB\C51L.LIB (?C?LSTKXDATA)
  C:\KEIL_V5\C51\LIB\C51L.LIB (?C?OFFXADD)
  C:\KEIL_V5\C51\LIB\C51L.LIB (?C?PLDPTR)
  C:\KEIL_V5\C51\LIB\C51L.LIB (?C?PLDOPTR)
  C:\KEIL_V5\C51\LIB\C51L.LIB (?C?ICALL)
  C:\KEIL_V5\C51\LIB\C51L.LIB (?C?STRCMP)
  C:\KEIL_V5\C51\LIB\C51L.LIB (?C?PLDIDATA)
  C:\KEIL_V5\C51\LIB\C51L.LIB (?C?PLDXDATA)
  C:\KEIL_V5\C51\LIB\C51L.LIB (?C?PLDPDATA)
  C:\KEIL_V5\C51\LIB\C51L.LIB (?C?PLDCODE)


BL51 BANKED LINKER/LOCATER V6.22.2.0                                                  12/09/2022  13:52:00  PAGE 2


LINK MAP OF MODULE:  .\Objects\T5L51 (STARTUP_M5)


            TYPE    BASE      LENGTH    RELOCATION   SEGMENT NAME
            -----------------------------------------------------

            * * * * * * *   D A T A   M E M O R Y   * * * * * * *
            REG     0000H     0008H     ABSOLUTE     "REG BANK 0"
            DATA    0008H     0013H     UNIT         ?DT?TIMER
            DATA    001BH     0003H     UNIT         _DATA_GROUP_
            DATA    001EH     0002H     UNIT         ?DT?SYS
            BIT     0020H.0   0000H.1   UNIT         ?BI?SSD2828
            BIT     0020H.1   0000H.1   UNIT         ?BI?RTC
                    0020H.2   0000H.6                *** GAP ***
            IDATA   0021H     0001H     UNIT         ?STACK

            * * * * * * *  X D A T A   M E M O R Y  * * * * * * *
                    0000H     8000H                  *** GAP ***
            XDATA   8000H     2228H     UNIT         ?XD?UART
            XDATA   A228H     1A05H     UNIT         ?XD?CANBUS
            XDATA   BC2DH     031AH     UNIT         ?XD?DWIN8283
            XDATA   BF47H     012FH     UNIT         ?XD?VARS
            XDATA   C076H     0057H     UNIT         ?XD?SYS
            XDATA   C0CDH     0041H     UNIT         ?XD?TIMER
            XDATA   C10EH     003CH     UNIT         _XDATA_GROUP_
            XDATA   C14AH     0017H     UNIT         ?XD?MYMODBUS
            XDATA   C161H     0012H     UNIT         ?XD?_WRITE_RTC?RTC
            XDATA   C173H     000FH     UNIT         ?XD?WRITE_WIFI_RTC?RTC
            XDATA   C182H     000EH     UNIT         ?XD?_SEND_MODBUS08_10?MYMODBUS
            XDATA   C190H     000DH     UNIT         ?XD?_TOUCHSWITCH?SYS
            XDATA   C19DH     000CH     UNIT         ?XD?SPIFLASH_ACTION?SYS
            XDATA   C1A9H     000BH     UNIT         ?XD?_GETTOUCHANCTION?SYS
            XDATA   C1B4H     000AH     UNIT         ?XD?_SEND_MODBUS04_10?MYMODBUS
            XDATA   C1BEH     0008H     UNIT         ?XD?NORFLASH_ACTION?SYS
            XDATA   C1C6H     0008H     UNIT         ?XD?GETTOUCHSTATUS?SYS
            XDATA   C1CEH     0008H     UNIT         ?XD?RTC
            XDATA   C1D6H     0005H     UNIT         ?XD?_MUSICPLAY?SYS
            XDATA   C1DBH     0005H     UNIT         ?XD?_SSD2828_READREG?SSD2828
            XDATA   C1E0H     0005H     UNIT         ?XD?_SSD2828_READ_MIPI?SSD2828
            XDATA   C1E5H     0005H     UNIT         ?XD?_RTC_GET_WEEK?RTC
            XDATA   C1EAH     0004H     UNIT         ?XD?RESETT5L?SYS
            XDATA   C1EEH     0004H     UNIT         ?XD?_UART4_SENDBYTE32?UART
            XDATA   C1F2H     0003H     UNIT         ?XD?_W_COM?SSD2828
            XDATA   C1F5H     0002H     UNIT         ?XD?GETPAGEID?SYS

            * * * * * * *   C O D E   M E M O R Y   * * * * * * *
            CODE    0000H     0003H     ABSOLUTE     
                    0003H     0008H                  *** GAP ***
            CODE    000BH     0003H     ABSOLUTE     
                    000EH     0015H                  *** GAP ***
            CODE    0023H     0003H     ABSOLUTE     
                    0026H     0005H                  *** GAP ***
            CODE    002BH     0003H     ABSOLUTE     
                    002EH     001DH                  *** GAP ***
            CODE    004BH     0003H     ABSOLUTE     
                    004EH     0005H                  *** GAP ***
            CODE    0053H     0003H     ABSOLUTE     
BL51 BANKED LINKER/LOCATER V6.22.2.0                                                  12/09/2022  13:52:00  PAGE 3


                    0056H     0005H                  *** GAP ***
            CODE    005BH     0003H     ABSOLUTE     
                    005EH     0005H                  *** GAP ***
            CODE    0063H     0003H     ABSOLUTE     
                    0066H     0005H                  *** GAP ***
            CODE    006BH     0003H     ABSOLUTE     
                    006EH     0015H                  *** GAP ***
            CODE    0083H     0003H     ABSOLUTE     
                    0086H     0072H                  *** GAP ***
            CODE    00F8H     000BH     ABSOLUTE     
            CODE    0103H     1F2EH     UNIT         ?PR?RECEIVE_MODBUS?RECEIVEDATA
            CODE    2031H     0B93H     UNIT         ?PR?TOUCH_SCAN_1_2_6?UI
            CODE    2BC4H     0888H     UNIT         ?PR?FILE_CONTROL?UI
            CODE    344CH     0736H     UNIT         ?PR?_ALM_INIT?RECEIVEDATA
            CODE    3B82H     06EBH     UNIT         ?PR?W_WRITE?SSD2828
            CODE    426DH     0650H     UNIT         ?C?LIB_CODE
            CODE    48BDH     05DBH     UNIT         ?PR?C055_CODE_DOWNLOAD?SSD2828
            CODE    4E98H     05C6H     UNIT         ?PR?POLLING1_6?UI
            CODE    545EH     053CH     UNIT         ?PR?_PRO8283RXTREAT?DWIN8283
            CODE    599AH     041DH     UNIT         ?PR?COORDINATE_CONTROL?UI
            CODE    5DB7H     036DH     UNIT         ?PR?CAN_ISR?CANBUS
            CODE    6124H     02D8H     UNIT         ?PR?POLLING15_17?UI
            CODE    63FCH     027FH     UNIT         ?PR?_CANTX?CANBUS
            CODE    667BH     025CH     UNIT         ?PR?VARS_INITIALIZE?VARS
            CODE    68D7H     023DH     UNIT         ?PR?TOUCH_SCAN_10_12?UI
            CODE    6B14H     0217H     UNIT         ?PR?POLLING10_12?UI
            CODE    6D2BH     0200H     UNIT         ?CO?MYMODBUS
            CODE    6F2BH     01F8H     UNIT         ?PR?_GETTOUCHANCTION?SYS
            CODE    7123H     01DCH     UNIT         ?PR?TOUCH_SCAN_13?UI
            CODE    72FFH     01CDH     UNIT         ?PR?_READ_DGUS_VP?SYS
            CODE    74CCH     01B3H     UNIT         ?PR?_UATR_SEND_DATA?UART
            CODE    767FH     019EH     UNIT         ?PR?TOUCH_SCAN_4?UI
            CODE    781DH     0193H     UNIT         ?PR?_WRITE_DGUS_VP?SYS
            CODE    79B0H     0186H     UNIT         ?CO?SSD2828
            CODE    7B36H     017BH     UNIT         ?PR?TOUCH_SCAN_3?UI
            CODE    7CB1H     016CH     UNIT         ?PR?LOADONEFRAME?CANBUS
            CODE    7E1DH     013FH     UNIT         ?PR?PRO8283DEAL?DWIN8283
            CODE    7F5CH     012CH     UNIT         ?PR?_SYS_WRITE_VP?SYS
            CODE    8088H     0120H     UNIT         ?PR?SPIFLASH_ACTION?SYS
            CODE    81A8H     011AH     UNIT         ?PR?TOUCH_SCAN_5?UI
            CODE    82C2H     0112H     UNIT         ?PR?STA_INIT?MAIN
            CODE    83D4H     010FH     UNIT         ?PR?SSD2828_INIT?SSD2828
            CODE    84E3H     00F6H     UNIT         ?PR?NORFLASH_ACTION?SYS
            CODE    85D9H     00F6H     UNIT         ?PR?_SEND_MODBUS?MYMODBUS
            CODE    86CFH     00EBH     UNIT         ?PR?TOUCH_SCAN_16?UI
            CODE    87BAH     00EAH     UNIT         ?PR?_SSD2828_REGCONFIG?SSD2828
            CODE    88A4H     00E5H     UNIT         ?PR?_SYS_READ_VP?SYS
            CODE    8989H     00E5H     UNIT         ?PR?CONTORL?UI
            CODE    8A6EH     00E1H     UNIT         ?PR?GETTOUCHSTATUS?SYS
            CODE    8B4FH     00CFH     UNIT         ?PR?RDTIME?RTC
            CODE    8C1EH     00CDH     UNIT         ?PR?_WRITE_RTC?RTC
            CODE    8CEBH     00C9H     UNIT         ?PR?SEND_MODBUS_IP?MYMODBUS
            CODE    8DB4H     00C6H     UNIT         ?PR?PRO8283INIT?DWIN8283
            CODE    8E7AH     00C1H     UNIT         ?PR?_SSD2828_READREG?SSD2828
            CODE    8F3BH     00BFH     UNIT         ?PR?SSD2828_READID?SSD2828
            CODE    8FFAH     00BEH     UNIT         ?PR?_W_COM?SSD2828
            CODE    90B8H     00AFH     UNIT         ?PR?WRITE_WIFI_RTC?RTC
BL51 BANKED LINKER/LOCATER V6.22.2.0                                                  12/09/2022  13:52:00  PAGE 4


            CODE    9167H     00A9H     UNIT         ?PR?_SSD2828_WRITEPACKAGE?SSD2828
            CODE    9210H     009BH     UNIT         ?PR?UART3_ISR?UART
            CODE    92ABH     0094H     UNIT         ?PR?_RTC_GET_WEEK?RTC
            CODE    933FH     0093H     UNIT         ?PR?_PINOUTPUT?SYS
            CODE    93D2H     0091H     UNIT         ?PR?_CANBUSINIT?CANBUS
            CODE    9463H     008FH     UNIT         ?PR?UART2_ISR?UART
            CODE    94F2H     008CH     UNIT         ?C_C51STARTUP
            CODE    957EH     0087H     UNIT         ?PR?AUTOUPLOADVALUE?DWIN8283
            CODE    9605H     0083H     UNIT         ?PR?TOUCH_SCAN_0?UI
            CODE    9688H     0083H     UNIT         ?PR?_CRC16?MYMODBUS
            CODE    970BH     0081H     UNIT         ?PR?_PAGE_CHANGE?SYS
            CODE    978CH     0081H     UNIT         ?PR?T0_ISR_PC?TIMER
            CODE    980DH     0081H     UNIT         ?PR?TOUCH_SCAN_14?UI
            CODE    988EH     007AH     UNIT         ?PR?_SSD2828_READ_MIPI?SSD2828
            CODE    9908H     007AH     UNIT         ?PR?_SEND_MODBUS08_10?MYMODBUS
            CODE    9982H     0075H     UNIT         ?PR?_I2CBW?RTC
            CODE    99F7H     0072H     UNIT         ?PR?MAIN?MAIN
            CODE    9A69H     0072H     UNIT         ?PR?INIT_RTC?RTC
            CODE    9ADBH     006FH     UNIT         ?PR?_SEND_MODBUS04_10?MYMODBUS
            CODE    9B4AH     006BH     UNIT         ?PR?PAGEFUNCTION?UI
            CODE    9BB5H     0067H     UNIT         ?PR?LCD_PA_SET?SSD2828
            CODE    9C1CH     0062H     UNIT         ?PR?_TOUCHSWITCH?SYS
            CODE    9C7EH     0060H     UNIT         ?PR?UART4T_ISR?UART
            CODE    9CDEH     0060H     UNIT         ?PR?UART5T_ISR?UART
            CODE    9D3EH     005FH     UNIT         ?PR?_SEND_MODBUS_10?MYMODBUS
            CODE    9D9DH     005EH     UNIT         ?PR?_UART4_SENDBYTE32?UART
            CODE    9DFBH     0057H     UNIT         ?PR?_SSD2828_WRITECMD?SSD2828
            CODE    9E52H     0055H     UNIT         ?PR?_GETPININ?SYS
            CODE    9EA7H     0053H     UNIT         ?PR?_UARTINIT?UART
            CODE    9EFAH     004FH     UNIT         ?PR?UART4R_ISR?UART
            CODE    9F49H     004EH     UNIT         ?PR?_UART2_INIT?UART
            CODE    9F97H     004EH     UNIT         ?PR?_SENDSTRING?MYMODBUS
            CODE    9FE5H     004CH     UNIT         ?PR?_SETPININ?SYS
            CODE    A031H     0049H     UNIT         ?PR?_UART3_INIT?UART
            CODE    A07AH     0048H     UNIT         ?PR?_DELAY_MS?SYS
            CODE    A0C2H     0048H     UNIT         ?PR?_SETPINOUT?SYS
            CODE    A10AH     0047H     UNIT         ?PR?UART5R_ISR?UART
            CODE    A151H     0044H     UNIT         ?C?LDIV
            CODE    A195H     003FH     UNIT         ?PR?_MUSICPLAY?SYS
            CODE    A1D4H     0039H     UNIT         ?CO?UI
            CODE    A20DH     0036H     UNIT         ?PR?I2CBR?RTC
            CODE    A243H     0035H     UNIT         ?PR?_HEX_TO_BCD?RTC
            CODE    A278H     0029H     UNIT         ?PR?INIT_CPU?SYS
            CODE    A2A1H     0029H     UNIT         ?C_INITSEG
            CODE    A2CAH     0028H     UNIT         ?PR?CLEARRAM?SYS
            CODE    A2F2H     0028H     UNIT         ?PR?_UART4_INIT?UART
            CODE    A31AH     0028H     UNIT         ?PR?_UART5_INIT?UART
            CODE    A342H     0028H     UNIT         ?PR?_DELAYUS?RTC
            CODE    A36AH     0027H     UNIT         ?PR?CACK?RTC
            CODE    A391H     0022H     UNIT         ?PR?_STARTTIMER?TIMER
            CODE    A3B3H     0020H     UNIT         ?PR?RESETT5L?SYS
            CODE    A3D3H     001FH     UNIT         ?PR?_DELAY_US?SYS
            CODE    A3F2H     001EH     UNIT         ?PR?GETPAGEID?SYS
            CODE    A410H     001CH     UNIT         ?PR?T0_INIT?TIMER
            CODE    A42CH     001BH     UNIT         ?PR?CANERRORRESET?CANBUS
            CODE    A447H     001BH     UNIT         ?PR?I2CSTOP?RTC
            CODE    A462H     001AH     UNIT         ?PR?I2CSTART?RTC
BL51 BANKED LINKER/LOCATER V6.22.2.0                                                  12/09/2022  13:52:00  PAGE 5


            CODE    A47CH     0015H     UNIT         ?PR?_KILLTIMER?TIMER
            CODE    A491H     0015H     UNIT         ?PR?P9FUNC?UI
            CODE    A4A6H     0013H     UNIT         ?PR?_GETTIMEOUTFLAG?TIMER
            CODE    A4B9H     000FH     UNIT         ?PR?MACK?RTC
            CODE    A4C8H     000DH     UNIT         ?PR?MNAK?RTC
            CODE    A4D5H     000CH     UNIT         ?PR?_UART4_SENDBYTE?UART
            CODE    A4E1H     000CH     UNIT         ?PR?_UART4_SENDBYTE16?UART
            CODE    A4EDH     0009H     UNIT         ?PR?P3FUNC?UI
            CODE    A4F6H     0009H     UNIT         ?PR?RTC_READ_AND_SET?RTC
            CODE    A4FFH     0007H     UNIT         ?PR?TIMER2_ISR?TIMER
            CODE    A506H     0007H     UNIT         ?PR?IO_INIT?MAIN
            CODE    A50DH     0006H     UNIT         ?PR?P0FUNC?UI
            CODE    A513H     0006H     UNIT         ?PR?P1FUNC?UI
            CODE    A519H     0006H     UNIT         ?PR?P2FUNC?UI
            CODE    A51FH     0006H     UNIT         ?PR?P5FUNC?UI
            CODE    A525H     0006H     UNIT         ?PR?P10_12FUNC?UI
            CODE    A52BH     0004H     UNIT         ?CO?DWIN8283
            CODE    A52FH     0004H     UNIT         ?PR?SDA_IN?RTC
            CODE    A533H     0004H     UNIT         ?PR?SDA_OUT?RTC
            CODE    A537H     0003H     UNIT         ?PR?P4FUNC?UI
            CODE    A53AH     0003H     UNIT         ?PR?P13FUNC?UI
            CODE    A53DH     0003H     UNIT         ?PR?P14FUNC?UI
            CODE    A540H     0003H     UNIT         ?PR?P16FUNC?UI
            CODE    A543H     0003H     UNIT         ?PR?P15_17FUNC?UI
            CODE    A546H     0001H     UNIT         ?PR?P18FUNC?UI
            CODE    A547H     0001H     UNIT         ?PR?POLLING2?UI



OVERLAY MAP OF MODULE:   .\Objects\T5L51 (STARTUP_M5)


SEGMENT                                     DATA_GROUP          XDATA_GROUP
  +--> CALLED SEGMENT                     START    LENGTH     START    LENGTH
-----------------------------------------------------------------------------
?PR?T0_ISR_PC?TIMER                       001BH    0001H      -----    -----

*** NEW ROOT ***************************************************

?PR?CAN_ISR?CANBUS                        -----    -----      C10EH    0001H
  +--> ?PR?LOADONEFRAME?CANBUS

*** NEW ROOT ***************************************************

?C_C51STARTUP                             -----    -----      -----    -----
  +--> ?PR?MAIN?MAIN
  +--> ?C_INITSEG

?PR?MAIN?MAIN                             -----    -----      -----    -----
  +--> ?PR?INIT_CPU?SYS
  +--> ?PR?T0_INIT?TIMER
  +--> ?PR?PRO8283INIT?DWIN8283
  +--> ?PR?INIT_RTC?RTC
  +--> ?PR?_STARTTIMER?TIMER
  +--> ?PR?IO_INIT?MAIN
  +--> ?PR?_DELAY_MS?SYS
  +--> ?PR?SSD2828_INIT?SSD2828
BL51 BANKED LINKER/LOCATER V6.22.2.0                                                  12/09/2022  13:52:00  PAGE 6


  +--> ?PR?RDTIME?RTC
  +--> ?PR?_UARTINIT?UART
  +--> ?PR?VARS_INITIALIZE?VARS
  +--> ?PR?STA_INIT?MAIN
  +--> ?PR?_GETTIMEOUTFLAG?TIMER
  +--> ?PR?PAGEFUNCTION?UI
  +--> ?PR?PRO8283DEAL?DWIN8283
  +--> ?PR?RECEIVE_MODBUS?RECEIVEDATA

?PR?INIT_CPU?SYS                          -----    -----      -----    -----
  +--> ?PR?CLEARRAM?SYS

?PR?CLEARRAM?SYS                          001CH    0002H      -----    -----

?PR?PRO8283INIT?DWIN8283                  -----    -----      C10FH    000AH
  +--> ?CO?DWIN8283
  +--> ?PR?_READ_DGUS_VP?SYS
  +--> ?PR?_UARTINIT?UART
  +--> ?PR?_CANBUSINIT?CANBUS

?PR?_READ_DGUS_VP?SYS                     -----    -----      C137H    0013H

?PR?_UARTINIT?UART                        -----    -----      C119H    0005H
  +--> ?PR?_UART2_INIT?UART
  +--> ?PR?_UART3_INIT?UART
  +--> ?PR?_UART4_INIT?UART
  +--> ?PR?_UART5_INIT?UART

?PR?_UART2_INIT?UART                      -----    -----      C11EH    0002H
  +--> ?PR?_SETPINOUT?SYS
  +--> ?PR?_SETPININ?SYS

?PR?_UART3_INIT?UART                      -----    -----      C11EH    0002H
  +--> ?PR?_SETPINOUT?SYS
  +--> ?PR?_SETPININ?SYS

?PR?_CANBUSINIT?CANBUS                    -----    -----      C119H    0003H
  +--> ?PR?_SETPINOUT?SYS
  +--> ?PR?_SETPININ?SYS
  +--> ?PR?_PINOUTPUT?SYS

?PR?INIT_RTC?RTC                          -----    -----      -----    -----
  +--> ?PR?_SETPINOUT?SYS
  +--> ?PR?_I2CBW?RTC
  +--> ?PR?I2CSTOP?RTC
  +--> ?PR?I2CSTART?RTC
  +--> ?PR?I2CBR?RTC
  +--> ?PR?MACK?RTC
  +--> ?PR?MNAK?RTC

?PR?_I2CBW?RTC                            -----    -----      -----    -----
  +--> ?PR?I2CSTART?RTC
  +--> ?PR?I2CSTOP?RTC
  +--> ?PR?SDA_OUT?RTC
  +--> ?PR?_DELAYUS?RTC
  +--> ?PR?CACK?RTC

BL51 BANKED LINKER/LOCATER V6.22.2.0                                                  12/09/2022  13:52:00  PAGE 7


?PR?I2CSTART?RTC                          -----    -----      -----    -----
  +--> ?PR?SDA_OUT?RTC
  +--> ?PR?_DELAYUS?RTC

?PR?I2CSTOP?RTC                           -----    -----      -----    -----
  +--> ?PR?SDA_OUT?RTC
  +--> ?PR?_DELAYUS?RTC
  +--> ?PR?SDA_IN?RTC

?PR?CACK?RTC                              -----    -----      -----    -----
  +--> ?PR?SDA_IN?RTC
  +--> ?PR?_DELAYUS?RTC
  +--> ?PR?SDA_OUT?RTC

?PR?I2CBR?RTC                             -----    -----      -----    -----
  +--> ?PR?SDA_IN?RTC
  +--> ?PR?_DELAYUS?RTC

?PR?MACK?RTC                              -----    -----      -----    -----
  +--> ?PR?SDA_OUT?RTC
  +--> ?PR?_DELAYUS?RTC

?PR?MNAK?RTC                              -----    -----      -----    -----
  +--> ?PR?SDA_OUT?RTC
  +--> ?PR?_DELAYUS?RTC

?PR?_DELAY_MS?SYS                         -----    -----      C13FH    0004H
  +--> ?PR?_DELAY_US?SYS

?PR?SSD2828_INIT?SSD2828                  -----    -----      -----    -----
  +--> ?PR?SSD2828_READID?SSD2828
  +--> ?PR?_SSD2828_REGCONFIG?SSD2828
  +--> ?PR?_DELAY_MS?SYS
  +--> ?PR?C055_CODE_DOWNLOAD?SSD2828
  +--> ?PR?LCD_PA_SET?SSD2828
  +--> ?PR?_SSD2828_WRITECMD?SSD2828

?PR?SSD2828_READID?SSD2828                -----    -----      C10FH    0005H
  +--> ?PR?_DELAY_US?SYS

?PR?_SSD2828_REGCONFIG?SSD2828            -----    -----      C116H    0004H
  +--> ?PR?_DELAY_US?SYS

?PR?C055_CODE_DOWNLOAD?SSD2828            -----    -----      -----    -----
  +--> ?CO?SSD2828
  +--> ?PR?_SSD2828_WRITEPACKAGE?SSD2828
  +--> ?PR?_DELAY_MS?SYS

?PR?_SSD2828_WRITEPACKAGE?SSD2828         -----    -----      C10FH    0007H
  +--> ?PR?_SSD2828_REGCONFIG?SSD2828
  +--> ?PR?_SSD2828_WRITECMD?SSD2828
  +--> ?PR?_DELAY_US?SYS

?PR?_SSD2828_WRITECMD?SSD2828             -----    -----      C116H    0002H
  +--> ?PR?_DELAY_US?SYS

?PR?LCD_PA_SET?SSD2828                    -----    -----      C10FH    0007H
BL51 BANKED LINKER/LOCATER V6.22.2.0                                                  12/09/2022  13:52:00  PAGE 8


  +--> ?PR?_SSD2828_REGCONFIG?SSD2828

?PR?RDTIME?RTC                            -----    -----      C10FH    0002H
  +--> ?PR?_I2CBW?RTC
  +--> ?PR?I2CSTOP?RTC
  +--> ?PR?I2CSTART?RTC
  +--> ?PR?I2CBR?RTC
  +--> ?PR?MACK?RTC
  +--> ?PR?MNAK?RTC
  +--> ?PR?_WRITE_DGUS_VP?SYS

?PR?_WRITE_DGUS_VP?SYS                    -----    -----      C137H    000DH

?PR?STA_INIT?MAIN                         -----    -----      C10FH    0002H
  +--> ?PR?_SYS_WRITE_VP?SYS

?PR?_SYS_WRITE_VP?SYS                     -----    -----      C131H    0007H

?PR?PAGEFUNCTION?UI                       -----    -----      C10FH    0002H
  +--> ?CO?UI

?CO?UI                                    -----    -----      -----    -----
  +--> ?PR?P0FUNC?UI
  +--> ?PR?P1FUNC?UI
  +--> ?PR?P2FUNC?UI
  +--> ?PR?P3FUNC?UI
  +--> ?PR?P4FUNC?UI
  +--> ?PR?P5FUNC?UI
  +--> ?PR?P9FUNC?UI
  +--> ?PR?P10_12FUNC?UI
  +--> ?PR?P13FUNC?UI
  +--> ?PR?P14FUNC?UI
  +--> ?PR?P15_17FUNC?UI
  +--> ?PR?P16FUNC?UI
  +--> ?PR?P18FUNC?UI

?PR?P0FUNC?UI                             -----    -----      -----    -----
  +--> ?PR?CONTORL?UI
  +--> ?PR?TOUCH_SCAN_0?UI

?PR?CONTORL?UI                            -----    -----      -----    -----
  +--> ?PR?_SEND_MODBUS?MYMODBUS
  +--> ?PR?_SYS_WRITE_VP?SYS

?PR?_SEND_MODBUS?MYMODBUS                 -----    -----      C131H    0006H
  +--> ?PR?_CRC16?MYMODBUS
  +--> ?PR?_SENDSTRING?MYMODBUS

?PR?_CRC16?MYMODBUS                       -----    -----      C139H    000AH
  +--> ?CO?MYMODBUS

?PR?_SENDSTRING?MYMODBUS                  -----    -----      C139H    0006H
  +--> ?PR?_UART4_SENDBYTE?UART
  +--> ?PR?_DELAY_MS?SYS

?PR?TOUCH_SCAN_0?UI                       -----    -----      C111H    0001H
  +--> ?PR?_SYS_READ_VP?SYS
BL51 BANKED LINKER/LOCATER V6.22.2.0                                                  12/09/2022  13:52:00  PAGE 9


  +--> ?PR?_SEND_MODBUS?MYMODBUS
  +--> ?PR?_SYS_WRITE_VP?SYS

?PR?_SYS_READ_VP?SYS                      -----    -----      C113H    0007H

?PR?P1FUNC?UI                             -----    -----      -----    -----
  +--> ?PR?POLLING1_6?UI
  +--> ?PR?TOUCH_SCAN_1_2_6?UI

?PR?POLLING1_6?UI                         -----    -----      -----    -----
  +--> ?PR?_SEND_MODBUS?MYMODBUS

?PR?TOUCH_SCAN_1_2_6?UI                   -----    -----      C111H    0001H
  +--> ?PR?_SYS_READ_VP?SYS
  +--> ?PR?_SEND_MODBUS?MYMODBUS
  +--> ?PR?_SYS_WRITE_VP?SYS
  +--> ?PR?_PAGE_CHANGE?SYS

?PR?_PAGE_CHANGE?SYS                      -----    -----      C131H    0006H
  +--> ?PR?_WRITE_DGUS_VP?SYS
  +--> ?PR?_DELAY_US?SYS
  +--> ?PR?_READ_DGUS_VP?SYS

?PR?P2FUNC?UI                             -----    -----      -----    -----
  +--> ?PR?POLLING1_6?UI
  +--> ?PR?TOUCH_SCAN_1_2_6?UI

?PR?P3FUNC?UI                             -----    -----      -----    -----
  +--> ?PR?TOUCH_SCAN_3?UI
  +--> ?PR?COORDINATE_CONTROL?UI
  +--> ?PR?FILE_CONTROL?UI

?PR?TOUCH_SCAN_3?UI                       -----    -----      C111H    0002H
  +--> ?PR?_SYS_READ_VP?SYS
  +--> ?PR?_SYS_WRITE_VP?SYS

?PR?COORDINATE_CONTROL?UI                 -----    -----      -----    -----
  +--> ?PR?_SYS_READ_VP?SYS
  +--> ?PR?_SEND_MODBUS_10?MYMODBUS
  +--> ?PR?_DELAY_MS?SYS
  +--> ?PR?_UART4_SENDBYTE?UART
  +--> ?PR?_PAGE_CHANGE?SYS

?PR?_SEND_MODBUS_10?MYMODBUS              -----    -----      C131H    0008H
  +--> ?PR?_CRC16?MYMODBUS
  +--> ?PR?_SENDSTRING?MYMODBUS

?PR?FILE_CONTROL?UI                       -----    -----      C111H    0001H
  +--> ?PR?_SEND_MODBUS?MYMODBUS
  +--> ?PR?_SYS_WRITE_VP?SYS

?PR?P4FUNC?UI                             -----    -----      -----    -----
  +--> ?PR?TOUCH_SCAN_4?UI

?PR?TOUCH_SCAN_4?UI                       -----    -----      C111H    0001H
  +--> ?PR?_SYS_READ_VP?SYS
  +--> ?PR?_PAGE_CHANGE?SYS
BL51 BANKED LINKER/LOCATER V6.22.2.0                                                  12/09/2022  13:52:00  PAGE 10


  +--> ?PR?_SYS_WRITE_VP?SYS
  +--> ?PR?_SEND_MODBUS?MYMODBUS

?PR?P5FUNC?UI                             -----    -----      -----    -----
  +--> ?PR?TOUCH_SCAN_5?UI
  +--> ?PR?TOUCH_SCAN_1_2_6?UI

?PR?TOUCH_SCAN_5?UI                       -----    -----      C111H    0001H
  +--> ?PR?_SYS_READ_VP?SYS
  +--> ?PR?_SEND_MODBUS?MYMODBUS
  +--> ?PR?_SYS_WRITE_VP?SYS

?PR?P10_12FUNC?UI                         -----    -----      -----    -----
  +--> ?PR?POLLING10_12?UI
  +--> ?PR?TOUCH_SCAN_10_12?UI

?PR?POLLING10_12?UI                       -----    -----      -----    -----
  +--> ?PR?_SEND_MODBUS?MYMODBUS

?PR?TOUCH_SCAN_10_12?UI                   -----    -----      C111H    0001H
  +--> ?PR?_SYS_READ_VP?SYS
  +--> ?PR?_SEND_MODBUS_10?MYMODBUS
  +--> ?PR?_DELAY_MS?SYS
  +--> ?PR?_SEND_MODBUS?MYMODBUS
  +--> ?PR?_SYS_WRITE_VP?SYS

?PR?P13FUNC?UI                            -----    -----      -----    -----
  +--> ?PR?TOUCH_SCAN_13?UI

?PR?TOUCH_SCAN_13?UI                      -----    -----      C111H    0001H
  +--> ?PR?_SYS_READ_VP?SYS
  +--> ?PR?_SYS_WRITE_VP?SYS

?PR?P14FUNC?UI                            -----    -----      -----    -----
  +--> ?PR?TOUCH_SCAN_14?UI

?PR?TOUCH_SCAN_14?UI                      -----    -----      C111H    0001H
  +--> ?PR?_SYS_READ_VP?SYS
  +--> ?PR?SEND_MODBUS_IP?MYMODBUS
  +--> ?PR?_DELAY_MS?SYS
  +--> ?PR?_SYS_WRITE_VP?SYS

?PR?SEND_MODBUS_IP?MYMODBUS               -----    -----      -----    -----
  +--> ?PR?_SYS_READ_VP?SYS
  +--> ?PR?_CRC16?MYMODBUS
  +--> ?PR?_SENDSTRING?MYMODBUS

?PR?P15_17FUNC?UI                         -----    -----      -----    -----
  +--> ?PR?POLLING15_17?UI

?PR?POLLING15_17?UI                       -----    -----      -----    -----
  +--> ?PR?_SEND_MODBUS?MYMODBUS

?PR?P16FUNC?UI                            -----    -----      -----    -----
  +--> ?PR?TOUCH_SCAN_16?UI

?PR?TOUCH_SCAN_16?UI                      -----    -----      C111H    0001H
BL51 BANKED LINKER/LOCATER V6.22.2.0                                                  12/09/2022  13:52:00  PAGE 11


  +--> ?PR?_SYS_READ_VP?SYS
  +--> ?PR?_PAGE_CHANGE?SYS

?PR?PRO8283DEAL?DWIN8283                  -----    -----      -----    -----
  +--> ?PR?AUTOUPLOADVALUE?DWIN8283
  +--> ?PR?_UATR_SEND_DATA?UART
  +--> ?PR?_CANTX?CANBUS
  +--> ?PR?_PRO8283RXTREAT?DWIN8283

?PR?AUTOUPLOADVALUE?DWIN8283              -----    -----      -----    -----
  +--> ?PR?_READ_DGUS_VP?SYS
  +--> ?PR?_WRITE_DGUS_VP?SYS

?PR?_UATR_SEND_DATA?UART                  -----    -----      C10FH    0008H

?PR?_CANTX?CANBUS                         -----    -----      C10FH    0017H
  +--> ?PR?LOADONEFRAME?CANBUS

?PR?_PRO8283RXTREAT?DWIN8283              -----    -----      C10FH    000FH
  +--> ?PR?_WRITE_DGUS_VP?SYS
  +--> ?PR?_READ_DGUS_VP?SYS

?PR?RECEIVE_MODBUS?RECEIVEDATA            -----    -----      C10FH    0022H
  +--> ?PR?_DELAY_MS?SYS
  +--> ?PR?_CRC16?MYMODBUS
  +--> ?PR?_SEND_MODBUS_10?MYMODBUS
  +--> ?PR?_SYS_WRITE_VP?SYS
  +--> ?PR?_PAGE_CHANGE?SYS
  +--> ?PR?_ALM_INIT?RECEIVEDATA
  +--> ?PR?_UART4_SENDBYTE16?UART

?PR?_ALM_INIT?RECEIVEDATA                 -----    -----      -----    -----
  +--> ?PR?_SYS_WRITE_VP?SYS
  +--> ?PR?_PAGE_CHANGE?SYS
  +--> ?PR?_SEND_MODBUS?MYMODBUS

?PR?_UART4_SENDBYTE16?UART                -----    -----      -----    -----
  +--> ?PR?_UART4_SENDBYTE?UART



SYMBOL TABLE OF MODULE:  .\Objects\T5L51 (STARTUP_M5)

  VALUE           TYPE          NAME
  ----------------------------------

  -------         MODULE        STARTUP_M5
  C:0100H         LINE#         30
  -------         ENDMOD        STARTUP_M5

  -------         MODULE        SYS
  C:0000H         SYMBOL        _ICE_DUMMY_
  C:A278H         PUBLIC        INIT_CPU
  X:C076H         PUBLIC        Spi_Flash
  D:00F1H         PUBLIC        ADR_H
  D:0080H         PUBLIC        P0
  D:0090H         PUBLIC        P1
BL51 BANKED LINKER/LOCATER V6.22.2.0                                                  12/09/2022  13:52:00  PAGE 12


  X:C086H         PUBLIC        Nor_Flash
  D:00A0H         PUBLIC        P2
  C:9E52H         PUBLIC        _GetPinIn
  D:00B0H         PUBLIC        P3
  D:00F3H         PUBLIC        ADR_L
  D:0094H         PUBLIC        PAGESEL
  D:00F2H         PUBLIC        ADR_M
  B:00A8H.7       PUBLIC        EA
  D:00F8H         PUBLIC        RAMMODE
  C:781DH         PUBLIC        _write_dgus_vp
  D:00B7H         PUBLIC        P0MDOUT
  D:00BCH         PUBLIC        P1MDOUT
  D:00A8H         PUBLIC        IEN0
  D:00BDH         PUBLIC        P2MDOUT
  D:00B8H         PUBLIC        IEN1
  C:9FE5H         PUBLIC        _SetPinIn
  X:C092H         PUBLIC        PressPosChange
  D:00BEH         PUBLIC        P3MDOUT
  D:009AH         PUBLIC        IEN2
  C:A0C2H         PUBLIC        _SetPinOut
  B:00F8H.4       PUBLIC        APP_ACK
  X:C093H         PUBLIC        RealPosX
  D:00F4H         PUBLIC        ADR_INC
  X:C095H         PUBLIC        RealPosY
  D:001EH         PUBLIC        SysTick_RTC
  C:A195H         PUBLIC        _MusicPlay
  X:C097H         PUBLIC        PressPosX
  X:C099H         PUBLIC        PressPageID
  X:C09BH         PUBLIC        PressPosY
  C:8088H         PUBLIC        SPIFlash_Action
  X:C09DH         PUBLIC        LastPosX
  X:C09FH         PUBLIC        MusicBuf
  X:C0C2H         PUBLIC        LastPosY
  C:88A4H         PUBLIC        _sys_read_vp
  D:0095H         PUBLIC        D_PAGESEL
  C:970BH         PUBLIC        _Page_Change
  X:C0C4H         PUBLIC        Touchstate
  C:A3F2H         PUBLIC        GetPageID
  C:8A6EH         PUBLIC        GetTouchStatus
  D:00F9H         PUBLIC        PORTDRV
  C:7F5CH         PUBLIC        _sys_write_vp
  C:933FH         PUBLIC        _PinOutput
  D:00C9H         PUBLIC        MUX_SEL
  X:C0C5H         PUBLIC        xdistance
  D:00A9H         PUBLIC        IP0
  X:C0C7H         PUBLIC        ydistance
  D:00B9H         PUBLIC        IP1
  C:A2CAH         PUBLIC        ClearRAM
  X:C0C9H         PUBLIC        PosXChangeSpeed
  D:00FDH         PUBLIC        DATA0
  X:C0CBH         PUBLIC        PosYChangeSpeed
  D:00FCH         PUBLIC        DATA1
  D:00FBH         PUBLIC        DATA2
  D:00FAH         PUBLIC        DATA3
  C:A07AH         PUBLIC        _delay_ms
  B:00F8H.6       PUBLIC        APP_EN
  B:00D0H.3       PUBLIC        RS0
BL51 BANKED LINKER/LOCATER V6.22.2.0                                                  12/09/2022  13:52:00  PAGE 13


  B:00D0H.4       PUBLIC        RS1
  D:0093H         PUBLIC        DPC
  C:A3D7H         PUBLIC        _delay_us
  C:A3B3H         PUBLIC        ResetT5L
  C:84E3H         PUBLIC        NorFlash_Action
  D:00C8H         PUBLIC        T2CON
  D:008EH         PUBLIC        CKCON
  C:6F2BH         PUBLIC        _GetTouchAnction
  C:730CH         PUBLIC        _read_dgus_vp
  C:9C1CH         PUBLIC        _TouchSwitch
  -------         PROC          L?0219
  -------         ENDPROC       L?0219
  -------         PROC          _READ_DGUS_VP
  X:C137H         SYMBOL        addr
  X:C139H         SYMBOL        buf
  X:C13CH         SYMBOL        len
  -------         DO            
  X:C13EH         SYMBOL        OS_addr
  X:C140H         SYMBOL        OS_addr_offset
  X:C142H         SYMBOL        OS_len
  X:C144H         SYMBOL        OS_len_offset
  X:C146H         SYMBOL        LenLimit
  -------         ENDDO         
  C:730CH         LINE#         39
  C:731DH         LINE#         40
  C:731DH         LINE#         41
  C:7324H         LINE#         42
  C:7328H         LINE#         43
  C:7330H         LINE#         46
  C:733EH         LINE#         48
  C:7356H         LINE#         49
  C:7371H         LINE#         50
  C:7371H         LINE#         51
  C:7382H         LINE#         52
  C:7382H         LINE#         53
  C:7398H         LINE#         54
  C:73A2H         LINE#         56
  C:73A4H         LINE#         58
  C:73A7H         LINE#         59
  C:73B2H         LINE#         60
  C:73B4H         LINE#         61
  C:73B7H         LINE#         62
  C:73BAH         LINE#         63
  C:73BDH         LINE#         64
  C:73C7H         LINE#         65
  C:73C7H         LINE#         66
  C:73C9H         LINE#         67
  C:73CCH         LINE#         68
  C:73E1H         LINE#         69
  C:73F6H         LINE#         70
  C:7404H         LINE#         71
  C:7404H         LINE#         72
  C:741AH         LINE#         73
  C:7424H         LINE#         74
  C:7432H         LINE#         75
  C:7432H         LINE#         76
  C:7434H         LINE#         77
BL51 BANKED LINKER/LOCATER V6.22.2.0                                                  12/09/2022  13:52:00  PAGE 14


  C:7437H         LINE#         78
  C:744CH         LINE#         79
  C:7461H         LINE#         80
  C:7476H         LINE#         81
  C:748BH         LINE#         82
  C:748DH         LINE#         83
  C:7497H         LINE#         84
  C:7497H         LINE#         85
  C:7499H         LINE#         86
  C:749CH         LINE#         87
  C:74B1H         LINE#         88
  C:74C6H         LINE#         89
  C:74C6H         LINE#         90
  C:74C9H         LINE#         92
  C:74CBH         LINE#         94
  -------         ENDPROC       _READ_DGUS_VP
  -------         PROC          _WRITE_DGUS_VP
  X:C137H         SYMBOL        addr
  X:C139H         SYMBOL        buf
  X:C13CH         SYMBOL        len
  -------         DO            
  D:0004H         SYMBOL        OS_addr
  X:C13EH         SYMBOL        OS_addr_offset
  X:C140H         SYMBOL        OS_len
  X:C142H         SYMBOL        OS_len_offset
  D:0006H         SYMBOL        LenLimit
  -------         ENDDO         
  C:781DH         LINE#         166
  C:782EH         LINE#         167
  C:782EH         LINE#         168
  C:782FH         LINE#         169
  C:7835H         LINE#         170
  C:783DH         LINE#         173
  C:784AH         LINE#         175
  C:7859H         LINE#         176
  C:7866H         LINE#         177
  C:7866H         LINE#         178
  C:786BH         LINE#         179
  C:786BH         LINE#         180
  C:787AH         LINE#         181
  C:7886H         LINE#         183
  C:7888H         LINE#         185
  C:788BH         LINE#         186
  C:788EH         LINE#         187
  C:7892H         LINE#         188
  C:7895H         LINE#         189
  C:7898H         LINE#         190
  C:789BH         LINE#         191
  C:78A5H         LINE#         192
  C:78A5H         LINE#         193
  C:78BAH         LINE#         194
  C:78CFH         LINE#         195
  C:78D1H         LINE#         196
  C:78D4H         LINE#         197
  C:78E2H         LINE#         198
  C:78E2H         LINE#         199
  C:78F8H         LINE#         200
BL51 BANKED LINKER/LOCATER V6.22.2.0                                                  12/09/2022  13:52:00  PAGE 15


  C:7902H         LINE#         201
  C:7905H         LINE#         202
  C:7913H         LINE#         203
  C:7913H         LINE#         204
  C:7928H         LINE#         205
  C:793DH         LINE#         206
  C:7952H         LINE#         207
  C:7967H         LINE#         208
  C:7969H         LINE#         209
  C:796EH         LINE#         210
  C:796EH         LINE#         211
  C:7978H         LINE#         212
  C:7978H         LINE#         213
  C:797BH         LINE#         214
  C:7990H         LINE#         215
  C:79A5H         LINE#         216
  C:79A7H         LINE#         217
  C:79AAH         LINE#         218
  C:79AAH         LINE#         219
  C:79ADH         LINE#         221
  C:79AFH         LINE#         223
  -------         ENDPROC       _WRITE_DGUS_VP
  -------         PROC          INIT_CPU
  C:A278H         LINE#         308
  C:A278H         LINE#         309
  C:A278H         LINE#         310
  C:A27AH         LINE#         311
  C:A27CH         LINE#         312
  C:A27EH         LINE#         314
  C:A281H         LINE#         315
  C:A284H         LINE#         316
  C:A286H         LINE#         317
  C:A289H         LINE#         318
  C:A28CH         LINE#         319
  C:A28FH         LINE#         320
  C:A291H         LINE#         321
  C:A294H         LINE#         322
  C:A296H         LINE#         323
  C:A298H         LINE#         324
  C:A29AH         LINE#         325
  C:A29CH         LINE#         326
  C:A29EH         LINE#         330
  -------         ENDPROC       INIT_CPU
  -------         PROC          CLEARRAM
  -------         DO            
  D:0006H         SYMBOL        ptr
  D:001CH         SYMBOL        i
  -------         ENDDO         
  C:A2CAH         LINE#         333
  C:A2CAH         LINE#         334
  C:A2CAH         LINE#         338
  C:A2CEH         LINE#         340
  C:A2D3H         LINE#         341
  C:A2F1H         LINE#         342
  -------         ENDPROC       CLEARRAM
  -------         PROC          RESETT5L
  -------         DO            
BL51 BANKED LINKER/LOCATER V6.22.2.0                                                  12/09/2022  13:52:00  PAGE 16


  X:C1EAH         SYMBOL        tmp
  -------         ENDDO         
  C:A3B3H         LINE#         344
  C:A3B3H         LINE#         345
  C:A3B3H         LINE#         348
  C:A3BDH         LINE#         349
  -------         ENDPROC       RESETT5L
  C:A3D3H         SYMBOL        L?0221
  -------         PROC          L?0220
  -------         ENDPROC       L?0220
  C:A3D3H         SYMBOL        L?0221
  -------         PROC          _DELAY_US
  D:0006H         SYMBOL        t
  -------         DO            
  D:0005H         SYMBOL        i
  -------         ENDDO         
  C:A3D7H         LINE#         352
  C:A3D7H         LINE#         353
  C:A3D7H         LINE#         356
  C:A3DBH         LINE#         357
  C:A3DBH         LINE#         358
  C:A3E7H         LINE#         359
  C:A3EAH         LINE#         360
  C:A3EFH         LINE#         361
  C:A3F1H         LINE#         362
  -------         ENDPROC       _DELAY_US
  -------         PROC          _TOUCHSWITCH
  D:0006H         SYMBOL        PageID
  D:0005H         SYMBOL        TouchType
  D:0003H         SYMBOL        TouchID
  X:C194H         SYMBOL        Status
  -------         DO            
  X:C195H         SYMBOL        k_data
  -------         ENDDO         
  C:9C1CH         LINE#         364
  C:9C1CH         LINE#         365
  C:9C1CH         LINE#         368
  C:9C26H         LINE#         369
  C:9C2CH         LINE#         370
  C:9C2FH         LINE#         371
  C:9C32H         LINE#         372
  C:9C38H         LINE#         373
  C:9C42H         LINE#         375
  C:9C49H         LINE#         376
  C:9C5FH         LINE#         378
  C:9C5FH         LINE#         379
  C:9C62H         LINE#         380
  C:9C77H         LINE#         381
  C:9C7DH         LINE#         382
  -------         ENDPROC       _TOUCHSWITCH
  -------         PROC          _MUSICPLAY
  X:C1D6H         SYMBOL        MusicId
  -------         DO            
  X:C1D7H         SYMBOL        k_data
  -------         ENDDO         
  C:A195H         LINE#         384
  C:A19AH         LINE#         385
BL51 BANKED LINKER/LOCATER V6.22.2.0                                                  12/09/2022  13:52:00  PAGE 17


  C:A19AH         LINE#         388
  C:A1B0H         LINE#         389
  C:A1B6H         LINE#         390
  C:A1BAH         LINE#         391
  C:A1BFH         LINE#         392
  -------         ENDPROC       _MUSICPLAY
  -------         PROC          NORFLASH_ACTION
  -------         DO            
  X:C1BEH         SYMBOL        buf
  -------         ENDDO         
  C:84E3H         LINE#         433
  C:84E3H         LINE#         434
  C:84E3H         LINE#         437
  C:84ECH         LINE#         438
  C:8504H         LINE#         439
  C:851CH         LINE#         440
  C:8527H         LINE#         441
  C:8534H         LINE#         442
  C:8537H         LINE#         443
  C:8544H         LINE#         444
  C:8547H         LINE#         445
  C:854CH         LINE#         446
  C:854CH         LINE#         447
  C:855AH         LINE#         448
  C:8574H         LINE#         449
  C:8574H         LINE#         450
  C:858AH         LINE#         452
  C:858AH         LINE#         453
  C:858DH         LINE#         454
  C:85A2H         LINE#         455
  C:85A8H         LINE#         456
  C:85B0H         LINE#         457
  C:85B0H         LINE#         458
  C:85BEH         LINE#         459
  C:85D2H         LINE#         460
  C:85D2H         LINE#         461
  -------         ENDPROC       NORFLASH_ACTION
  -------         PROC          SPIFLASH_ACTION
  -------         DO            
  X:C19DH         SYMBOL        buf
  -------         ENDDO         
  C:8088H         LINE#         464
  C:8088H         LINE#         465
  C:8088H         LINE#         468
  C:808EH         LINE#         469
  C:8096H         LINE#         470
  C:809DH         LINE#         471
  C:809DH         LINE#         472
  C:80A6H         LINE#         473
  C:80BEH         LINE#         474
  C:80D6H         LINE#         475
  C:80E1H         LINE#         476
  C:80EEH         LINE#         477
  C:80F1H         LINE#         478
  C:80FEH         LINE#         479
  C:8101H         LINE#         480
  C:8102H         LINE#         481
BL51 BANKED LINKER/LOCATER V6.22.2.0                                                  12/09/2022  13:52:00  PAGE 18


  C:8102H         LINE#         482
  C:8104H         LINE#         483
  C:810AH         LINE#         484
  C:810AH         LINE#         485
  C:8117H         LINE#         486
  C:811AH         LINE#         487
  C:8127H         LINE#         488
  C:812AH         LINE#         489
  C:8137H         LINE#         490
  C:813AH         LINE#         491
  C:813DH         LINE#         492
  C:813FH         LINE#         493
  C:8141H         LINE#         494
  C:8143H         LINE#         495
  C:8143H         LINE#         496
  C:8159H         LINE#         498
  C:8159H         LINE#         499
  C:815CH         LINE#         500
  C:8171H         LINE#         501
  C:8177H         LINE#         502
  C:817FH         LINE#         503
  C:817FH         LINE#         504
  C:818DH         LINE#         505
  C:81A1H         LINE#         506
  C:81A1H         LINE#         507
  -------         ENDPROC       SPIFLASH_ACTION
  -------         PROC          GETPAGEID
  -------         DO            
  X:C1F5H         SYMBOL        nPage
  -------         ENDDO         
  C:A3F2H         LINE#         511
  C:A3F2H         LINE#         512
  C:A3F2H         LINE#         515
  C:A407H         LINE#         516
  C:A40FH         LINE#         517
  -------         ENDPROC       GETPAGEID
  -------         PROC          _PAGE_CHANGE
  X:C131H         SYMBOL        PageID
  -------         DO            
  X:C133H         SYMBOL        buf
  -------         ENDDO         
  C:970BH         LINE#         519
  C:9713H         LINE#         520
  C:9713H         LINE#         523
  C:9717H         LINE#         524
  C:971BH         LINE#         525
  C:9728H         LINE#         526
  C:972BH         LINE#         527
  C:9741H         LINE#         529
  C:9741H         LINE#         530
  C:9744H         LINE#         531
  C:975AH         LINE#         532
  C:976CH         LINE#         533
  C:9771H         LINE#         534
  C:9773H         LINE#         535
  C:9775H         LINE#         536
  C:9777H         LINE#         537
BL51 BANKED LINKER/LOCATER V6.22.2.0                                                  12/09/2022  13:52:00  PAGE 19


  -------         ENDPROC       _PAGE_CHANGE
  -------         PROC          _DELAY_MS
  X:C13FH         SYMBOL        t
  -------         DO            
  X:C141H         SYMBOL        i
  D:0002H         SYMBOL        j
  -------         ENDDO         
  C:A07AH         LINE#         540
  C:A082H         LINE#         541
  C:A082H         LINE#         543
  C:A09CH         LINE#         544
  C:A09CH         LINE#         545
  C:A09FH         LINE#         546
  C:A0B1H         LINE#         547
  C:A0C1H         LINE#         548
  -------         ENDPROC       _DELAY_MS
  -------         PROC          _SETPINOUT
  D:0007H         SYMBOL        Port
  D:0005H         SYMBOL        Pin
  C:A0C2H         LINE#         550
  C:A0C2H         LINE#         551
  C:A0C2H         LINE#         552
  C:A0D0H         LINE#         553
  C:A0D0H         LINE#         554
  C:A0DDH         LINE#         555
  C:A0DEH         LINE#         556
  C:A0EBH         LINE#         557
  C:A0ECH         LINE#         558
  C:A0F9H         LINE#         559
  C:A0FAH         LINE#         560
  C:A109H         LINE#         561
  C:A109H         LINE#         562
  C:A109H         LINE#         563
  C:A109H         LINE#         565
  -------         ENDPROC       _SETPINOUT
  -------         PROC          _SETPININ
  D:0007H         SYMBOL        Port
  D:0005H         SYMBOL        Pin
  C:9FE5H         LINE#         567
  C:9FE5H         LINE#         568
  C:9FE5H         LINE#         569
  C:9FF3H         LINE#         570
  C:9FF3H         LINE#         571
  C:A001H         LINE#         572
  C:A002H         LINE#         573
  C:A010H         LINE#         574
  C:A011H         LINE#         575
  C:A01FH         LINE#         576
  C:A020H         LINE#         577
  C:A030H         LINE#         578
  C:A030H         LINE#         579
  C:A030H         LINE#         580
  C:A030H         LINE#         582
  -------         ENDPROC       _SETPININ
  -------         PROC          _PINOUTPUT
  D:0007H         SYMBOL        Port
  D:0005H         SYMBOL        Pin
BL51 BANKED LINKER/LOCATER V6.22.2.0                                                  12/09/2022  13:52:00  PAGE 20


  D:0003H         SYMBOL        value
  C:933FH         LINE#         586
  C:933FH         LINE#         587
  C:933FH         LINE#         588
  C:9350H         LINE#         589
  C:9350H         LINE#         590
  C:9361H         LINE#         591
  C:936FH         LINE#         592
  C:9370H         LINE#         593
  C:9381H         LINE#         594
  C:938FH         LINE#         595
  C:9390H         LINE#         596
  C:93A1H         LINE#         597
  C:93AFH         LINE#         598
  C:93B0H         LINE#         599
  C:93C1H         LINE#         600
  C:93D1H         LINE#         601
  C:93D1H         LINE#         602
  C:93D1H         LINE#         603
  C:93D1H         LINE#         604
  -------         ENDPROC       _PINOUTPUT
  -------         PROC          _GETPININ
  D:0007H         SYMBOL        Port
  D:0005H         SYMBOL        Pin
  -------         DO            
  D:0006H         SYMBOL        value
  -------         ENDDO         
  C:9E52H         LINE#         608
  C:9E52H         LINE#         609
  C:9E52H         LINE#         611
  C:9E60H         LINE#         612
  C:9E60H         LINE#         613
  C:9E6EH         LINE#         614
  C:9E70H         LINE#         615
  C:9E7EH         LINE#         616
  C:9E80H         LINE#         617
  C:9E8EH         LINE#         618
  C:9E90H         LINE#         619
  C:9EA0H         LINE#         620
  C:9EA2H         LINE#         621
  C:9EA2H         LINE#         622
  C:9EA4H         LINE#         623
  C:9EA4H         LINE#         624
  C:9EA4H         LINE#         625
  C:9EA6H         LINE#         626
  -------         ENDPROC       _GETPININ
  -------         PROC          GETTOUCHSTATUS
  -------         DO            
  X:C1C6H         SYMBOL        k_data
  -------         ENDDO         
  C:8A6EH         LINE#         628
  C:8A6EH         LINE#         629
  C:8A6EH         LINE#         632
  C:8A84H         LINE#         633
  C:8A8FH         LINE#         634
  C:8A8FH         LINE#         635
  C:8A98H         LINE#         636
BL51 BANKED LINKER/LOCATER V6.22.2.0                                                  12/09/2022  13:52:00  PAGE 21


  C:8A98H         LINE#         637
  C:8AAEH         LINE#         638
  C:8AC6H         LINE#         639
  C:8ACAH         LINE#         640
  C:8ACCH         LINE#         641
  C:8AD2H         LINE#         642
  C:8AD2H         LINE#         643
  C:8AE1H         LINE#         644
  C:8AF0H         LINE#         645
  C:8AF6H         LINE#         646
  C:8AF8H         LINE#         648
  C:8AF8H         LINE#         649
  C:8AFEH         LINE#         650
  C:8AFEH         LINE#         651
  C:8B0DH         LINE#         652
  C:8B1CH         LINE#         653
  C:8B21H         LINE#         654
  C:8B36H         LINE#         655
  C:8B38H         LINE#         656
  C:8B38H         LINE#         658
  C:8B38H         LINE#         659
  C:8B44H         LINE#         660
  C:8B44H         LINE#         661
  C:8B49H         LINE#         662
  C:8B49H         LINE#         663
  C:8B4EH         LINE#         664
  C:8B4EH         LINE#         665
  -------         ENDPROC       GETTOUCHSTATUS
  -------         PROC          _GETTOUCHANCTION
  X:C1A9H         SYMBOL        PageID
  -------         DO            
  X:C1ABH         SYMBOL        status
  X:C1ACH         SYMBOL        x2distance
  X:C1B0H         SYMBOL        y2distance
  -------         ENDDO         
  C:6F2BH         LINE#         667
  C:6F33H         LINE#         668
  C:6F33H         LINE#         672
  C:6F3BH         LINE#         673
  C:6F3FH         LINE#         674
  C:6F3FH         LINE#         675
  C:6F43H         LINE#         676
  C:6F45H         LINE#         677
  C:6F45H         LINE#         678
  C:6F4BH         LINE#         679
  C:6F4BH         LINE#         680
  C:6F5FH         LINE#         681
  C:6F65H         LINE#         682
  C:6F67H         LINE#         683
  C:6F67H         LINE#         685
  C:6F67H         LINE#         686
  C:6F7BH         LINE#         687
  C:6F7BH         LINE#         688
  C:6F7EH         LINE#         689
  C:6F7EH         LINE#         690
  C:6F99H         LINE#         691
  C:6FB3H         LINE#         692
BL51 BANKED LINKER/LOCATER V6.22.2.0                                                  12/09/2022  13:52:00  PAGE 22


  C:6FCEH         LINE#         693
  C:6FE8H         LINE#         694
  C:6FF0H         LINE#         695
  C:6FF0H         LINE#         696
  C:6FF8H         LINE#         697
  C:6FF8H         LINE#         698
  C:702BH         LINE#         699
  C:702BH         LINE#         700
  C:7059H         LINE#         701
  C:7059H         LINE#         702
  C:705CH         LINE#         703
  C:705EH         LINE#         704
  C:705EH         LINE#         706
  C:705EH         LINE#         707
  C:7061H         LINE#         708
  C:7063H         LINE#         709
  C:7063H         LINE#         710
  C:7063H         LINE#         711
  C:7063H         LINE#         712
  C:7069H         LINE#         713
  C:7069H         LINE#         715
  C:7069H         LINE#         716
  C:7071H         LINE#         717
  C:7071H         LINE#         718
  C:70A4H         LINE#         719
  C:70A4H         LINE#         720
  C:70D2H         LINE#         721
  C:70D2H         LINE#         722
  C:70D5H         LINE#         723
  C:70D7H         LINE#         725
  C:70D7H         LINE#         726
  C:70DAH         LINE#         727
  C:70DAH         LINE#         728
  C:70DCH         LINE#         730
  C:70DCH         LINE#         731
  C:70DFH         LINE#         732
  C:70DFH         LINE#         733
  C:70DFH         LINE#         734
  C:70E7H         LINE#         735
  C:70E7H         LINE#         736
  C:7102H         LINE#         737
  C:7105H         LINE#         738
  C:7105H         LINE#         740
  C:7105H         LINE#         741
  C:7120H         LINE#         742
  C:7122H         LINE#         743
  C:7122H         LINE#         744
  C:7122H         LINE#         745
  C:7122H         LINE#         746
  -------         ENDPROC       _GETTOUCHANCTION
  -------         PROC          _SYS_READ_VP
  D:0004H         SYMBOL        addr
  X:C115H         SYMBOL        buf
  X:C118H         SYMBOL        len
  -------         DO            
  D:0003H         SYMBOL        i
  -------         ENDDO         
BL51 BANKED LINKER/LOCATER V6.22.2.0                                                  12/09/2022  13:52:00  PAGE 23


  C:88A4H         LINE#         752
  C:88B3H         LINE#         753
  C:88B3H         LINE#         756
  C:88B7H         LINE#         757
  C:88BEH         LINE#         758
  C:88C1H         LINE#         759
  C:88C4H         LINE#         760
  C:88C8H         LINE#         761
  C:88CBH         LINE#         762
  C:88CEH         LINE#         763
  C:88D1H         LINE#         764
  C:88E3H         LINE#         765
  C:88E3H         LINE#         766
  C:88E5H         LINE#         767
  C:88E8H         LINE#         768
  C:88FAH         LINE#         769
  C:88FAH         LINE#         770
  C:890FH         LINE#         771
  C:8924H         LINE#         772
  C:8926H         LINE#         773
  C:8934H         LINE#         774
  C:8934H         LINE#         775
  C:8948H         LINE#         776
  C:8948H         LINE#         777
  C:895DH         LINE#         778
  C:8972H         LINE#         779
  C:8974H         LINE#         780
  C:8982H         LINE#         781
  C:8982H         LINE#         782
  C:8985H         LINE#         783
  C:8988H         LINE#         784
  -------         ENDPROC       _SYS_READ_VP
  -------         PROC          _SYS_WRITE_VP
  D:0004H         SYMBOL        addr
  X:C133H         SYMBOL        buf
  X:C136H         SYMBOL        len
  -------         DO            
  D:0003H         SYMBOL        i
  -------         ENDDO         
  C:7F5CH         LINE#         791
  C:7F6BH         LINE#         792
  C:7F6BH         LINE#         795
  C:7F6FH         LINE#         796
  C:7F76H         LINE#         797
  C:7F79H         LINE#         798
  C:7F7CH         LINE#         799
  C:7F80H         LINE#         800
  C:7F83H         LINE#         801
  C:7F86H         LINE#         802
  C:7F89H         LINE#         803
  C:7F9BH         LINE#         804
  C:7F9BH         LINE#         805
  C:7F9EH         LINE#         806
  C:7FB3H         LINE#         807
  C:7FC8H         LINE#         808
  C:7FCAH         LINE#         809
  C:7FD8H         LINE#         810
BL51 BANKED LINKER/LOCATER V6.22.2.0                                                  12/09/2022  13:52:00  PAGE 24


  C:7FD8H         LINE#         811
  C:7FDBH         LINE#         812
  C:7FEBH         LINE#         813
  C:7FEBH         LINE#         814
  C:8000H         LINE#         815
  C:8015H         LINE#         816
  C:802AH         LINE#         817
  C:803FH         LINE#         818
  C:8041H         LINE#         819
  C:804FH         LINE#         820
  C:8051H         LINE#         821
  C:8055H         LINE#         822
  C:8055H         LINE#         823
  C:8058H         LINE#         824
  C:806DH         LINE#         825
  C:8082H         LINE#         826
  C:8084H         LINE#         827
  C:8084H         LINE#         828
  C:8087H         LINE#         829
  -------         ENDPROC       _SYS_WRITE_VP
  -------         ENDMOD        SYS

  -------         MODULE        TIMER
  C:0000H         SYMBOL        _ICE_DUMMY_
  B:00A8H.7       PUBLIC        EA
  C:A47CH         PUBLIC        _KillTimer
  D:0008H         PUBLIC        TimerTime
  C:A391H         PUBLIC        _StartTimer
  X:C0CDH         PUBLIC        PWMPort
  X:C0D5H         PUBLIC        PWMPin
  X:C0DDH         PUBLIC        PWMLow
  D:0089H         PUBLIC        TMOD
  X:C0EDH         PUBLIC        EnablePWM
  C:978CH         PUBLIC        T0_ISR_PC
  D:0018H         PUBLIC        OutTimeFlag
  B:00A8H.1       PUBLIC        ET0
  B:00C0H.6       PUBLIC        TF2
  D:008CH         PUBLIC        TH0
  D:0019H         PUBLIC        SysTick
  D:001AH         PUBLIC        EnableTimer
  D:008AH         PUBLIC        TL0
  B:0088H.4       PUBLIC        TR0
  C:A4FFH         PUBLIC        timer2_Isr
  C:A4A6H         PUBLIC        _GetTimeOutFlag
  X:C0EEH         PUBLIC        PWMTicks
  C:A410H         PUBLIC        T0_Init
  X:C0FEH         PUBLIC        PWMTotal
  -------         PROC          T0_INIT
  C:A410H         LINE#         46
  C:A410H         LINE#         47
  C:A410H         LINE#         48
  C:A413H         LINE#         50
  C:A416H         LINE#         51
  C:A418H         LINE#         52
  C:A41AH         LINE#         54
  C:A41CH         LINE#         55
  C:A41EH         LINE#         57
BL51 BANKED LINKER/LOCATER V6.22.2.0                                                  12/09/2022  13:52:00  PAGE 25


  C:A421H         LINE#         58
  C:A424H         LINE#         59
  C:A427H         LINE#         60
  C:A429H         LINE#         62
  C:A42BH         LINE#         63
  -------         ENDPROC       T0_INIT
  -------         PROC          T0_ISR_PC
  -------         DO            
  D:001BH         SYMBOL        i
  -------         ENDDO         
  C:978CH         LINE#         74
  C:9799H         LINE#         78
  C:979BH         LINE#         79
  C:979EH         LINE#         80
  C:97A1H         LINE#         81
  C:97A3H         LINE#         82
  C:97ABH         LINE#         83
  C:97B9H         LINE#         84
  C:97B9H         LINE#         85
  C:97CFH         LINE#         86
  C:97CFH         LINE#         87
  C:97DDH         LINE#         88
  C:97EBH         LINE#         89
  C:97EBH         LINE#         90
  C:97F9H         LINE#         91
  C:97FCH         LINE#         92
  C:97FCH         LINE#         93
  C:97FCH         LINE#         94
  C:9800H         LINE#         95
  C:9802H         LINE#         96
  -------         ENDPROC       T0_ISR_PC
  -------         PROC          TIMER2_ISR
  C:A4FFH         LINE#         98
  C:A4FFH         LINE#         100
  C:A501H         LINE#         101
  C:A503H         LINE#         102
  C:A505H         LINE#         103
  -------         ENDPROC       TIMER2_ISR
  -------         PROC          _STARTTIMER
  D:0007H         SYMBOL        ID
  D:0004H         SYMBOL        nTime
  C:A391H         LINE#         118
  C:A391H         LINE#         119
  C:A391H         LINE#         120
  C:A393H         LINE#         121
  C:A3A1H         LINE#         122
  C:A3ACH         LINE#         123
  C:A3B0H         LINE#         124
  C:A3B2H         LINE#         125
  -------         ENDPROC       _STARTTIMER
  -------         PROC          _KILLTIMER
  D:0007H         SYMBOL        ID
  C:A47CH         LINE#         138
  C:A47CH         LINE#         139
  C:A47CH         LINE#         140
  C:A47EH         LINE#         141
  C:A48CH         LINE#         142
BL51 BANKED LINKER/LOCATER V6.22.2.0                                                  12/09/2022  13:52:00  PAGE 26


  C:A48EH         LINE#         143
  C:A490H         LINE#         144
  -------         ENDPROC       _KILLTIMER
  -------         PROC          _GETTIMEOUTFLAG
  D:0007H         SYMBOL        ID
  -------         DO            
  D:0007H         SYMBOL        flag
  -------         ENDDO         
  C:A4A6H         LINE#         156
  C:A4A6H         LINE#         157
  C:A4A6H         LINE#         159
  C:A4A8H         LINE#         160
  C:A4B6H         LINE#         161
  C:A4B8H         LINE#         162
  C:A4B8H         LINE#         164
  -------         ENDPROC       _GETTIMEOUTFLAG
  -------         ENDMOD        TIMER

  -------         MODULE        UART
  C:0000H         SYMBOL        _ICE_DUMMY_
  D:0080H         PUBLIC        P0
  C:9463H         PUBLIC        uart2_Isr
  C:9210H         PUBLIC        uart3_Isr
  B:00A8H.7       PUBLIC        EA
  X:8000H         PUBLIC        Uart_Struct
  D:00A8H         PUBLIC        IEN0
  D:00B8H         PUBLIC        IEN1
  X:A024H         PUBLIC        RxReadPt
  D:009AH         PUBLIC        IEN2
  C:A4D5H         PUBLIC        _UART4_Sendbyte
  X:A026H         PUBLIC        RxWritePt
  D:00BAH         PUBLIC        SREL0H
  D:00BBH         PUBLIC        SREL1H
  D:00AAH         PUBLIC        SREL0L
  C:9EA7H         PUBLIC        _UartInit
  D:009DH         PUBLIC        SREL1L
  D:0097H         PUBLIC        SCON2R
  D:00D9H         PUBLIC        BODE2_DIV_H
  D:00ABH         PUBLIC        SCON3R
  D:00AEH         PUBLIC        BODE3_DIV_H
  D:0096H         PUBLIC        SCON2T
  D:00A7H         PUBLIC        SCON3T
  D:00E7H         PUBLIC        BODE2_DIV_L
  D:00AFH         PUBLIC        BODE3_DIV_L
  D:00C9H         PUBLIC        MUX_SEL
  B:00A8H.4       PUBLIC        ES0
  B:0098H.0       PUBLIC        RI0
  B:0098H.1       PUBLIC        TI0
  D:0099H         PUBLIC        SBUF0
  D:009CH         PUBLIC        SBUF1
  D:0098H         PUBLIC        SCON0
  D:009BH         PUBLIC        SCON1
  C:9F49H         PUBLIC        _UART2_Init
  D:00D8H         PUBLIC        ADCON
  C:A031H         PUBLIC        _UART3_Init
  C:74CCH         PUBLIC        _Uatr_Send_Data
  C:A2F2H         PUBLIC        _UART4_Init
BL51 BANKED LINKER/LOCATER V6.22.2.0                                                  12/09/2022  13:52:00  PAGE 27


  C:A31AH         PUBLIC        _UART5_Init
  X:A028H         PUBLIC        RxBuf
  D:009FH         PUBLIC        SBUF2_RX
  D:00ADH         PUBLIC        SBUF3_RX
  D:009EH         PUBLIC        SBUF2_TX
  D:00ACH         PUBLIC        SBUF3_TX
  C:9EFAH         PUBLIC        uart4r_Isr
  C:A10AH         PUBLIC        uart5r_Isr
  C:9C7EH         PUBLIC        uart4t_Isr
  C:9CDEH         PUBLIC        uart5t_Isr
  C:9D9DH         PUBLIC        _UART4_Sendbyte32
  C:A4E1H         PUBLIC        _UART4_Sendbyte16
  -------         PROC          _UART2_INIT
  D:0004H         SYMBOL        bdt
  -------         DO            
  X:C11EH         SYMBOL        tmp
  -------         ENDDO         
  C:9F49H         LINE#         42
  C:9F49H         LINE#         43
  C:9F49H         LINE#         45
  C:9F6AH         LINE#         46
  C:9F6DH         LINE#         47
  C:9F74H         LINE#         48
  C:9F7BH         LINE#         49
  C:9F7EH         LINE#         50
  C:9F81H         LINE#         51
  C:9F84H         LINE#         52
  C:9F8FH         LINE#         53
  C:9F91H         LINE#         54
  C:9F94H         LINE#         55
  C:9F96H         LINE#         66
  -------         ENDPROC       _UART2_INIT
  -------         PROC          _UART3_INIT
  D:0004H         SYMBOL        bdt
  -------         DO            
  X:C11EH         SYMBOL        tmp
  -------         ENDDO         
  C:A031H         LINE#         81
  C:A031H         LINE#         82
  C:A031H         LINE#         84
  C:A052H         LINE#         86
  C:A055H         LINE#         88
  C:A05CH         LINE#         89
  C:A063H         LINE#         90
  C:A066H         LINE#         92
  C:A069H         LINE#         93
  C:A074H         LINE#         94
  C:A076H         LINE#         95
  C:A079H         LINE#         105
  -------         ENDPROC       _UART3_INIT
  -------         PROC          _UART4_INIT
  D:0004H         SYMBOL        bdt
  -------         DO            
  D:0004H         SYMBOL        tmp
  -------         ENDDO         
  C:A2F2H         LINE#         120
  C:A2F2H         LINE#         121
BL51 BANKED LINKER/LOCATER V6.22.2.0                                                  12/09/2022  13:52:00  PAGE 28


  C:A2F2H         LINE#         123
  C:A2F5H         LINE#         124
  C:A2F8H         LINE#         125
  C:A30FH         LINE#         126
  C:A312H         LINE#         127
  C:A316H         LINE#         129
  C:A319H         LINE#         139
  -------         ENDPROC       _UART4_INIT
  -------         PROC          _UART5_INIT
  D:0004H         SYMBOL        bdt
  -------         DO            
  D:0004H         SYMBOL        tmp
  -------         ENDDO         
  C:A31AH         LINE#         154
  C:A31AH         LINE#         155
  C:A31AH         LINE#         157
  C:A31DH         LINE#         158
  C:A320H         LINE#         160
  C:A337H         LINE#         161
  C:A33AH         LINE#         162
  C:A33EH         LINE#         163
  C:A341H         LINE#         173
  -------         ENDPROC       _UART5_INIT
  -------         PROC          _UARTINIT
  D:0007H         SYMBOL        UartPort
  X:C11AH         SYMBOL        bdt
  C:9EA7H         LINE#         175
  C:9EA7H         LINE#         176
  C:9EA7H         LINE#         177
  C:9EB5H         LINE#         178
  C:9EB5H         LINE#         179
  C:9EC6H         LINE#         180
  C:9ED7H         LINE#         181
  C:9EE8H         LINE#         182
  C:9EF9H         LINE#         183
  C:9EF9H         LINE#         184
  C:9EF9H         LINE#         185
  -------         ENDPROC       _UARTINIT
  -------         PROC          _UATR_SEND_DATA
  X:C10FH         SYMBOL        str
  X:C110H         SYMBOL        len
  X:C112H         SYMBOL        buf
  -------         DO            
  X:C115H         SYMBOL        i
  -------         ENDDO         
  C:74CCH         LINE#         197
  C:74E0H         LINE#         198
  C:74E0H         LINE#         201
  C:74E2H         LINE#         202
  C:74FFH         LINE#         203
  C:74FFH         LINE#         204
  C:7558H         LINE#         205
  C:7577H         LINE#         206
  C:7593H         LINE#         207
  C:75A4H         LINE#         208
  C:75BBH         LINE#         209
  C:75BBH         LINE#         210
BL51 BANKED LINKER/LOCATER V6.22.2.0                                                  12/09/2022  13:52:00  PAGE 29


  C:75BBH         LINE#         211
  C:75C4H         LINE#         212
  C:75C4H         LINE#         216
  C:75C6H         LINE#         217
  C:75D9H         LINE#         218
  C:75E7H         LINE#         219
  C:75EAH         LINE#         220
  C:75EAH         LINE#         221
  C:75EDH         LINE#         222
  C:75EDH         LINE#         223
  C:75F6H         LINE#         224
  C:75F6H         LINE#         228
  C:75F8H         LINE#         229
  C:760BH         LINE#         230
  C:7619H         LINE#         231
  C:761CH         LINE#         232
  C:761CH         LINE#         233
  C:761EH         LINE#         234
  C:761EH         LINE#         235
  C:7624H         LINE#         236
  C:7624H         LINE#         240
  C:7626H         LINE#         241
  C:7639H         LINE#         242
  C:7647H         LINE#         243
  C:764AH         LINE#         244
  C:764AH         LINE#         245
  C:764CH         LINE#         246
  C:764CH         LINE#         247
  C:7652H         LINE#         248
  C:7652H         LINE#         252
  C:7654H         LINE#         253
  C:7667H         LINE#         254
  C:7675H         LINE#         255
  C:767CH         LINE#         256
  C:767CH         LINE#         257
  C:767CH         LINE#         258
  C:767CH         LINE#         259
  C:767CH         LINE#         260
  C:767CH         LINE#         261
  C:767EH         LINE#         262
  -------         ENDPROC       _UATR_SEND_DATA
  -------         PROC          UART2_ISR
  C:9463H         LINE#         264
  C:9472H         LINE#         266
  C:9474H         LINE#         267
  C:9477H         LINE#         268
  C:9477H         LINE#         269
  C:9479H         LINE#         270
  C:948CH         LINE#         271
  C:949AH         LINE#         272
  C:94A1H         LINE#         273
  C:94A1H         LINE#         274
  C:94A4H         LINE#         275
  C:94A4H         LINE#         276
  C:94A6H         LINE#         277
  C:94BAH         LINE#         278
  C:94BAH         LINE#         279
BL51 BANKED LINKER/LOCATER V6.22.2.0                                                  12/09/2022  13:52:00  PAGE 30


  C:94C7H         LINE#         280
  C:94D5H         LINE#         281
  C:94DCH         LINE#         282
  C:94DEH         LINE#         284
  C:94DEH         LINE#         285
  C:94E3H         LINE#         289
  C:94E3H         LINE#         290
  C:94E3H         LINE#         291
  C:94E5H         LINE#         292
  -------         ENDPROC       UART2_ISR
  -------         PROC          UART4T_ISR
  C:9C7EH         LINE#         294
  C:9C8DH         LINE#         296
  C:9C8FH         LINE#         297
  C:9C92H         LINE#         298
  C:9CA6H         LINE#         299
  C:9CA6H         LINE#         300
  C:9CB3H         LINE#         301
  C:9CC1H         LINE#         302
  C:9CC8H         LINE#         303
  C:9CCAH         LINE#         305
  C:9CCAH         LINE#         306
  C:9CCFH         LINE#         310
  C:9CCFH         LINE#         311
  C:9CD1H         LINE#         312
  -------         ENDPROC       UART4T_ISR
  -------         PROC          UART4R_ISR
  -------         DO            
  D:0007H         SYMBOL        res
  -------         ENDDO         
  C:9EFAH         LINE#         314
  C:9F09H         LINE#         323
  C:9F09H         LINE#         324
  C:9F0BH         LINE#         325
  C:9F13H         LINE#         326
  C:9F13H         LINE#         327
  C:9F15H         LINE#         328
  C:9F29H         LINE#         329
  C:9F37H         LINE#         330
  C:9F37H         LINE#         331
  C:9F3AH         LINE#         332
  C:9F3CH         LINE#         333
  -------         ENDPROC       UART4R_ISR
  -------         PROC          _UART4_SENDBYTE
  D:0007H         SYMBOL        dat
  C:A4D5H         LINE#         336
  C:A4D5H         LINE#         337
  C:A4D5H         LINE#         338
  C:A4D7H         LINE#         339
  C:A4DDH         LINE#         340
  C:A4E0H         LINE#         341
  -------         ENDPROC       _UART4_SENDBYTE
  -------         PROC          _UART4_SENDBYTE16
  D:0006H         SYMBOL        dat
  -------         DO            
  D:0005H         SYMBOL        data_L
  D:0007H         SYMBOL        data_H
BL51 BANKED LINKER/LOCATER V6.22.2.0                                                  12/09/2022  13:52:00  PAGE 31


  -------         ENDDO         
  C:A4E1H         LINE#         343
  C:A4E1H         LINE#         344
  C:A4E1H         LINE#         346
  C:A4E3H         LINE#         347
  C:A4E5H         LINE#         348
  C:A4E8H         LINE#         349
  -------         ENDPROC       _UART4_SENDBYTE16
  -------         PROC          _UART4_SENDBYTE32
  X:C1EEH         SYMBOL        dat
  -------         DO            
  D:0001H         SYMBOL        data_8
  D:0003H         SYMBOL        data_16
  D:0002H         SYMBOL        data_24
  D:0007H         SYMBOL        data_32
  -------         ENDDO         
  C:9D9DH         LINE#         353
  C:9DA3H         LINE#         354
  C:9DA3H         LINE#         356
  C:9DB3H         LINE#         357
  C:9DC1H         LINE#         358
  C:9DD6H         LINE#         359
  C:9DE9H         LINE#         360
  C:9DECH         LINE#         361
  C:9DF1H         LINE#         362
  C:9DF6H         LINE#         363
  -------         ENDPROC       _UART4_SENDBYTE32
  -------         PROC          UART5T_ISR
  C:9CDEH         LINE#         368
  C:9CEDH         LINE#         370
  C:9CEFH         LINE#         371
  C:9CF2H         LINE#         372
  C:9D06H         LINE#         373
  C:9D06H         LINE#         374
  C:9D13H         LINE#         375
  C:9D21H         LINE#         376
  C:9D28H         LINE#         377
  C:9D2AH         LINE#         379
  C:9D2AH         LINE#         380
  C:9D2FH         LINE#         384
  C:9D2FH         LINE#         385
  C:9D31H         LINE#         386
  -------         ENDPROC       UART5T_ISR
  -------         PROC          UART5R_ISR
  C:A10AH         LINE#         388
  C:A117H         LINE#         390
  C:A119H         LINE#         391
  C:A11CH         LINE#         392
  C:A12FH         LINE#         393
  C:A13DH         LINE#         394
  C:A144H         LINE#         395
  C:A146H         LINE#         396
  -------         ENDPROC       UART5R_ISR
  -------         PROC          UART3_ISR
  C:9210H         LINE#         398
  C:921FH         LINE#         400
  C:9221H         LINE#         401
BL51 BANKED LINKER/LOCATER V6.22.2.0                                                  12/09/2022  13:52:00  PAGE 32


  C:9226H         LINE#         402
  C:9226H         LINE#         403
  C:9229H         LINE#         404
  C:922CH         LINE#         405
  C:923FH         LINE#         406
  C:924DH         LINE#         407
  C:9254H         LINE#         408
  C:9254H         LINE#         409
  C:9259H         LINE#         410
  C:9259H         LINE#         411
  C:925CH         LINE#         412
  C:925FH         LINE#         413
  C:9273H         LINE#         414
  C:9273H         LINE#         415
  C:9280H         LINE#         416
  C:928EH         LINE#         417
  C:9295H         LINE#         418
  C:9297H         LINE#         420
  C:9297H         LINE#         421
  C:929CH         LINE#         425
  C:929CH         LINE#         426
  C:929CH         LINE#         427
  C:929EH         LINE#         428
  -------         ENDPROC       UART3_ISR
  -------         ENDMOD        UART

  -------         MODULE        CANBUS
  C:0000H         SYMBOL        _ICE_DUMMY_
  D:00F1H         PUBLIC        ADR_H
  D:00F3H         PUBLIC        ADR_L
  D:00F2H         PUBLIC        ADR_M
  B:00A8H.7       PUBLIC        EA
  D:00F8H         PUBLIC        RAMMODE
  X:A228H         PUBLIC        CanData
  B:00F8H.4       PUBLIC        APP_ACK
  D:00F4H         PUBLIC        ADR_INC
  C:7CB1H         PUBLIC        LoadOneFrame
  B:00B8H.1       PUBLIC        ECAN
  C:5DB7H         PUBLIC        Can_Isr
  C:A42CH         PUBLIC        CanErrorReset
  D:00C9H         PUBLIC        MUX_SEL
  D:008FH         PUBLIC        CAN_CR
  D:00FDH         PUBLIC        DATA0
  D:00FCH         PUBLIC        DATA1
  D:00E8H         PUBLIC        CAN_ET
  D:00FBH         PUBLIC        DATA2
  D:00FAH         PUBLIC        DATA3
  D:0091H         PUBLIC        CAN_IR
  B:00F8H.6       PUBLIC        APP_EN
  C:93D2H         PUBLIC        _CanBusInit
  C:63FCH         PUBLIC        _CanTx
  -------         PROC          _CANBUSINIT
  X:C119H         SYMBOL        RegCfg
  C:93D2H         LINE#         26
  C:93DDH         LINE#         27
  C:93DDH         LINE#         28
  C:93E4H         LINE#         29
BL51 BANKED LINKER/LOCATER V6.22.2.0                                                  12/09/2022  13:52:00  PAGE 33


  C:93EBH         LINE#         30
  C:93F4H         LINE#         31
  C:93F7H         LINE#         32
  C:93FAH         LINE#         33
  C:93FDH         LINE#         34
  C:9400H         LINE#         35
  C:9403H         LINE#         36
  C:9406H         LINE#         37
  C:9409H         LINE#         44
  C:9419H         LINE#         45
  C:9421H         LINE#         46
  C:9429H         LINE#         47
  C:9431H         LINE#         49
  C:9433H         LINE#         50
  C:9436H         LINE#         51
  C:9439H         LINE#         52
  C:943BH         LINE#         53
  C:943DH         LINE#         54
  C:943FH         LINE#         55
  C:9441H         LINE#         56
  C:9444H         LINE#         57
  C:9447H         LINE#         58
  C:944AH         LINE#         59
  C:944DH         LINE#         60
  C:9450H         LINE#         61
  C:9452H         LINE#         62
  C:9455H         LINE#         63
  C:9458H         LINE#         64
  C:945BH         LINE#         65
  C:9460H         LINE#         66
  C:9462H         LINE#         67
  -------         ENDPROC       _CANBUSINIT
  -------         PROC          CANERRORRESET
  C:A42CH         LINE#         84
  C:A42CH         LINE#         85
  C:A42CH         LINE#         87
  C:A431H         LINE#         88
  C:A431H         LINE#         89
  C:A434H         LINE#         90
  C:A437H         LINE#         91
  C:A43EH         LINE#         92
  C:A441H         LINE#         93
  C:A446H         LINE#         94
  C:A446H         LINE#         96
  -------         ENDPROC       CANERRORRESET
  -------         PROC          LOADONEFRAME
  C:7CB1H         LINE#         99
  C:7CB1H         LINE#         100
  C:7CB1H         LINE#         101
  C:7CB4H         LINE#         102
  C:7CB7H         LINE#         103
  C:7CBAH         LINE#         104
  C:7CBDH         LINE#         105
  C:7CC0H         LINE#         106
  C:7CC3H         LINE#         107
  C:7CD8H         LINE#         108
  C:7CDBH         LINE#         109
BL51 BANKED LINKER/LOCATER V6.22.2.0                                                  12/09/2022  13:52:00  PAGE 34


  C:7CDDH         LINE#         110
  C:7CDFH         LINE#         111
  C:7CE1H         LINE#         112
  C:7CE4H         LINE#         113
  C:7D09H         LINE#         114
  C:7D2AH         LINE#         115
  C:7D4FH         LINE#         116
  C:7D64H         LINE#         117
  C:7D66H         LINE#         118
  C:7D69H         LINE#         119
  C:7D7FH         LINE#         120
  C:7D91H         LINE#         121
  C:7DA7H         LINE#         122
  C:7DB9H         LINE#         123
  C:7DBBH         LINE#         124
  C:7DBEH         LINE#         125
  C:7DD4H         LINE#         126
  C:7DE6H         LINE#         127
  C:7DFCH         LINE#         128
  C:7E0EH         LINE#         129
  C:7E10H         LINE#         130
  C:7E13H         LINE#         131
  C:7E19H         LINE#         132
  C:7E1CH         LINE#         133
  -------         ENDPROC       LOADONEFRAME
  -------         PROC          _CANTX
  X:C10FH         SYMBOL        ID
  X:C113H         SYMBOL        status
  X:C114H         SYMBOL        len
  X:C116H         SYMBOL        pData
  -------         DO            
  X:C119H         SYMBOL        i
  X:C11AH         SYMBOL        j
  X:C11BH         SYMBOL        k
  X:C11CH         SYMBOL        framnum
  X:C11DH         SYMBOL        framoffset
  X:C11EH         SYMBOL        idtmp
  X:C122H         SYMBOL        statustmp
  -------         ENDDO         
  C:63FCH         LINE#         136
  C:6402H         LINE#         137
  C:6402H         LINE#         141
  C:6414H         LINE#         143
[...]
  C:3799H         LINE#         1178
  C:3799H         LINE#         1179
  C:37A0H         LINE#         1180
  C:37A8H         LINE#         1181
  C:37B0H         LINE#         1182
  C:37B8H         LINE#         1183
  C:37C0H         LINE#         1184
  C:37C7H         LINE#         1185
  C:37C7H         LINE#         1186
  C:37C7H         LINE#         1188
  C:37CAH         LINE#         1189
  C:37CEH         LINE#         1190
  C:37CEH         LINE#         1191
  C:37DBH         LINE#         1192
  C:37DBH         LINE#         1193
  C:37E2H         LINE#         1194
  C:37EAH         LINE#         1195
  C:37F2H         LINE#         1196
  C:37FAH         LINE#         1197
  C:3801H         LINE#         1198
  C:3801H         LINE#         1199
  C:3801H         LINE#         1200
  C:3803H         LINE#         1202
  C:3803H         LINE#         1203
  C:380AH         LINE#         1204
  C:3812H         LINE#         1205
  C:381AH         LINE#         1206
  C:3822H         LINE#         1207
  C:382AH         LINE#         1208
  C:382FH         LINE#         1209
  C:382FH         LINE#         1210
  C:382FH         LINE#         1212
  C:3832H         LINE#         1213
  C:3836H         LINE#         1214
  C:3836H         LINE#         1215
  C:3843H         LINE#         1216
  C:3843H         LINE#         1217
  C:384AH         LINE#         1218
  C:3852H         LINE#         1219
  C:385AH         LINE#         1220
  C:3862H         LINE#         1221
BL51 BANKED LINKER/LOCATER V6.22.2.0                                                  12/09/2022  13:52:00  PAGE 115


  C:3867H         LINE#         1222
  C:3867H         LINE#         1223
  C:3867H         LINE#         1224
  C:3869H         LINE#         1226
  C:3869H         LINE#         1227
  C:3870H         LINE#         1228
  C:3877H         LINE#         1229
  C:387FH         LINE#         1230
  C:3887H         LINE#         1231
  C:388FH         LINE#         1232
  C:3894H         LINE#         1233
  C:3894H         LINE#         1234
  C:3894H         LINE#         1236
  C:3897H         LINE#         1237
  C:389BH         LINE#         1238
  C:389BH         LINE#         1239
  C:38A8H         LINE#         1240
  C:38A8H         LINE#         1241
  C:38AFH         LINE#         1242
  C:38B7H         LINE#         1243
  C:38BFH         LINE#         1244
  C:38C7H         LINE#         1245
  C:38CCH         LINE#         1246
  C:38CFH         LINE#         1247
  C:38CFH         LINE#         1248
  C:38D1H         LINE#         1250
  C:38D1H         LINE#         1251
  C:38D8H         LINE#         1252
  C:38E0H         LINE#         1253
  C:38E8H         LINE#         1254
  C:38F0H         LINE#         1255
  C:38F8H         LINE#         1256
  C:38FFH         LINE#         1257
  C:38FFH         LINE#         1258
  C:38FFH         LINE#         1260
  C:3902H         LINE#         1261
  C:3906H         LINE#         1262
  C:3906H         LINE#         1263
  C:3913H         LINE#         1264
  C:3913H         LINE#         1265
  C:391AH         LINE#         1266
  C:3922H         LINE#         1267
  C:392AH         LINE#         1268
  C:3932H         LINE#         1269
  C:3937H         LINE#         1270
  C:3937H         LINE#         1271
  C:3937H         LINE#         1272
  C:3939H         LINE#         1274
  C:3939H         LINE#         1275
  C:3940H         LINE#         1276
  C:3948H         LINE#         1277
  C:394FH         LINE#         1278
  C:3957H         LINE#         1279
  C:395FH         LINE#         1280
  C:3964H         LINE#         1281
  C:3964H         LINE#         1282
  C:3964H         LINE#         1284
BL51 BANKED LINKER/LOCATER V6.22.2.0                                                  12/09/2022  13:52:00  PAGE 116


  C:3967H         LINE#         1285
  C:396BH         LINE#         1286
  C:396BH         LINE#         1287
  C:3978H         LINE#         1288
  C:3978H         LINE#         1289
  C:397EH         LINE#         1290
  C:3986H         LINE#         1291
  C:398EH         LINE#         1292
  C:3996H         LINE#         1293
  C:399CH         LINE#         1294
  C:39A0H         LINE#         1295
  C:39A0H         LINE#         1296
  C:39A2H         LINE#         1298
  C:39A2H         LINE#         1299
  C:39A8H         LINE#         1300
  C:39B0H         LINE#         1301
  C:39B8H         LINE#         1302
  C:39BFH         LINE#         1303
  C:39C7H         LINE#         1304
  C:39CEH         LINE#         1305
  C:39CEH         LINE#         1306
  C:39CEH         LINE#         1308
  C:39D1H         LINE#         1309
  C:39D5H         LINE#         1310
  C:39D5H         LINE#         1311
  C:39E2H         LINE#         1312
  C:39E2H         LINE#         1313
  C:39E4H         LINE#         1314
  C:39E4H         LINE#         1315
  C:39E4H         LINE#         1316
  C:39E4H         LINE#         1317
  C:39E4H         LINE#         1318
  C:39E4H         LINE#         1319
  C:39E4H         LINE#         1320
  C:39E6H         LINE#         1322
  C:39E6H         LINE#         1323
  C:39EDH         LINE#         1324
  C:39F4H         LINE#         1325
  C:39FCH         LINE#         1326
  C:3A04H         LINE#         1327
  C:3A0AH         LINE#         1328
  C:3A11H         LINE#         1329
  C:3A12H         LINE#         1330
  C:3A12H         LINE#         1332
  C:3A14H         LINE#         1333
  C:3A18H         LINE#         1334
  C:3A18H         LINE#         1335
  C:3A25H         LINE#         1336
  C:3A25H         LINE#         1337
  C:3A2BH         LINE#         1338
  C:3A2BH         LINE#         1339
  C:3A2BH         LINE#         1340
  C:3A2BH         LINE#         1341
  C:3A2BH         LINE#         1342
  C:3A2BH         LINE#         1343
  C:3A2BH         LINE#         1344
  C:3A2DH         LINE#         1346
BL51 BANKED LINKER/LOCATER V6.22.2.0                                                  12/09/2022  13:52:00  PAGE 117


  C:3A2DH         LINE#         1347
  C:3A34H         LINE#         1348
  C:3A3BH         LINE#         1349
  C:3A43H         LINE#         1350
  C:3A4BH         LINE#         1351
  C:3A51H         LINE#         1352
  C:3A58H         LINE#         1353
  C:3A5DH         LINE#         1354
  C:3A5DH         LINE#         1356
  C:3A5FH         LINE#         1357
  C:3A63H         LINE#         1358
  C:3A63H         LINE#         1359
  C:3A70H         LINE#         1360
  C:3A70H         LINE#         1361
  C:3A76H         LINE#         1362
  C:3A7DH         LINE#         1363
  C:3A85H         LINE#         1364
  C:3A8DH         LINE#         1365
  C:3A95H         LINE#         1366
  C:3A9DH         LINE#         1367
  C:3AA5H         LINE#         1368
  C:3AA7H         LINE#         1370
  C:3AA7H         LINE#         1371
  C:3AADH         LINE#         1372
  C:3AB5H         LINE#         1373
  C:3ABCH         LINE#         1374
  C:3AC4H         LINE#         1375
  C:3ACCH         LINE#         1376
  C:3AD1H         LINE#         1377
  C:3AD8H         LINE#         1378
  C:3AD8H         LINE#         1380
  C:3AD8H         LINE#         1382
  C:3AEDH         LINE#         1383
  C:3B02H         LINE#         1384
  C:3B17H         LINE#         1385
  C:3B2CH         LINE#         1386
  C:3B41H         LINE#         1387
  C:3B56H         LINE#         1388
  C:3B6BH         LINE#         1390
  C:3B72H         LINE#         1391
  -------         ENDPROC       _ALM_INIT
  -------         ENDMOD        RECEIVEDATA

  -------         MODULE        VARS
  C:0000H         SYMBOL        _ICE_DUMMY_
  X:BF47H         PUBLIC        gCtrlPara
  X:C043H         PUBLIC        TP_Status_Old
  X:C04BH         PUBLIC        Contorlcount
  C:667BH         PUBLIC        Vars_Initialize
  X:C04DH         PUBLIC        TP_Status_New
  X:C055H         PUBLIC        HOST_Addr
  X:C057H         PUBLIC        gTime1
  X:C059H         PUBLIC        gTime2
  X:C05BH         PUBLIC        gTime3
  X:C05DH         PUBLIC        gTime4
  X:C05FH         PUBLIC        gTime5
  X:C061H         PUBLIC        gTime6
BL51 BANKED LINKER/LOCATER V6.22.2.0                                                  12/09/2022  13:52:00  PAGE 118


  X:C063H         PUBLIC        gTime7
  X:C065H         PUBLIC        gTime8
  X:C067H         PUBLIC        gTime9
  X:C069H         PUBLIC        Read_StatusFlag
  X:C06BH         PUBLIC        HMI_VERSION
  X:C074H         PUBLIC        gTime
  -------         PROC          VARS_INITIALIZE
  C:667BH         LINE#         31
  C:667BH         LINE#         32
  C:667BH         LINE#         34
  C:6682H         LINE#         35
  C:6688H         LINE#         36
  C:668EH         LINE#         37
  C:6692H         LINE#         39
  C:6696H         LINE#         40
  C:669DH         LINE#         41
  C:66A2H         LINE#         43
  C:66A8H         LINE#         44
  C:66B0H         LINE#         47
  C:66B7H         LINE#         48
  C:66BBH         LINE#         50
  C:66C3H         LINE#         51
  C:66CDH         LINE#         52
  C:66D4H         LINE#         53
  C:66D8H         LINE#         55
  C:66DEH         LINE#         56
  C:66E4H         LINE#         57
  C:66E8H         LINE#         58
  C:66ECH         LINE#         59
  C:66F0H         LINE#         60
  C:66F4H         LINE#         61
  C:66F8H         LINE#         62
  C:66FCH         LINE#         63
  C:6700H         LINE#         64
  C:6704H         LINE#         66
  C:670AH         LINE#         67
  C:670EH         LINE#         69
  C:6713H         LINE#         70
  C:6715H         LINE#         71
  C:6717H         LINE#         72
  C:6719H         LINE#         73
  C:671BH         LINE#         75
  C:671DH         LINE#         77
  C:6721H         LINE#         78
  C:6725H         LINE#         79
  C:6727H         LINE#         80
  C:672BH         LINE#         81
  C:672DH         LINE#         83
  C:6732H         LINE#         84
  C:6736H         LINE#         85
  C:673AH         LINE#         86
  C:673EH         LINE#         87
  C:6742H         LINE#         88
  C:6746H         LINE#         89
  C:674AH         LINE#         91
  C:674EH         LINE#         92
  C:6754H         LINE#         94
BL51 BANKED LINKER/LOCATER V6.22.2.0                                                  12/09/2022  13:52:00  PAGE 119


  C:675AH         LINE#         95
  C:675EH         LINE#         96
  C:6762H         LINE#         98
  C:6766H         LINE#         99
  C:676AH         LINE#         100
  C:6770H         LINE#         102
  C:6776H         LINE#         103
  C:677AH         LINE#         105
  C:677EH         LINE#         106
  C:6782H         LINE#         107
  C:6786H         LINE#         108
  C:678AH         LINE#         110
  C:678EH         LINE#         111
  C:6792H         LINE#         112
  C:6796H         LINE#         113
  C:679AH         LINE#         115
  C:679EH         LINE#         117
  C:67A2H         LINE#         118
  C:67A6H         LINE#         119
  C:67AAH         LINE#         120
  C:67AEH         LINE#         123
  C:67B2H         LINE#         124
  C:67B6H         LINE#         126
  C:67BCH         LINE#         127
  C:67C0H         LINE#         129
  C:67C4H         LINE#         130
  C:67C8H         LINE#         131
  C:67CCH         LINE#         132
  C:67D0H         LINE#         134
  C:67D6H         LINE#         136
  C:67DAH         LINE#         137
  C:67DEH         LINE#         138
  C:67E2H         LINE#         140
  C:67E6H         LINE#         141
  C:67ECH         LINE#         142
  C:67F2H         LINE#         143
  C:67F6H         LINE#         144
  C:67FCH         LINE#         145
  C:6800H         LINE#         146
  C:6804H         LINE#         147
  C:6808H         LINE#         149
  C:680CH         LINE#         150
  C:6810H         LINE#         151
  C:6814H         LINE#         152
  C:6818H         LINE#         153
  C:681CH         LINE#         154
  C:6820H         LINE#         156
  C:6824H         LINE#         157
  C:6828H         LINE#         158
  C:682CH         LINE#         159
  C:6830H         LINE#         160
  C:6834H         LINE#         161
  C:6838H         LINE#         162
  C:683CH         LINE#         163
  C:6840H         LINE#         164
  C:6844H         LINE#         166
  C:6848H         LINE#         167
BL51 BANKED LINKER/LOCATER V6.22.2.0                                                  12/09/2022  13:52:00  PAGE 120


  C:684CH         LINE#         168
  C:6850H         LINE#         169
  C:6856H         LINE#         170
  C:685CH         LINE#         171
  C:6863H         LINE#         172
  C:6869H         LINE#         173
  C:686EH         LINE#         175
  C:6872H         LINE#         176
  C:6876H         LINE#         177
  C:687AH         LINE#         180
  C:687EH         LINE#         181
  C:6882H         LINE#         182
  C:6886H         LINE#         184
  C:688AH         LINE#         185
  C:688EH         LINE#         186
  C:6892H         LINE#         187
  C:6896H         LINE#         188
  C:689AH         LINE#         189
  C:68A0H         LINE#         191
  C:68A7H         LINE#         192
  C:68ADH         LINE#         193
  C:68B2H         LINE#         194
  C:68B6H         LINE#         195
  C:68BAH         LINE#         196
  C:68BEH         LINE#         197
  C:68C2H         LINE#         200
  C:68C6H         LINE#         201
  C:68CAH         LINE#         202
  C:68CEH         LINE#         203
  C:68D2H         LINE#         205
  C:68D6H         LINE#         206
  -------         ENDPROC       VARS_INITIALIZE
  -------         ENDMOD        VARS

  -------         MODULE        ?C?COPY
  C:433DH         PUBLIC        ?C?COPY
  -------         ENDMOD        ?C?COPY

  -------         MODULE        ?C?CLDPTR
  C:4363H         PUBLIC        ?C?CLDPTR
  -------         ENDMOD        ?C?CLDPTR

  -------         MODULE        ?C?CLDOPTR
  C:437CH         PUBLIC        ?C?CLDOPTR
  -------         ENDMOD        ?C?CLDOPTR

  -------         MODULE        ?C?CSTPTR
  C:43A9H         PUBLIC        ?C?CSTPTR
  -------         ENDMOD        ?C?CSTPTR

  -------         MODULE        ?C?IMUL
  C:43BBH         PUBLIC        ?C?IMUL
  -------         ENDMOD        ?C?IMUL

  -------         MODULE        ?C?UIDIV
  C:43CDH         PUBLIC        ?C?UIDIV
  -------         ENDMOD        ?C?UIDIV
BL51 BANKED LINKER/LOCATER V6.22.2.0                                                  12/09/2022  13:52:00  PAGE 121



  -------         MODULE        ?C?IILDX
  C:4422H         PUBLIC        ?C?IILDX
  -------         ENDMOD        ?C?IILDX

  -------         MODULE        ?C?ILDIX
  C:4438H         PUBLIC        ?C?ILDIX
  -------         ENDMOD        ?C?ILDIX

  -------         MODULE        ?C?ILDPTR
  C:444EH         PUBLIC        ?C?ILDPTR
  -------         ENDMOD        ?C?ILDPTR

  -------         MODULE        ?C?ILDOPTR
  C:4479H         PUBLIC        ?C?ILDOPTR
  -------         ENDMOD        ?C?ILDOPTR

  -------         MODULE        ?C?IILDPTR
  C:44B1H         PUBLIC        ?C?IILDPTR
  -------         ENDMOD        ?C?IILDPTR

  -------         MODULE        ?C?ISTPTR
  C:44E9H         PUBLIC        ?C?ISTPTR
  -------         ENDMOD        ?C?ISTPTR

  -------         MODULE        ?C?LMUL
  C:4508H         PUBLIC        ?C?LMUL
  -------         ENDMOD        ?C?LMUL

  -------         MODULE        ?C?ULDIV
  C:4593H         PUBLIC        ?C?ULDIV
  -------         ENDMOD        ?C?ULDIV

  -------         MODULE        ?C?SLDIV
  C:A151H         PUBLIC        ?C?SLDIV
  -------         ENDMOD        ?C?SLDIV

  -------         MODULE        ?C?ULCMP
  C:4625H         PUBLIC        ?C?ULCMP
  -------         ENDMOD        ?C?ULCMP

  -------         MODULE        ?C?ULSHR
  C:4636H         PUBLIC        ?C?ULSHR
  -------         ENDMOD        ?C?ULSHR

  -------         MODULE        ?C?LSHL
  C:4649H         PUBLIC        ?C?LSHL
  -------         ENDMOD        ?C?LSHL

  -------         MODULE        ?C?LSTXDATA
  C:465CH         PUBLIC        ?C?LSTXDATA
  -------         ENDMOD        ?C?LSTXDATA

  -------         MODULE        ?C?LSTKXDATA
  C:4668H         PUBLIC        ?C?LSTKXDATA
  -------         ENDMOD        ?C?LSTKXDATA

BL51 BANKED LINKER/LOCATER V6.22.2.0                                                  12/09/2022  13:52:00  PAGE 122


  -------         MODULE        ?C?OFFXADD
  C:4699H         PUBLIC        ?C?OFFXADD
  -------         ENDMOD        ?C?OFFXADD

  -------         MODULE        ?C?PLDPTR
  C:46A5H         PUBLIC        ?C?PLDPTR
  -------         ENDMOD        ?C?PLDPTR

  -------         MODULE        ?C?PLDOPTR
  C:46C5H         PUBLIC        ?C?PLDOPTR
  -------         ENDMOD        ?C?PLDOPTR

  -------         MODULE        ?C?ICALL
  C:46F5H         PUBLIC        ?C?ICALL
  C:46F9H         PUBLIC        ?C?ICALL2
  -------         ENDMOD        ?C?ICALL

  -------         MODULE        ?C?STRCMP
  C:4879H         PUBLIC        ?C?STRCMP
  -------         ENDMOD        ?C?STRCMP

  -------         MODULE        ?C?PLDIDATA
  C:4896H         PUBLIC        ?C?PLDIDATA
  -------         ENDMOD        ?C?PLDIDATA

  -------         MODULE        ?C?PLDXDATA
  C:489FH         PUBLIC        ?C?PLDXDATA
  -------         ENDMOD        ?C?PLDXDATA

  -------         MODULE        ?C?PLDPDATA
  C:48A8H         PUBLIC        ?C?PLDPDATA
  -------         ENDMOD        ?C?PLDPDATA

  -------         MODULE        ?C?PLDCODE
  C:48B1H         PUBLIC        ?C?PLDCODE
  -------         ENDMOD        ?C?PLDCODE

*** WARNING L16: UNCALLED SEGMENT, IGNORED FOR OVERLAY PROCESS
    SEGMENT: ?PR?RESETT5L?SYS

*** WARNING L16: UNCALLED SEGMENT, IGNORED FOR OVERLAY PROCESS
    SEGMENT: ?PR?_TOUCHSWITCH?SYS

*** WARNING L16: UNCALLED SEGMENT, IGNORED FOR OVERLAY PROCESS
    SEGMENT: ?PR?_MUSICPLAY?SYS

*** WARNING L16: UNCALLED SEGMENT, IGNORED FOR OVERLAY PROCESS
    SEGMENT: ?PR?NORFLASH_ACTION?SYS

*** WARNING L16: UNCALLED SEGMENT, IGNORED FOR OVERLAY PROCESS
    SEGMENT: ?PR?SPIFLASH_ACTION?SYS

*** WARNING L16: UNCALLED SEGMENT, IGNORED FOR OVERLAY PROCESS
    SEGMENT: ?PR?GETPAGEID?SYS

*** WARNING L16: UNCALLED SEGMENT, IGNORED FOR OVERLAY PROCESS
    SEGMENT: ?PR?_GETPININ?SYS
BL51 BANKED LINKER/LOCATER V6.22.2.0                                                  12/09/2022  13:52:00  PAGE 123



*** WARNING L16: UNCALLED SEGMENT, IGNORED FOR OVERLAY PROCESS
    SEGMENT: ?PR?_GETTOUCHANCTION?SYS

*** WARNING L16: UNCALLED SEGMENT, IGNORED FOR OVERLAY PROCESS
    SEGMENT: ?PR?_KILLTIMER?TIMER

*** WARNING L16: UNCALLED SEGMENT, IGNORED FOR OVERLAY PROCESS
    SEGMENT: ?PR?_UART4_SENDBYTE32?UART

*** WARNING L16: UNCALLED SEGMENT, IGNORED FOR OVERLAY PROCESS
    SEGMENT: ?PR?CANERRORRESET?CANBUS

*** WARNING L16: UNCALLED SEGMENT, IGNORED FOR OVERLAY PROCESS
    SEGMENT: ?PR?POLLING2?UI

*** WARNING L16: UNCALLED SEGMENT, IGNORED FOR OVERLAY PROCESS
    SEGMENT: ?PR?_SSD2828_READ_MIPI?SSD2828

*** WARNING L16: UNCALLED SEGMENT, IGNORED FOR OVERLAY PROCESS
    SEGMENT: ?PR?W_WRITE?SSD2828

*** WARNING L16: UNCALLED SEGMENT, IGNORED FOR OVERLAY PROCESS
    SEGMENT: ?PR?_WRITE_RTC?RTC

*** WARNING L16: UNCALLED SEGMENT, IGNORED FOR OVERLAY PROCESS
    SEGMENT: ?PR?WRITE_WIFI_RTC?RTC

*** WARNING L16: UNCALLED SEGMENT, IGNORED FOR OVERLAY PROCESS
    SEGMENT: ?PR?RTC_READ_AND_SET?RTC

*** WARNING L16: UNCALLED SEGMENT, IGNORED FOR OVERLAY PROCESS
    SEGMENT: ?PR?_SEND_MODBUS04_10?MYMODBUS

*** WARNING L16: UNCALLED SEGMENT, IGNORED FOR OVERLAY PROCESS
    SEGMENT: ?PR?_SEND_MODBUS08_10?MYMODBUS

Program Size: data=33.2 xdata=16887 code=42094
LINK/LOCATE RUN COMPLETE.  19 WARNING(S),  0 ERROR(S)
