BL51 BANKED LINKER/LOCATER V6.22.2.0                                                    12/09/2022  13:55:10  PAGE 1


BL51 BANKED LINKER/LOCATER V6.22.2.0, INVOKED BY:
C:\KEIL_V5\C51\BIN\BL51.EXE .\Objects\STARTUP_M5.obj, .\Objects\sys.obj, .\Objects\timer.obj, .\Objects\uart.obj, .\Obje
>> cts\canbus.obj, .\Objects\main.obj, .\Objects\const.obj, .\Objects\ui.obj, .\Objects\dwin8283.obj, .\Objects\ssd2828.
>> obj, .\Objects\rtc.obj, .\Objects\MYModBus.obj, .\Objects\ReceiveData.obj, .\Objects\vars.obj TO .\Objects\T5L51 PRIN
>> T (.\Listings\T5L51.m51) RAMSIZE (256) CODE (0X0100-0XFEFF) XDATA (0X8000-0XFFFF)


MEMORY MODEL: LARGE


INPUT MODULES INCLUDED:
  .\Objects\STARTUP_M5.obj (STARTUP_M5)
  .\Objects\sys.obj (SYS)
  .\Objects\timer.obj (TIMER)
  .\Objects\uart.obj (UART)
  .\Objects\canbus.obj (CANBUS)
  .\Objects\main.obj (MAIN)
  .\Objects\const.obj (CONST)
  .\Objects\ui.obj (UI)
  .\Objects\dwin8283.obj (DWIN8283)
  .\Objects\ssd2828.obj (SSD2828)
  .\Objects\rtc.obj (RTC)
  .\Objects\MYModBus.obj (MYMODBUS)
  .\Objects\ReceiveData.obj (RECEIVEDATA)
  .\Objects\vars.obj (VARS)
  C:\KEIL_V5\C51\LIB\C51L.LIB (?C_STARTUP)
  C:\KEIL_V5\C51\LIB\C51L.LIB (?C_INIT)
  C:\KEIL_V5\C51\LIB\C51L.LIB (?C?COPY)
  C:\KEIL_V5\C51\LIB\C51L.LIB (?C?CLDPTR)
  C:\KEIL_V5\C51\LIB\C51L.LIB (?C?CLDOPTR)
  C:\KEIL_V5\C51\LIB\C51L.LIB (?C?CSTPTR)
  C:\KEIL_V5\C51\LIB\C51L.LIB (?C?IMUL)
  C:\KEIL_V5\C51\LIB\C51L.LIB (?C?UIDIV)
  C:\KEIL_V5\C51\LIB\C51L.LIB (?C?IILDX)
  C:\KEIL_V5\C51\LIB\C51L.LIB (?C?ILDIX)
  C:\KEIL_V5\C51\LIB\C51L.LIB (?C?ILDPTR)
  C:\KEIL_V5\C51\LIB\C51L.LIB (?C?ILDOPTR)
  C:\KEIL_V5\C51\LIB\C51L.LIB (?C?IILDPTR)
  C:\KEIL_V5\C51\LIB\C51L.LIB (?C?ISTPTR)
  C:\KEIL_V5\C51\LIB\C51L.LIB (?C?LMUL)
  C:\KEIL_V5\C51\LIB\C51L.LIB (?C?ULDIV)
  C:\KEIL_V5\C51\LIB\C51L.LIB (?C?SLDIV)
  C:\KEIL_V5\C51\LIB\C51L.LIB (?C?ULCMP)
  C:\KEIL_V5\C51\LIB\C51L.LIB (?C?ULSHR)
  C:\KEIL_V5\C51\LIB\C51L.LIB (?C?LSHL)
  C:\KEIL_V5\C51\LIB\C51L.LIB (?C?LSTXDATA)
  C:\KEIL_V5\C51\LIB\C51L.LIB (?C?LSTKXDATA)
  C:\KEIL_V5\C51\LIB\C51L.LIB (?C?OFFXADD)
  C:\KEIL_V5\C51\LIB\C51L.LIB (?C?PLDPTR)
  C:\KEIL_V5\C51\LIB\C51L.LIB (?C?PLDOPTR)
  C:\KEIL_V5\C51\LIB\C51L.LIB (?C?ICALL)
  C:\KEIL_V5\C51\LIB\C51L.LIB (?C?STRCMP)
  C:\KEIL_V5\C51\LIB\C51L.LIB (?C?PLDIDATA)
  C:\KEIL_V5\C51\LIB\C51L.LIB (?C?PLDXDATA)
  C:\KEIL_V5\C51\LIB\C51L.LIB (?C?PLDPDATA)
  C:\KEIL_V5\C51\LIB\C51L.LIB (?C?PLDCODE)


BL51 BANKED LINKER/LOCATER V6.22.2.0                                                  12/09/2022  13:55:10  PAGE 2


LINK MAP OF MODULE:  .\Objects\T5L51 (STARTUP_M5)


            TYPE    BASE      LENGTH    RELOCATION   SEGMENT NAME
            -----------------------------------------------------

            * * * * * * *   D A T A   M E M O R Y   * * * * * * *
            REG     0000H     0008H     ABSOLUTE     "REG BANK 0"
            DATA    0008H     0013H     UNIT         ?DT?TIMER
            DATA    001BH     0003H     UNIT         _DATA_GROUP_
            DATA    001EH     0002H     UNIT         ?DT?SYS
            BIT     0020H.0   0000H.1   UNIT         ?BI?SSD2828
            BIT     0020H.1   0000H.1   UNIT         ?BI?RTC
                    0020H.2   0000H.6                *** GAP ***
            IDATA   0021H     0001H     UNIT         ?STACK

            * * * * * * *  X D A T A   M E M O R Y  * * * * * * *
                    0000H     8000H                  *** GAP ***
            XDATA   8000H     2228H     UNIT         ?XD?UART
            XDATA   A228H     1A05H     UNIT         ?XD?CANBUS
            XDATA   BC2DH     031AH     UNIT         ?XD?DWIN8283
            XDATA   BF47H     012FH     UNIT         ?XD?VARS
            XDATA   C076H     0057H     UNIT         ?XD?SYS
            XDATA   C0CDH     0041H     UNIT         ?XD?TIMER
            XDATA   C10EH     003CH     UNIT         _XDATA_GROUP_
            XDATA   C14AH     0017H     UNIT         ?XD?MYMODBUS
            XDATA   C161H     0012H     UNIT         ?XD?_WRITE_RTC?RTC
            XDATA   C173H     000FH     UNIT         ?XD?WRITE_WIFI_RTC?RTC
            XDATA   C182H     000EH     UNIT         ?XD?_SEND_MODBUS08_10?MYMODBUS
            XDATA   C190H     000DH     UNIT         ?XD?_TOUCHSWITCH?SYS
            XDATA   C19DH     000CH     UNIT         ?XD?SPIFLASH_ACTION?SYS
            XDATA   C1A9H     000BH     UNIT         ?XD?_GETTOUCHANCTION?SYS
            XDATA   C1B4H     000AH     UNIT         ?XD?_SEND_MODBUS04_10?MYMODBUS
            XDATA   C1BEH     0008H     UNIT         ?XD?NORFLASH_ACTION?SYS
            XDATA   C1C6H     0008H     UNIT         ?XD?GETTOUCHSTATUS?SYS
            XDATA   C1CEH     0008H     UNIT         ?XD?RTC
            XDATA   C1D6H     0005H     UNIT         ?XD?_MUSICPLAY?SYS
            XDATA   C1DBH     0005H     UNIT         ?XD?_SSD2828_READREG?SSD2828
            XDATA   C1E0H     0005H     UNIT         ?XD?_SSD2828_READ_MIPI?SSD2828
            XDATA   C1E5H     0005H     UNIT         ?XD?_RTC_GET_WEEK?RTC
            XDATA   C1EAH     0004H     UNIT         ?XD?RESETT5L?SYS
            XDATA   C1EEH     0004H     UNIT         ?XD?_UART4_SENDBYTE32?UART
            XDATA   C1F2H     0003H     UNIT         ?XD?_W_COM?SSD2828
            XDATA   C1F5H     0002H     UNIT         ?XD?GETPAGEID?SYS

            * * * * * * *   C O D E   M E M O R Y   * * * * * * *
            CODE    0000H     0003H     ABSOLUTE     
                    0003H     0008H                  *** GAP ***
            CODE    000BH     0003H     ABSOLUTE     
                    000EH     0015H                  *** GAP ***
            CODE    0023H     0003H     ABSOLUTE     
                    0026H     0005H                  *** GAP ***
            CODE    002BH     0003H     ABSOLUTE     
                    002EH     001DH                  *** GAP ***
            CODE    004BH     0003H     ABSOLUTE     
                    004EH     0005H                  *** GAP ***
            CODE    0053H     0003H     ABSOLUTE     
BL51 BANKED LINKER/LOCATER V6.22.2.0                                                  12/09/2022  13:55:10  PAGE 3


                    0056H     0005H                  *** GAP ***
            CODE    005BH     0003H     ABSOLUTE     
                    005EH     0005H                  *** GAP ***
            CODE    0063H     0003H     ABSOLUTE     
                    0066H     0005H                  *** GAP ***
            CODE    006BH     0003H     ABSOLUTE     
                    006EH     0015H                  *** GAP ***
            CODE    0083H     0003H     ABSOLUTE     
                    0086H     0072H                  *** GAP ***
            CODE    00F8H     000BH     ABSOLUTE     
            CODE    0103H     1F2EH     UNIT         ?PR?RECEIVE_MODBUS?RECEIVEDATA
            CODE    2031H     0BD0H     UNIT         ?PR?TOUCH_SCAN_1_2_6?UI
            CODE    2C01H     0888H     UNIT         ?PR?FILE_CONTROL?UI
            CODE    3489H     0736H     UNIT         ?PR?_ALM_INIT?RECEIVEDATA
            CODE    3BBFH     06EBH     UNIT         ?PR?W_WRITE?SSD2828
            CODE    42AAH     0650H     UNIT         ?C?LIB_CODE
            CODE    48FAH     05DBH     UNIT         ?PR?C055_CODE_DOWNLOAD?SSD2828
            CODE    4ED5H     05C6H     UNIT         ?PR?POLLING1_6?UI
            CODE    549BH     053CH     UNIT         ?PR?_PRO8283RXTREAT?DWIN8283
            CODE    59D7H     041DH     UNIT         ?PR?COORDINATE_CONTROL?UI
            CODE    5DF4H     036DH     UNIT         ?PR?CAN_ISR?CANBUS
            CODE    6161H     02D8H     UNIT         ?PR?POLLING15_17?UI
            CODE    6439H     027FH     UNIT         ?PR?_CANTX?CANBUS
            CODE    66B8H     025CH     UNIT         ?PR?VARS_INITIALIZE?VARS
            CODE    6914H     023DH     UNIT         ?PR?TOUCH_SCAN_10_12?UI
            CODE    6B51H     0217H     UNIT         ?PR?POLLING10_12?UI
            CODE    6D68H     0200H     UNIT         ?CO?MYMODBUS
            CODE    6F68H     01F8H     UNIT         ?PR?_GETTOUCHANCTION?SYS
            CODE    7160H     01DCH     UNIT         ?PR?TOUCH_SCAN_13?UI
            CODE    733CH     01CDH     UNIT         ?PR?_READ_DGUS_VP?SYS
            CODE    7509H     01B3H     UNIT         ?PR?_UATR_SEND_DATA?UART
            CODE    76BCH     019EH     UNIT         ?PR?TOUCH_SCAN_4?UI
            CODE    785AH     0193H     UNIT         ?PR?_WRITE_DGUS_VP?SYS
            CODE    79EDH     0186H     UNIT         ?CO?SSD2828
            CODE    7B73H     017BH     UNIT         ?PR?TOUCH_SCAN_3?UI
            CODE    7CEEH     016CH     UNIT         ?PR?LOADONEFRAME?CANBUS
            CODE    7E5AH     013FH     UNIT         ?PR?PRO8283DEAL?DWIN8283
            CODE    7F99H     012CH     UNIT         ?PR?_SYS_WRITE_VP?SYS
            CODE    80C5H     0120H     UNIT         ?PR?SPIFLASH_ACTION?SYS
            CODE    81E5H     011AH     UNIT         ?PR?TOUCH_SCAN_5?UI
            CODE    82FFH     0112H     UNIT         ?PR?STA_INIT?MAIN
            CODE    8411H     010FH     UNIT         ?PR?SSD2828_INIT?SSD2828
            CODE    8520H     00F6H     UNIT         ?PR?NORFLASH_ACTION?SYS
            CODE    8616H     00F6H     UNIT         ?PR?_SEND_MODBUS?MYMODBUS
            CODE    870CH     00EBH     UNIT         ?PR?TOUCH_SCAN_16?UI
            CODE    87F7H     00EAH     UNIT         ?PR?_SSD2828_REGCONFIG?SSD2828
            CODE    88E1H     00E5H     UNIT         ?PR?_SYS_READ_VP?SYS
            CODE    89C6H     00E5H     UNIT         ?PR?CONTORL?UI
            CODE    8AABH     00E1H     UNIT         ?PR?GETTOUCHSTATUS?SYS
            CODE    8B8CH     00CFH     UNIT         ?PR?RDTIME?RTC
            CODE    8C5BH     00CDH     UNIT         ?PR?_WRITE_RTC?RTC
            CODE    8D28H     00C9H     UNIT         ?PR?SEND_MODBUS_IP?MYMODBUS
            CODE    8DF1H     00C6H     UNIT         ?PR?PRO8283INIT?DWIN8283
            CODE    8EB7H     00C1H     UNIT         ?PR?_SSD2828_READREG?SSD2828
            CODE    8F78H     00BFH     UNIT         ?PR?SSD2828_READID?SSD2828
            CODE    9037H     00BEH     UNIT         ?PR?_W_COM?SSD2828
            CODE    90F5H     00AFH     UNIT         ?PR?WRITE_WIFI_RTC?RTC
BL51 BANKED LINKER/LOCATER V6.22.2.0                                                  12/09/2022  13:55:10  PAGE 4


            CODE    91A4H     00A9H     UNIT         ?PR?_SSD2828_WRITEPACKAGE?SSD2828
            CODE    924DH     009BH     UNIT         ?PR?UART3_ISR?UART
            CODE    92E8H     0094H     UNIT         ?PR?_RTC_GET_WEEK?RTC
            CODE    937CH     0093H     UNIT         ?PR?_PINOUTPUT?SYS
            CODE    940FH     0091H     UNIT         ?PR?_CANBUSINIT?CANBUS
            CODE    94A0H     008FH     UNIT         ?PR?UART2_ISR?UART
            CODE    952FH     008CH     UNIT         ?C_C51STARTUP
            CODE    95BBH     0087H     UNIT         ?PR?AUTOUPLOADVALUE?DWIN8283
            CODE    9642H     0083H     UNIT         ?PR?TOUCH_SCAN_0?UI
            CODE    96C5H     0083H     UNIT         ?PR?_CRC16?MYMODBUS
            CODE    9748H     0081H     UNIT         ?PR?_PAGE_CHANGE?SYS
            CODE    97C9H     0081H     UNIT         ?PR?T0_ISR_PC?TIMER
            CODE    984AH     0081H     UNIT         ?PR?TOUCH_SCAN_14?UI
            CODE    98CBH     007AH     UNIT         ?PR?_SSD2828_READ_MIPI?SSD2828
            CODE    9945H     007AH     UNIT         ?PR?_SEND_MODBUS08_10?MYMODBUS
            CODE    99BFH     0075H     UNIT         ?PR?_I2CBW?RTC
            CODE    9A34H     0072H     UNIT         ?PR?MAIN?MAIN
            CODE    9AA6H     0072H     UNIT         ?PR?INIT_RTC?RTC
            CODE    9B18H     006FH     UNIT         ?PR?_SEND_MODBUS04_10?MYMODBUS
            CODE    9B87H     006BH     UNIT         ?PR?PAGEFUNCTION?UI
            CODE    9BF2H     0067H     UNIT         ?PR?LCD_PA_SET?SSD2828
            CODE    9C59H     0062H     UNIT         ?PR?_TOUCHSWITCH?SYS
            CODE    9CBBH     0060H     UNIT         ?PR?UART4T_ISR?UART
            CODE    9D1BH     0060H     UNIT         ?PR?UART5T_ISR?UART
            CODE    9D7BH     005FH     UNIT         ?PR?_SEND_MODBUS_10?MYMODBUS
            CODE    9DDAH     005EH     UNIT         ?PR?_UART4_SENDBYTE32?UART
            CODE    9E38H     0057H     UNIT         ?PR?_SSD2828_WRITECMD?SSD2828
            CODE    9E8FH     0055H     UNIT         ?PR?_GETPININ?SYS
            CODE    9EE4H     0053H     UNIT         ?PR?_UARTINIT?UART
            CODE    9F37H     004FH     UNIT         ?PR?UART4R_ISR?UART
            CODE    9F86H     004EH     UNIT         ?PR?_UART2_INIT?UART
            CODE    9FD4H     004EH     UNIT         ?PR?_SENDSTRING?MYMODBUS
            CODE    A022H     004CH     UNIT         ?PR?_SETPININ?SYS
            CODE    A06EH     0049H     UNIT         ?PR?_UART3_INIT?UART
            CODE    A0B7H     0048H     UNIT         ?PR?_DELAY_MS?SYS
            CODE    A0FFH     0048H     UNIT         ?PR?_SETPINOUT?SYS
            CODE    A147H     0047H     UNIT         ?PR?UART5R_ISR?UART
            CODE    A18EH     0044H     UNIT         ?C?LDIV
            CODE    A1D2H     003FH     UNIT         ?PR?_MUSICPLAY?SYS
            CODE    A211H     0039H     UNIT         ?CO?UI
            CODE    A24AH     0036H     UNIT         ?PR?I2CBR?RTC
            CODE    A280H     0035H     UNIT         ?PR?_HEX_TO_BCD?RTC
            CODE    A2B5H     0029H     UNIT         ?PR?INIT_CPU?SYS
            CODE    A2DEH     0029H     UNIT         ?C_INITSEG
            CODE    A307H     0028H     UNIT         ?PR?CLEARRAM?SYS
            CODE    A32FH     0028H     UNIT         ?PR?_UART4_INIT?UART
            CODE    A357H     0028H     UNIT         ?PR?_UART5_INIT?UART
            CODE    A37FH     0028H     UNIT         ?PR?_DELAYUS?RTC
            CODE    A3A7H     0027H     UNIT         ?PR?CACK?RTC
            CODE    A3CEH     0022H     UNIT         ?PR?_STARTTIMER?TIMER
            CODE    A3F0H     0020H     UNIT         ?PR?RESETT5L?SYS
            CODE    A410H     001FH     UNIT         ?PR?_DELAY_US?SYS
            CODE    A42FH     001EH     UNIT         ?PR?GETPAGEID?SYS
            CODE    A44DH     001CH     UNIT         ?PR?T0_INIT?TIMER
            CODE    A469H     001BH     UNIT         ?PR?CANERRORRESET?CANBUS
            CODE    A484H     001BH     UNIT         ?PR?I2CSTOP?RTC
            CODE    A49FH     001AH     UNIT         ?PR?I2CSTART?RTC
BL51 BANKED LINKER/LOCATER V6.22.2.0                                                  12/09/2022  13:55:10  PAGE 5


            CODE    A4B9H     0015H     UNIT         ?PR?_KILLTIMER?TIMER
            CODE    A4CEH     0015H     UNIT         ?PR?P9FUNC?UI
            CODE    A4E3H     0013H     UNIT         ?PR?_GETTIMEOUTFLAG?TIMER
            CODE    A4F6H     000FH     UNIT         ?PR?MACK?RTC
            CODE    A505H     000DH     UNIT         ?PR?MNAK?RTC
            CODE    A512H     000CH     UNIT         ?PR?_UART4_SENDBYTE?UART
            CODE    A51EH     000CH     UNIT         ?PR?_UART4_SENDBYTE16?UART
            CODE    A52AH     0009H     UNIT         ?PR?P3FUNC?UI
            CODE    A533H     0009H     UNIT         ?PR?RTC_READ_AND_SET?RTC
            CODE    A53CH     0007H     UNIT         ?PR?TIMER2_ISR?TIMER
            CODE    A543H     0007H     UNIT         ?PR?IO_INIT?MAIN
            CODE    A54AH     0006H     UNIT         ?PR?P0FUNC?UI
            CODE    A550H     0006H     UNIT         ?PR?P1FUNC?UI
            CODE    A556H     0006H     UNIT         ?PR?P2FUNC?UI
            CODE    A55CH     0006H     UNIT         ?PR?P5FUNC?UI
            CODE    A562H     0006H     UNIT         ?PR?P10_12FUNC?UI
            CODE    A568H     0004H     UNIT         ?CO?DWIN8283
            CODE    A56CH     0004H     UNIT         ?PR?SDA_IN?RTC
            CODE    A570H     0004H     UNIT         ?PR?SDA_OUT?RTC
            CODE    A574H     0003H     UNIT         ?PR?P4FUNC?UI
            CODE    A577H     0003H     UNIT         ?PR?P13FUNC?UI
            CODE    A57AH     0003H     UNIT         ?PR?P14FUNC?UI
            CODE    A57DH     0003H     UNIT         ?PR?P16FUNC?UI
            CODE    A580H     0003H     UNIT         ?PR?P15_17FUNC?UI
            CODE    A583H     0001H     UNIT         ?PR?P18FUNC?UI
            CODE    A584H     0001H     UNIT         ?PR?POLLING2?UI



OVERLAY MAP OF MODULE:   .\Objects\T5L51 (STARTUP_M5)


SEGMENT                                     DATA_GROUP          XDATA_GROUP
  +--> CALLED SEGMENT                     START    LENGTH     START    LENGTH
-----------------------------------------------------------------------------
?PR?T0_ISR_PC?TIMER                       001BH    0001H      -----    -----

*** NEW ROOT ***************************************************

?PR?CAN_ISR?CANBUS                        -----    -----      C10EH    0001H
  +--> ?PR?LOADONEFRAME?CANBUS

*** NEW ROOT ***************************************************

?C_C51STARTUP                             -----    -----      -----    -----
  +--> ?PR?MAIN?MAIN
  +--> ?C_INITSEG

?PR?MAIN?MAIN                             -----    -----      -----    -----
  +--> ?PR?INIT_CPU?SYS
  +--> ?PR?T0_INIT?TIMER
  +--> ?PR?PRO8283INIT?DWIN8283
  +--> ?PR?INIT_RTC?RTC
  +--> ?PR?_STARTTIMER?TIMER
  +--> ?PR?IO_INIT?MAIN
  +--> ?PR?_DELAY_MS?SYS
  +--> ?PR?SSD2828_INIT?SSD2828
BL51 BANKED LINKER/LOCATER V6.22.2.0                                                  12/09/2022  13:55:10  PAGE 6


  +--> ?PR?RDTIME?RTC
  +--> ?PR?_UARTINIT?UART
  +--> ?PR?VARS_INITIALIZE?VARS
  +--> ?PR?STA_INIT?MAIN
  +--> ?PR?_GETTIMEOUTFLAG?TIMER
  +--> ?PR?PAGEFUNCTION?UI
  +--> ?PR?PRO8283DEAL?DWIN8283
  +--> ?PR?RECEIVE_MODBUS?RECEIVEDATA

?PR?INIT_CPU?SYS                          -----    -----      -----    -----
  +--> ?PR?CLEARRAM?SYS

?PR?CLEARRAM?SYS                          001CH    0002H      -----    -----

?PR?PRO8283INIT?DWIN8283                  -----    -----      C10FH    000AH
  +--> ?CO?DWIN8283
  +--> ?PR?_READ_DGUS_VP?SYS
  +--> ?PR?_UARTINIT?UART
  +--> ?PR?_CANBUSINIT?CANBUS

?PR?_READ_DGUS_VP?SYS                     -----    -----      C137H    0013H

?PR?_UARTINIT?UART                        -----    -----      C119H    0005H
  +--> ?PR?_UART2_INIT?UART
  +--> ?PR?_UART3_INIT?UART
  +--> ?PR?_UART4_INIT?UART
  +--> ?PR?_UART5_INIT?UART

?PR?_UART2_INIT?UART                      -----    -----      C11EH    0002H
  +--> ?PR?_SETPINOUT?SYS
  +--> ?PR?_SETPININ?SYS

?PR?_UART3_INIT?UART                      -----    -----      C11EH    0002H
  +--> ?PR?_SETPINOUT?SYS
  +--> ?PR?_SETPININ?SYS

?PR?_CANBUSINIT?CANBUS                    -----    -----      C119H    0003H
  +--> ?PR?_SETPINOUT?SYS
  +--> ?PR?_SETPININ?SYS
  +--> ?PR?_PINOUTPUT?SYS

?PR?INIT_RTC?RTC                          -----    -----      -----    -----
  +--> ?PR?_SETPINOUT?SYS
  +--> ?PR?_I2CBW?RTC
  +--> ?PR?I2CSTOP?RTC
  +--> ?PR?I2CSTART?RTC
  +--> ?PR?I2CBR?RTC
  +--> ?PR?MACK?RTC
  +--> ?PR?MNAK?RTC

?PR?_I2CBW?RTC                            -----    -----      -----    -----
  +--> ?PR?I2CSTART?RTC
  +--> ?PR?I2CSTOP?RTC
  +--> ?PR?SDA_OUT?RTC
  +--> ?PR?_DELAYUS?RTC
  +--> ?PR?CACK?RTC

BL51 BANKED LINKER/LOCATER V6.22.2.0                                                  12/09/2022  13:55:10  PAGE 7


?PR?I2CSTART?RTC                          -----    -----      -----    -----
  +--> ?PR?SDA_OUT?RTC
  +--> ?PR?_DELAYUS?RTC

?PR?I2CSTOP?RTC                           -----    -----      -----    -----
  +--> ?PR?SDA_OUT?RTC
  +--> ?PR?_DELAYUS?RTC
  +--> ?PR?SDA_IN?RTC

?PR?CACK?RTC                              -----    -----      -----    -----
  +--> ?PR?SDA_IN?RTC
  +--> ?PR?_DELAYUS?RTC
  +--> ?PR?SDA_OUT?RTC

?PR?I2CBR?RTC                             -----    -----      -----    -----
  +--> ?PR?SDA_IN?RTC
  +--> ?PR?_DELAYUS?RTC

?PR?MACK?RTC                              -----    -----      -----    -----
  +--> ?PR?SDA_OUT?RTC
  +--> ?PR?_DELAYUS?RTC

?PR?MNAK?RTC                              -----    -----      -----    -----
  +--> ?PR?SDA_OUT?RTC
  +--> ?PR?_DELAYUS?RTC

?PR?_DELAY_MS?SYS                         -----    -----      C13FH    0004H
  +--> ?PR?_DELAY_US?SYS

?PR?SSD2828_INIT?SSD2828                  -----    -----      -----    -----
  +--> ?PR?SSD2828_READID?SSD2828
  +--> ?PR?_SSD2828_REGCONFIG?SSD2828
  +--> ?PR?_DELAY_MS?SYS
  +--> ?PR?C055_CODE_DOWNLOAD?SSD2828
  +--> ?PR?LCD_PA_SET?SSD2828
  +--> ?PR?_SSD2828_WRITECMD?SSD2828

?PR?SSD2828_READID?SSD2828                -----    -----      C10FH    0005H
  +--> ?PR?_DELAY_US?SYS

?PR?_SSD2828_REGCONFIG?SSD2828            -----    -----      C116H    0004H
  +--> ?PR?_DELAY_US?SYS

?PR?C055_CODE_DOWNLOAD?SSD2828            -----    -----      -----    -----
  +--> ?CO?SSD2828
  +--> ?PR?_SSD2828_WRITEPACKAGE?SSD2828
  +--> ?PR?_DELAY_MS?SYS

?PR?_SSD2828_WRITEPACKAGE?SSD2828         -----    -----      C10FH    0007H
  +--> ?PR?_SSD2828_REGCONFIG?SSD2828
  +--> ?PR?_SSD2828_WRITECMD?SSD2828
  +--> ?PR?_DELAY_US?SYS

?PR?_SSD2828_WRITECMD?SSD2828             -----    -----      C116H    0002H
  +--> ?PR?_DELAY_US?SYS

?PR?LCD_PA_SET?SSD2828                    -----    -----      C10FH    0007H
BL51 BANKED LINKER/LOCATER V6.22.2.0                                                  12/09/2022  13:55:10  PAGE 8


  +--> ?PR?_SSD2828_REGCONFIG?SSD2828

?PR?RDTIME?RTC                            -----    -----      C10FH    0002H
  +--> ?PR?_I2CBW?RTC
  +--> ?PR?I2CSTOP?RTC
  +--> ?PR?I2CSTART?RTC
  +--> ?PR?I2CBR?RTC
  +--> ?PR?MACK?RTC
  +--> ?PR?MNAK?RTC
  +--> ?PR?_WRITE_DGUS_VP?SYS

?PR?_WRITE_DGUS_VP?SYS                    -----    -----      C137H    000DH

?PR?STA_INIT?MAIN                         -----    -----      C10FH    0002H
  +--> ?PR?_SYS_WRITE_VP?SYS

?PR?_SYS_WRITE_VP?SYS                     -----    -----      C131H    0007H

?PR?PAGEFUNCTION?UI                       -----    -----      C10FH    0002H
  +--> ?CO?UI

?CO?UI                                    -----    -----      -----    -----
  +--> ?PR?P0FUNC?UI
  +--> ?PR?P1FUNC?UI
  +--> ?PR?P2FUNC?UI
  +--> ?PR?P3FUNC?UI
  +--> ?PR?P4FUNC?UI
  +--> ?PR?P5FUNC?UI
  +--> ?PR?P9FUNC?UI
  +--> ?PR?P10_12FUNC?UI
  +--> ?PR?P13FUNC?UI
  +--> ?PR?P14FUNC?UI
  +--> ?PR?P15_17FUNC?UI
  +--> ?PR?P16FUNC?UI
  +--> ?PR?P18FUNC?UI

?PR?P0FUNC?UI                             -----    -----      -----    -----
  +--> ?PR?CONTORL?UI
  +--> ?PR?TOUCH_SCAN_0?UI

?PR?CONTORL?UI                            -----    -----      -----    -----
  +--> ?PR?_SEND_MODBUS?MYMODBUS
  +--> ?PR?_SYS_WRITE_VP?SYS

?PR?_SEND_MODBUS?MYMODBUS                 -----    -----      C131H    0006H
  +--> ?PR?_CRC16?MYMODBUS
  +--> ?PR?_SENDSTRING?MYMODBUS

?PR?_CRC16?MYMODBUS                       -----    -----      C139H    000AH
  +--> ?CO?MYMODBUS

?PR?_SENDSTRING?MYMODBUS                  -----    -----      C139H    0006H
  +--> ?PR?_UART4_SENDBYTE?UART
  +--> ?PR?_DELAY_MS?SYS

?PR?TOUCH_SCAN_0?UI                       -----    -----      C111H    0001H
  +--> ?PR?_SYS_READ_VP?SYS
BL51 BANKED LINKER/LOCATER V6.22.2.0                                                  12/09/2022  13:55:10  PAGE 9


  +--> ?PR?_SEND_MODBUS?MYMODBUS
  +--> ?PR?_SYS_WRITE_VP?SYS

?PR?_SYS_READ_VP?SYS                      -----    -----      C113H    0007H

?PR?P1FUNC?UI                             -----    -----      -----    -----
  +--> ?PR?POLLING1_6?UI
  +--> ?PR?TOUCH_SCAN_1_2_6?UI

?PR?POLLING1_6?UI                         -----    -----      -----    -----
  +--> ?PR?_SEND_MODBUS?MYMODBUS

?PR?TOUCH_SCAN_1_2_6?UI                   -----    -----      C111H    0001H
  +--> ?PR?_SYS_READ_VP?SYS
  +--> ?PR?_SEND_MODBUS?MYMODBUS
  +--> ?PR?_SYS_WRITE_VP?SYS
  +--> ?PR?_PAGE_CHANGE?SYS
  +--> ?PR?_DELAY_MS?SYS
  +--> ?PR?_STARTTIMER?TIMER
  +--> ?PR?_GETTIMEOUTFLAG?TIMER
  +--> ?PR?_KILLTIMER?TIMER

?PR?_PAGE_CHANGE?SYS                      -----    -----      C131H    0006H
  +--> ?PR?_WRITE_DGUS_VP?SYS
  +--> ?PR?_DELAY_US?SYS
  +--> ?PR?_READ_DGUS_VP?SYS

?PR?P2FUNC?UI                             -----    -----      -----    -----
  +--> ?PR?POLLING1_6?UI
  +--> ?PR?TOUCH_SCAN_1_2_6?UI

?PR?P3FUNC?UI                             -----    -----      -----    -----
  +--> ?PR?TOUCH_SCAN_3?UI
  +--> ?PR?COORDINATE_CONTROL?UI
  +--> ?PR?FILE_CONTROL?UI

?PR?TOUCH_SCAN_3?UI                       -----    -----      C111H    0002H
  +--> ?PR?_SYS_READ_VP?SYS
  +--> ?PR?_SYS_WRITE_VP?SYS

?PR?COORDINATE_CONTROL?UI                 -----    -----      -----    -----
  +--> ?PR?_SYS_READ_VP?SYS
  +--> ?PR?_SEND_MODBUS_10?MYMODBUS
  +--> ?PR?_DELAY_MS?SYS
  +--> ?PR?_UART4_SENDBYTE?UART
  +--> ?PR?_PAGE_CHANGE?SYS

?PR?_SEND_MODBUS_10?MYMODBUS              -----    -----      C131H    0008H
  +--> ?PR?_CRC16?MYMODBUS
  +--> ?PR?_SENDSTRING?MYMODBUS

?PR?FILE_CONTROL?UI                       -----    -----      C111H    0001H
  +--> ?PR?_SEND_MODBUS?MYMODBUS
  +--> ?PR?_SYS_WRITE_VP?SYS

?PR?P4FUNC?UI                             -----    -----      -----    -----
  +--> ?PR?TOUCH_SCAN_4?UI
BL51 BANKED LINKER/LOCATER V6.22.2.0                                                  12/09/2022  13:55:10  PAGE 10



?PR?TOUCH_SCAN_4?UI                       -----    -----      C111H    0001H
  +--> ?PR?_SYS_READ_VP?SYS
  +--> ?PR?_PAGE_CHANGE?SYS
  +--> ?PR?_SYS_WRITE_VP?SYS
  +--> ?PR?_SEND_MODBUS?MYMODBUS

?PR?P5FUNC?UI                             -----    -----      -----    -----
  +--> ?PR?TOUCH_SCAN_5?UI
  +--> ?PR?TOUCH_SCAN_1_2_6?UI

?PR?TOUCH_SCAN_5?UI                       -----    -----      C111H    0001H
  +--> ?PR?_SYS_READ_VP?SYS
  +--> ?PR?_SEND_MODBUS?MYMODBUS
  +--> ?PR?_SYS_WRITE_VP?SYS

?PR?P10_12FUNC?UI                         -----    -----      -----    -----
  +--> ?PR?POLLING10_12?UI
  +--> ?PR?TOUCH_SCAN_10_12?UI

?PR?POLLING10_12?UI                       -----    -----      -----    -----
  +--> ?PR?_SEND_MODBUS?MYMODBUS

?PR?TOUCH_SCAN_10_12?UI                   -----    -----      C111H    0001H
  +--> ?PR?_SYS_READ_VP?SYS
  +--> ?PR?_SEND_MODBUS_10?MYMODBUS
  +--> ?PR?_DELAY_MS?SYS
  +--> ?PR?_SEND_MODBUS?MYMODBUS
  +--> ?PR?_SYS_WRITE_VP?SYS

?PR?P13FUNC?UI                            -----    -----      -----    -----
  +--> ?PR?TOUCH_SCAN_13?UI

?PR?TOUCH_SCAN_13?UI                      -----    -----      C111H    0001H
  +--> ?PR?_SYS_READ_VP?SYS
  +--> ?PR?_SYS_WRITE_VP?SYS

?PR?P14FUNC?UI                            -----    -----      -----    -----
  +--> ?PR?TOUCH_SCAN_14?UI

?PR?TOUCH_SCAN_14?UI                      -----    -----      C111H    0001H
  +--> ?PR?_SYS_READ_VP?SYS
  +--> ?PR?SEND_MODBUS_IP?MYMODBUS
  +--> ?PR?_DELAY_MS?SYS
  +--> ?PR?_SYS_WRITE_VP?SYS

?PR?SEND_MODBUS_IP?MYMODBUS               -----    -----      -----    -----
  +--> ?PR?_SYS_READ_VP?SYS
  +--> ?PR?_CRC16?MYMODBUS
  +--> ?PR?_SENDSTRING?MYMODBUS

?PR?P15_17FUNC?UI                         -----    -----      -----    -----
  +--> ?PR?POLLING15_17?UI

?PR?POLLING15_17?UI                       -----    -----      -----    -----
  +--> ?PR?_SEND_MODBUS?MYMODBUS

BL51 BANKED LINKER/LOCATER V6.22.2.0                                                  12/09/2022  13:55:10  PAGE 11


?PR?P16FUNC?UI                            -----    -----      -----    -----
  +--> ?PR?TOUCH_SCAN_16?UI

?PR?TOUCH_SCAN_16?UI                      -----    -----      C111H    0001H
  +--> ?PR?_SYS_READ_VP?SYS
  +--> ?PR?_PAGE_CHANGE?SYS

?PR?PRO8283DEAL?DWIN8283                  -----    -----      -----    -----
  +--> ?PR?AUTOUPLOADVALUE?DWIN8283
  +--> ?PR?_UATR_SEND_DATA?UART
  +--> ?PR?_CANTX?CANBUS
  +--> ?PR?_PRO8283RXTREAT?DWIN8283

?PR?AUTOUPLOADVALUE?DWIN8283              -----    -----      -----    -----
  +--> ?PR?_READ_DGUS_VP?SYS
  +--> ?PR?_WRITE_DGUS_VP?SYS

?PR?_UATR_SEND_DATA?UART                  -----    -----      C10FH    0008H

?PR?_CANTX?CANBUS                         -----    -----      C10FH    0017H
  +--> ?PR?LOADONEFRAME?CANBUS

?PR?_PRO8283RXTREAT?DWIN8283              -----    -----      C10FH    000FH
  +--> ?PR?_WRITE_DGUS_VP?SYS
  +--> ?PR?_READ_DGUS_VP?SYS

?PR?RECEIVE_MODBUS?RECEIVEDATA            -----    -----      C10FH    0022H
  +--> ?PR?_DELAY_MS?SYS
  +--> ?PR?_CRC16?MYMODBUS
  +--> ?PR?_SEND_MODBUS_10?MYMODBUS
  +--> ?PR?_SYS_WRITE_VP?SYS
  +--> ?PR?_PAGE_CHANGE?SYS
  +--> ?PR?_ALM_INIT?RECEIVEDATA
  +--> ?PR?_UART4_SENDBYTE16?UART

?PR?_ALM_INIT?RECEIVEDATA                 -----    -----      -----    -----
  +--> ?PR?_SYS_WRITE_VP?SYS
  +--> ?PR?_PAGE_CHANGE?SYS
  +--> ?PR?_SEND_MODBUS?MYMODBUS

?PR?_UART4_SENDBYTE16?UART                -----    -----      -----    -----
  +--> ?PR?_UART4_SENDBYTE?UART



SYMBOL TABLE OF MODULE:  .\Objects\T5L51 (STARTUP_M5)

  VALUE           TYPE          NAME
  ----------------------------------

  -------         MODULE        STARTUP_M5
  C:0100H         LINE#         30
  -------         ENDMOD        STARTUP_M5

  -------         MODULE        SYS
  C:0000H         SYMBOL        _ICE_DUMMY_
  C:A2B5H         PUBLIC        INIT_CPU
BL51 BANKED LINKER/LOCATER V6.22.2.0                                                  12/09/2022  13:55:10  PAGE 12


  X:C076H         PUBLIC        Spi_Flash
  D:00F1H         PUBLIC        ADR_H
  D:0080H         PUBLIC        P0
  D:0090H         PUBLIC        P1
  X:C086H         PUBLIC        Nor_Flash
  D:00A0H         PUBLIC        P2
  C:9E8FH         PUBLIC        _GetPinIn
  D:00B0H         PUBLIC        P3
  D:00F3H         PUBLIC        ADR_L
  D:0094H         PUBLIC        PAGESEL
  D:00F2H         PUBLIC        ADR_M
  B:00A8H.7       PUBLIC        EA
  D:00F8H         PUBLIC        RAMMODE
  C:785AH         PUBLIC        _write_dgus_vp
  D:00B7H         PUBLIC        P0MDOUT
  D:00BCH         PUBLIC        P1MDOUT
  D:00A8H         PUBLIC        IEN0
  D:00BDH         PUBLIC        P2MDOUT
  D:00B8H         PUBLIC        IEN1
  C:A022H         PUBLIC        _SetPinIn
  X:C092H         PUBLIC        PressPosChange
  D:00BEH         PUBLIC        P3MDOUT
  D:009AH         PUBLIC        IEN2
  C:A0FFH         PUBLIC        _SetPinOut
  B:00F8H.4       PUBLIC        APP_ACK
  X:C093H         PUBLIC        RealPosX
  D:00F4H         PUBLIC        ADR_INC
  X:C095H         PUBLIC        RealPosY
  D:001EH         PUBLIC        SysTick_RTC
  C:A1D2H         PUBLIC        _MusicPlay
  X:C097H         PUBLIC        PressPosX
  X:C099H         PUBLIC        PressPageID
  X:C09BH         PUBLIC        PressPosY
  C:80C5H         PUBLIC        SPIFlash_Action
  X:C09DH         PUBLIC        LastPosX
  X:C09FH         PUBLIC        MusicBuf
  X:C0C2H         PUBLIC        LastPosY
  C:88E1H         PUBLIC        _sys_read_vp
  D:0095H         PUBLIC        D_PAGESEL
  C:9748H         PUBLIC        _Page_Change
  X:C0C4H         PUBLIC        Touchstate
  C:A42FH         PUBLIC        GetPageID
  C:8AABH         PUBLIC        GetTouchStatus
  D:00F9H         PUBLIC        PORTDRV
  C:7F99H         PUBLIC        _sys_write_vp
  C:937CH         PUBLIC        _PinOutput
  D:00C9H         PUBLIC        MUX_SEL
  X:C0C5H         PUBLIC        xdistance
  D:00A9H         PUBLIC        IP0
  X:C0C7H         PUBLIC        ydistance
  D:00B9H         PUBLIC        IP1
  C:A307H         PUBLIC        ClearRAM
  X:C0C9H         PUBLIC        PosXChangeSpeed
  D:00FDH         PUBLIC        DATA0
  X:C0CBH         PUBLIC        PosYChangeSpeed
  D:00FCH         PUBLIC        DATA1
  D:00FBH         PUBLIC        DATA2
BL51 BANKED LINKER/LOCATER V6.22.2.0                                                  12/09/2022  13:55:10  PAGE 13


  D:00FAH         PUBLIC        DATA3
  C:A0B7H         PUBLIC        _delay_ms
  B:00F8H.6       PUBLIC        APP_EN
  B:00D0H.3       PUBLIC        RS0
  B:00D0H.4       PUBLIC        RS1
  D:0093H         PUBLIC        DPC
  C:A414H         PUBLIC        _delay_us
  C:A3F0H         PUBLIC        ResetT5L
  C:8520H         PUBLIC        NorFlash_Action
  D:00C8H         PUBLIC        T2CON
  D:008EH         PUBLIC        CKCON
  C:6F68H         PUBLIC        _GetTouchAnction
  C:7349H         PUBLIC        _read_dgus_vp
  C:9C59H         PUBLIC        _TouchSwitch
  -------         PROC          L?0219
  -------         ENDPROC       L?0219
  -------         PROC          _READ_DGUS_VP
  X:C137H         SYMBOL        addr
  X:C139H         SYMBOL        buf
  X:C13CH         SYMBOL        len
  -------         DO            
  X:C13EH         SYMBOL        OS_addr
  X:C140H         SYMBOL        OS_addr_offset
  X:C142H         SYMBOL        OS_len
  X:C144H         SYMBOL        OS_len_offset
  X:C146H         SYMBOL        LenLimit
  -------         ENDDO         
  C:7349H         LINE#         39
  C:735AH         LINE#         40
  C:735AH         LINE#         41
  C:7361H         LINE#         42
  C:7365H         LINE#         43
  C:736DH         LINE#         46
  C:737BH         LINE#         48
  C:7393H         LINE#         49
  C:73AEH         LINE#         50
  C:73AEH         LINE#         51
  C:73BFH         LINE#         52
  C:73BFH         LINE#         53
  C:73D5H         LINE#         54
  C:73DFH         LINE#         56
  C:73E1H         LINE#         58
  C:73E4H         LINE#         59
  C:73EFH         LINE#         60
  C:73F1H         LINE#         61
  C:73F4H         LINE#         62
  C:73F7H         LINE#         63
  C:73FAH         LINE#         64
  C:7404H         LINE#         65
  C:7404H         LINE#         66
  C:7406H         LINE#         67
  C:7409H         LINE#         68
  C:741EH         LINE#         69
  C:7433H         LINE#         70
  C:7441H         LINE#         71
  C:7441H         LINE#         72
  C:7457H         LINE#         73
BL51 BANKED LINKER/LOCATER V6.22.2.0                                                  12/09/2022  13:55:10  PAGE 14


  C:7461H         LINE#         74
  C:746FH         LINE#         75
  C:746FH         LINE#         76
  C:7471H         LINE#         77
  C:7474H         LINE#         78
  C:7489H         LINE#         79
  C:749EH         LINE#         80
  C:74B3H         LINE#         81
  C:74C8H         LINE#         82
  C:74CAH         LINE#         83
  C:74D4H         LINE#         84
  C:74D4H         LINE#         85
  C:74D6H         LINE#         86
  C:74D9H         LINE#         87
  C:74EEH         LINE#         88
  C:7503H         LINE#         89
  C:7503H         LINE#         90
  C:7506H         LINE#         92
  C:7508H         LINE#         94
  -------         ENDPROC       _READ_DGUS_VP
  -------         PROC          _WRITE_DGUS_VP
  X:C137H         SYMBOL        addr
  X:C139H         SYMBOL        buf
  X:C13CH         SYMBOL        len
  -------         DO            
  D:0004H         SYMBOL        OS_addr
  X:C13EH         SYMBOL        OS_addr_offset
  X:C140H         SYMBOL        OS_len
  X:C142H         SYMBOL        OS_len_offset
  D:0006H         SYMBOL        LenLimit
  -------         ENDDO         
  C:785AH         LINE#         166
  C:786BH         LINE#         167
  C:786BH         LINE#         168
  C:786CH         LINE#         169
  C:7872H         LINE#         170
  C:787AH         LINE#         173
  C:7887H         LINE#         175
  C:7896H         LINE#         176
  C:78A3H         LINE#         177
  C:78A3H         LINE#         178
  C:78A8H         LINE#         179
  C:78A8H         LINE#         180
  C:78B7H         LINE#         181
  C:78C3H         LINE#         183
  C:78C5H         LINE#         185
  C:78C8H         LINE#         186
  C:78CBH         LINE#         187
  C:78CFH         LINE#         188
  C:78D2H         LINE#         189
  C:78D5H         LINE#         190
  C:78D8H         LINE#         191
  C:78E2H         LINE#         192
  C:78E2H         LINE#         193
  C:78F7H         LINE#         194
  C:790CH         LINE#         195
  C:790EH         LINE#         196
BL51 BANKED LINKER/LOCATER V6.22.2.0                                                  12/09/2022  13:55:10  PAGE 15


  C:7911H         LINE#         197
  C:791FH         LINE#         198
  C:791FH         LINE#         199
  C:7935H         LINE#         200
  C:793FH         LINE#         201
  C:7942H         LINE#         202
  C:7950H         LINE#         203
  C:7950H         LINE#         204
  C:7965H         LINE#         205
  C:797AH         LINE#         206
  C:798FH         LINE#         207
  C:79A4H         LINE#         208
  C:79A6H         LINE#         209
  C:79ABH         LINE#         210
  C:79ABH         LINE#         211
  C:79B5H         LINE#         212
  C:79B5H         LINE#         213
  C:79B8H         LINE#         214
  C:79CDH         LINE#         215
  C:79E2H         LINE#         216
  C:79E4H         LINE#         217
  C:79E7H         LINE#         218
  C:79E7H         LINE#         219
  C:79EAH         LINE#         221
  C:79ECH         LINE#         223
  -------         ENDPROC       _WRITE_DGUS_VP
  -------         PROC          INIT_CPU
  C:A2B5H         LINE#         308
  C:A2B5H         LINE#         309
  C:A2B5H         LINE#         310
  C:A2B7H         LINE#         311
  C:A2B9H         LINE#         312
  C:A2BBH         LINE#         314
  C:A2BEH         LINE#         315
  C:A2C1H         LINE#         316
  C:A2C3H         LINE#         317
  C:A2C6H         LINE#         318
  C:A2C9H         LINE#         319
  C:A2CCH         LINE#         320
  C:A2CEH         LINE#         321
  C:A2D1H         LINE#         322
  C:A2D3H         LINE#         323
  C:A2D5H         LINE#         324
  C:A2D7H         LINE#         325
  C:A2D9H         LINE#         326
  C:A2DBH         LINE#         330
  -------         ENDPROC       INIT_CPU
  -------         PROC          CLEARRAM
  -------         DO            
  D:0006H         SYMBOL        ptr
  D:001CH         SYMBOL        i
  -------         ENDDO         
  C:A307H         LINE#         333
  C:A307H         LINE#         334
  C:A307H         LINE#         338
  C:A30BH         LINE#         340
  C:A310H         LINE#         341
BL51 BANKED LINKER/LOCATER V6.22.2.0                                                  12/09/2022  13:55:10  PAGE 16


  C:A32EH         LINE#         342
  -------         ENDPROC       CLEARRAM
  -------         PROC          RESETT5L
  -------         DO            
  X:C1EAH         SYMBOL        tmp
  -------         ENDDO         
  C:A3F0H         LINE#         344
  C:A3F0H         LINE#         345
  C:A3F0H         LINE#         348
  C:A3FAH         LINE#         349
  -------         ENDPROC       RESETT5L
  C:A410H         SYMBOL        L?0221
  -------         PROC          L?0220
  -------         ENDPROC       L?0220
  C:A410H         SYMBOL        L?0221
  -------         PROC          _DELAY_US
  D:0006H         SYMBOL        t
  -------         DO            
  D:0005H         SYMBOL        i
  -------         ENDDO         
  C:A414H         LINE#         352
  C:A414H         LINE#         353
  C:A414H         LINE#         356
  C:A418H         LINE#         357
  C:A418H         LINE#         358
  C:A424H         LINE#         359
  C:A427H         LINE#         360
  C:A42CH         LINE#         361
  C:A42EH         LINE#         362
  -------         ENDPROC       _DELAY_US
  -------         PROC          _TOUCHSWITCH
  D:0006H         SYMBOL        PageID
  D:0005H         SYMBOL        TouchType
  D:0003H         SYMBOL        TouchID
  X:C194H         SYMBOL        Status
  -------         DO            
  X:C195H         SYMBOL        k_data
  -------         ENDDO         
  C:9C59H         LINE#         364
  C:9C59H         LINE#         365
  C:9C59H         LINE#         368
  C:9C63H         LINE#         369
  C:9C69H         LINE#         370
  C:9C6CH         LINE#         371
  C:9C6FH         LINE#         372
  C:9C75H         LINE#         373
  C:9C7FH         LINE#         375
  C:9C86H         LINE#         376
  C:9C9CH         LINE#         378
  C:9C9CH         LINE#         379
  C:9C9FH         LINE#         380
  C:9CB4H         LINE#         381
  C:9CBAH         LINE#         382
  -------         ENDPROC       _TOUCHSWITCH
  -------         PROC          _MUSICPLAY
  X:C1D6H         SYMBOL        MusicId
  -------         DO            
BL51 BANKED LINKER/LOCATER V6.22.2.0                                                  12/09/2022  13:55:10  PAGE 17


  X:C1D7H         SYMBOL        k_data
  -------         ENDDO         
  C:A1D2H         LINE#         384
  C:A1D7H         LINE#         385
  C:A1D7H         LINE#         388
  C:A1EDH         LINE#         389
  C:A1F3H         LINE#         390
  C:A1F7H         LINE#         391
  C:A1FCH         LINE#         392
  -------         ENDPROC       _MUSICPLAY
  -------         PROC          NORFLASH_ACTION
  -------         DO            
  X:C1BEH         SYMBOL        buf
  -------         ENDDO         
  C:8520H         LINE#         433
  C:8520H         LINE#         434
  C:8520H         LINE#         437
  C:8529H         LINE#         438
  C:8541H         LINE#         439
  C:8559H         LINE#         440
  C:8564H         LINE#         441
  C:8571H         LINE#         442
  C:8574H         LINE#         443
  C:8581H         LINE#         444
  C:8584H         LINE#         445
  C:8589H         LINE#         446
  C:8589H         LINE#         447
  C:8597H         LINE#         448
  C:85B1H         LINE#         449
  C:85B1H         LINE#         450
  C:85C7H         LINE#         452
  C:85C7H         LINE#         453
  C:85CAH         LINE#         454
  C:85DFH         LINE#         455
  C:85E5H         LINE#         456
  C:85EDH         LINE#         457
  C:85EDH         LINE#         458
  C:85FBH         LINE#         459
  C:860FH         LINE#         460
  C:860FH         LINE#         461
  -------         ENDPROC       NORFLASH_ACTION
  -------         PROC          SPIFLASH_ACTION
  -------         DO            
  X:C19DH         SYMBOL        buf
  -------         ENDDO         
  C:80C5H         LINE#         464
  C:80C5H         LINE#         465
  C:80C5H         LINE#         468
  C:80CBH         LINE#         469
  C:80D3H         LINE#         470
  C:80DAH         LINE#         471
  C:80DAH         LINE#         472
  C:80E3H         LINE#         473
  C:80FBH         LINE#         474
  C:8113H         LINE#         475
  C:811EH         LINE#         476
  C:812BH         LINE#         477
BL51 BANKED LINKER/LOCATER V6.22.2.0                                                  12/09/2022  13:55:10  PAGE 18


  C:812EH         LINE#         478
  C:813BH         LINE#         479
  C:813EH         LINE#         480
  C:813FH         LINE#         481
  C:813FH         LINE#         482
  C:8141H         LINE#         483
  C:8147H         LINE#         484
  C:8147H         LINE#         485
  C:8154H         LINE#         486
  C:8157H         LINE#         487
  C:8164H         LINE#         488
  C:8167H         LINE#         489
  C:8174H         LINE#         490
  C:8177H         LINE#         491
  C:817AH         LINE#         492
  C:817CH         LINE#         493
  C:817EH         LINE#         494
  C:8180H         LINE#         495
  C:8180H         LINE#         496
  C:8196H         LINE#         498
  C:8196H         LINE#         499
  C:8199H         LINE#         500
  C:81AEH         LINE#         501
  C:81B4H         LINE#         502
  C:81BCH         LINE#         503
  C:81BCH         LINE#         504
  C:81CAH         LINE#         505
  C:81DEH         LINE#         506
  C:81DEH         LINE#         507
  -------         ENDPROC       SPIFLASH_ACTION
  -------         PROC          GETPAGEID
  -------         DO            
  X:C1F5H         SYMBOL        nPage
  -------         ENDDO         
  C:A42FH         LINE#         511
  C:A42FH         LINE#         512
  C:A42FH         LINE#         515
  C:A444H         LINE#         516
  C:A44CH         LINE#         517
  -------         ENDPROC       GETPAGEID
  -------         PROC          _PAGE_CHANGE
  X:C131H         SYMBOL        PageID
  -------         DO            
  X:C133H         SYMBOL        buf
  -------         ENDDO         
  C:9748H         LINE#         519
  C:9750H         LINE#         520
  C:9750H         LINE#         523
  C:9754H         LINE#         524
  C:9758H         LINE#         525
  C:9765H         LINE#         526
  C:9768H         LINE#         527
  C:977EH         LINE#         529
  C:977EH         LINE#         530
  C:9781H         LINE#         531
  C:9797H         LINE#         532
  C:97A9H         LINE#         533
BL51 BANKED LINKER/LOCATER V6.22.2.0                                                  12/09/2022  13:55:10  PAGE 19


  C:97AEH         LINE#         534
  C:97B0H         LINE#         535
  C:97B2H         LINE#         536
  C:97B4H         LINE#         537
  -------         ENDPROC       _PAGE_CHANGE
  -------         PROC          _DELAY_MS
  X:C13FH         SYMBOL        t
  -------         DO            
  X:C141H         SYMBOL        i
  D:0002H         SYMBOL        j
  -------         ENDDO         
  C:A0B7H         LINE#         540
  C:A0BFH         LINE#         541
  C:A0BFH         LINE#         543
  C:A0D9H         LINE#         544
  C:A0D9H         LINE#         545
  C:A0DCH         LINE#         546
  C:A0EEH         LINE#         547
  C:A0FEH         LINE#         548
  -------         ENDPROC       _DELAY_MS
  -------         PROC          _SETPINOUT
  D:0007H         SYMBOL        Port
  D:0005H         SYMBOL        Pin
  C:A0FFH         LINE#         550
  C:A0FFH         LINE#         551
  C:A0FFH         LINE#         552
  C:A10DH         LINE#         553
  C:A10DH         LINE#         554
  C:A11AH         LINE#         555
  C:A11BH         LINE#         556
  C:A128H         LINE#         557
  C:A129H         LINE#         558
  C:A136H         LINE#         559
  C:A137H         LINE#         560
  C:A146H         LINE#         561
  C:A146H         LINE#         562
  C:A146H         LINE#         563
  C:A146H         LINE#         565
  -------         ENDPROC       _SETPINOUT
  -------         PROC          _SETPININ
  D:0007H         SYMBOL        Port
  D:0005H         SYMBOL        Pin
  C:A022H         LINE#         567
  C:A022H         LINE#         568
  C:A022H         LINE#         569
  C:A030H         LINE#         570
  C:A030H         LINE#         571
  C:A03EH         LINE#         572
  C:A03FH         LINE#         573
  C:A04DH         LINE#         574
  C:A04EH         LINE#         575
  C:A05CH         LINE#         576
  C:A05DH         LINE#         577
  C:A06DH         LINE#         578
  C:A06DH         LINE#         579
  C:A06DH         LINE#         580
  C:A06DH         LINE#         582
BL51 BANKED LINKER/LOCATER V6.22.2.0                                                  12/09/2022  13:55:10  PAGE 20


  -------         ENDPROC       _SETPININ
  -------         PROC          _PINOUTPUT
  D:0007H         SYMBOL        Port
  D:0005H         SYMBOL        Pin
  D:0003H         SYMBOL        value
  C:937CH         LINE#         586
  C:937CH         LINE#         587
  C:937CH         LINE#         588
  C:938DH         LINE#         589
  C:938DH         LINE#         590
  C:939EH         LINE#         591
  C:93ACH         LINE#         592
  C:93ADH         LINE#         593
  C:93BEH         LINE#         594
  C:93CCH         LINE#         595
  C:93CDH         LINE#         596
  C:93DEH         LINE#         597
  C:93ECH         LINE#         598
  C:93EDH         LINE#         599
  C:93FEH         LINE#         600
  C:940EH         LINE#         601
  C:940EH         LINE#         602
  C:940EH         LINE#         603
  C:940EH         LINE#         604
  -------         ENDPROC       _PINOUTPUT
  -------         PROC          _GETPININ
  D:0007H         SYMBOL        Port
  D:0005H         SYMBOL        Pin
  -------         DO            
  D:0006H         SYMBOL        value
  -------         ENDDO         
  C:9E8FH         LINE#         608
  C:9E8FH         LINE#         609
  C:9E8FH         LINE#         611
  C:9E9DH         LINE#         612
  C:9E9DH         LINE#         613
  C:9EABH         LINE#         614
  C:9EADH         LINE#         615
  C:9EBBH         LINE#         616
  C:9EBDH         LINE#         617
  C:9ECBH         LINE#         618
  C:9ECDH         LINE#         619
  C:9EDDH         LINE#         620
  C:9EDFH         LINE#         621
  C:9EDFH         LINE#         622
  C:9EE1H         LINE#         623
  C:9EE1H         LINE#         624
  C:9EE1H         LINE#         625
  C:9EE3H         LINE#         626
  -------         ENDPROC       _GETPININ
  -------         PROC          GETTOUCHSTATUS
  -------         DO            
  X:C1C6H         SYMBOL        k_data
  -------         ENDDO         
  C:8AABH         LINE#         628
  C:8AABH         LINE#         629
  C:8AABH         LINE#         632
BL51 BANKED LINKER/LOCATER V6.22.2.0                                                  12/09/2022  13:55:10  PAGE 21


  C:8AC1H         LINE#         633
  C:8ACCH         LINE#         634
  C:8ACCH         LINE#         635
  C:8AD5H         LINE#         636
  C:8AD5H         LINE#         637
  C:8AEBH         LINE#         638
  C:8B03H         LINE#         639
  C:8B07H         LINE#         640
  C:8B09H         LINE#         641
  C:8B0FH         LINE#         642
  C:8B0FH         LINE#         643
  C:8B1EH         LINE#         644
  C:8B2DH         LINE#         645
  C:8B33H         LINE#         646
  C:8B35H         LINE#         648
  C:8B35H         LINE#         649
  C:8B3BH         LINE#         650
  C:8B3BH         LINE#         651
  C:8B4AH         LINE#         652
  C:8B59H         LINE#         653
  C:8B5EH         LINE#         654
  C:8B73H         LINE#         655
  C:8B75H         LINE#         656
  C:8B75H         LINE#         658
  C:8B75H         LINE#         659
  C:8B81H         LINE#         660
  C:8B81H         LINE#         661
  C:8B86H         LINE#         662
  C:8B86H         LINE#         663
  C:8B8BH         LINE#         664
  C:8B8BH         LINE#         665
  -------         ENDPROC       GETTOUCHSTATUS
  -------         PROC          _GETTOUCHANCTION
  X:C1A9H         SYMBOL        PageID
  -------         DO            
  X:C1ABH         SYMBOL        status
  X:C1ACH         SYMBOL        x2distance
  X:C1B0H         SYMBOL        y2distance
  -------         ENDDO         
  C:6F68H         LINE#         667
  C:6F70H         LINE#         668
  C:6F70H         LINE#         672
  C:6F78H         LINE#         673
  C:6F7CH         LINE#         674
  C:6F7CH         LINE#         675
  C:6F80H         LINE#         676
  C:6F82H         LINE#         677
  C:6F82H         LINE#         678
  C:6F88H         LINE#         679
  C:6F88H         LINE#         680
  C:6F9CH         LINE#         681
  C:6FA2H         LINE#         682
  C:6FA4H         LINE#         683
  C:6FA4H         LINE#         685
  C:6FA4H         LINE#         686
  C:6FB8H         LINE#         687
  C:6FB8H         LINE#         688
BL51 BANKED LINKER/LOCATER V6.22.2.0                                                  12/09/2022  13:55:10  PAGE 22


  C:6FBBH         LINE#         689
  C:6FBBH         LINE#         690
  C:6FD6H         LINE#         691
  C:6FF0H         LINE#         692
  C:700BH         LINE#         693
  C:7025H         LINE#         694
  C:702DH         LINE#         695
  C:702DH         LINE#         696
  C:7035H         LINE#         697
  C:7035H         LINE#         698
  C:7068H         LINE#         699
  C:7068H         LINE#         700
  C:7096H         LINE#         701
  C:7096H         LINE#         702
  C:7099H         LINE#         703
  C:709BH         LINE#         704
  C:709BH         LINE#         706
  C:709BH         LINE#         707
  C:709EH         LINE#         708
  C:70A0H         LINE#         709
  C:70A0H         LINE#         710
  C:70A0H         LINE#         711
  C:70A0H         LINE#         712
  C:70A6H         LINE#         713
  C:70A6H         LINE#         715
  C:70A6H         LINE#         716
  C:70AEH         LINE#         717
  C:70AEH         LINE#         718
  C:70E1H         LINE#         719
  C:70E1H         LINE#         720
  C:710FH         LINE#         721
  C:710FH         LINE#         722
  C:7112H         LINE#         723
  C:7114H         LINE#         725
  C:7114H         LINE#         726
  C:7117H         LINE#         727
  C:7117H         LINE#         728
  C:7119H         LINE#         730
  C:7119H         LINE#         731
  C:711CH         LINE#         732
  C:711CH         LINE#         733
  C:711CH         LINE#         734
  C:7124H         LINE#         735
  C:7124H         LINE#         736
  C:713FH         LINE#         737
  C:7142H         LINE#         738
  C:7142H         LINE#         740
  C:7142H         LINE#         741
  C:715DH         LINE#         742
  C:715FH         LINE#         743
  C:715FH         LINE#         744
  C:715FH         LINE#         745
  C:715FH         LINE#         746
  -------         ENDPROC       _GETTOUCHANCTION
  -------         PROC          _SYS_READ_VP
  D:0004H         SYMBOL        addr
  X:C115H         SYMBOL        buf
BL51 BANKED LINKER/LOCATER V6.22.2.0                                                  12/09/2022  13:55:10  PAGE 23


  X:C118H         SYMBOL        len
  -------         DO            
  D:0003H         SYMBOL        i
  -------         ENDDO         
  C:88E1H         LINE#         752
  C:88F0H         LINE#         753
  C:88F0H         LINE#         756
  C:88F4H         LINE#         757
  C:88FBH         LINE#         758
  C:88FEH         LINE#         759
  C:8901H         LINE#         760
  C:8905H         LINE#         761
  C:8908H         LINE#         762
  C:890BH         LINE#         763
  C:890EH         LINE#         764
  C:8920H         LINE#         765
  C:8920H         LINE#         766
  C:8922H         LINE#         767
  C:8925H         LINE#         768
  C:8937H         LINE#         769
  C:8937H         LINE#         770
  C:894CH         LINE#         771
  C:8961H         LINE#         772
  C:8963H         LINE#         773
  C:8971H         LINE#         774
  C:8971H         LINE#         775
  C:8985H         LINE#         776
  C:8985H         LINE#         777
  C:899AH         LINE#         778
  C:89AFH         LINE#         779
  C:89B1H         LINE#         780
  C:89BFH         LINE#         781
  C:89BFH         LINE#         782
  C:89C2H         LINE#         783
  C:89C5H         LINE#         784
  -------         ENDPROC       _SYS_READ_VP
  -------         PROC          _SYS_WRITE_VP
  D:0004H         SYMBOL        addr
  X:C133H         SYMBOL        buf
  X:C136H         SYMBOL        len
  -------         DO            
  D:0003H         SYMBOL        i
  -------         ENDDO         
  C:7F99H         LINE#         791
  C:7FA8H         LINE#         792
  C:7FA8H         LINE#         795
  C:7FACH         LINE#         796
  C:7FB3H         LINE#         797
  C:7FB6H         LINE#         798
  C:7FB9H         LINE#         799
  C:7FBDH         LINE#         800
  C:7FC0H         LINE#         801
  C:7FC3H         LINE#         802
  C:7FC6H         LINE#         803
  C:7FD8H         LINE#         804
  C:7FD8H         LINE#         805
  C:7FDBH         LINE#         806
BL51 BANKED LINKER/LOCATER V6.22.2.0                                                  12/09/2022  13:55:10  PAGE 24


  C:7FF0H         LINE#         807
  C:8005H         LINE#         808
  C:8007H         LINE#         809
  C:8015H         LINE#         810
  C:8015H         LINE#         811
  C:8018H         LINE#         812
  C:8028H         LINE#         813
  C:8028H         LINE#         814
  C:803DH         LINE#         815
  C:8052H         LINE#         816
  C:8067H         LINE#         817
  C:807CH         LINE#         818
  C:807EH         LINE#         819
  C:808CH         LINE#         820
  C:808EH         LINE#         821
  C:8092H         LINE#         822
  C:8092H         LINE#         823
  C:8095H         LINE#         824
  C:80AAH         LINE#         825
  C:80BFH         LINE#         826
  C:80C1H         LINE#         827
  C:80C1H         LINE#         828
  C:80C4H         LINE#         829
  -------         ENDPROC       _SYS_WRITE_VP
  -------         ENDMOD        SYS

  -------         MODULE        TIMER
  C:0000H         SYMBOL        _ICE_DUMMY_
  B:00A8H.7       PUBLIC        EA
  C:A4B9H         PUBLIC        _KillTimer
  D:0008H         PUBLIC        TimerTime
  C:A3CEH         PUBLIC        _StartTimer
  X:C0CDH         PUBLIC        PWMPort
  X:C0D5H         PUBLIC        PWMPin
  X:C0DDH         PUBLIC        PWMLow
  D:0089H         PUBLIC        TMOD
  X:C0EDH         PUBLIC        EnablePWM
  C:97C9H         PUBLIC        T0_ISR_PC
  D:0018H         PUBLIC        OutTimeFlag
  B:00A8H.1       PUBLIC        ET0
  B:00C0H.6       PUBLIC        TF2
  D:008CH         PUBLIC        TH0
  D:0019H         PUBLIC        SysTick
  D:001AH         PUBLIC        EnableTimer
  D:008AH         PUBLIC        TL0
  B:0088H.4       PUBLIC        TR0
  C:A53CH         PUBLIC        timer2_Isr
  C:A4E3H         PUBLIC        _GetTimeOutFlag
  X:C0EEH         PUBLIC        PWMTicks
  C:A44DH         PUBLIC        T0_Init
  X:C0FEH         PUBLIC        PWMTotal
  -------         PROC          T0_INIT
  C:A44DH         LINE#         46
  C:A44DH         LINE#         47
  C:A44DH         LINE#         48
  C:A450H         LINE#         50
  C:A453H         LINE#         51
BL51 BANKED LINKER/LOCATER V6.22.2.0                                                  12/09/2022  13:55:10  PAGE 25


  C:A455H         LINE#         52
  C:A457H         LINE#         54
  C:A459H         LINE#         55
  C:A45BH         LINE#         57
  C:A45EH         LINE#         58
  C:A461H         LINE#         59
  C:A464H         LINE#         60
  C:A466H         LINE#         62
  C:A468H         LINE#         63
  -------         ENDPROC       T0_INIT
  -------         PROC          T0_ISR_PC
  -------         DO            
  D:001BH         SYMBOL        i
  -------         ENDDO         
  C:97C9H         LINE#         74
  C:97D6H         LINE#         78
  C:97D8H         LINE#         79
  C:97DBH         LINE#         80
  C:97DEH         LINE#         81
  C:97E0H         LINE#         82
  C:97E8H         LINE#         83
  C:97F6H         LINE#         84
  C:97F6H         LINE#         85
  C:980CH         LINE#         86
  C:980CH         LINE#         87
  C:981AH         LINE#         88
  C:9828H         LINE#         89
  C:9828H         LINE#         90
  C:9836H         LINE#         91
  C:9839H         LINE#         92
  C:9839H         LINE#         93
  C:9839H         LINE#         94
  C:983DH         LINE#         95
  C:983FH         LINE#         96
  -------         ENDPROC       T0_ISR_PC
  -------         PROC          TIMER2_ISR
  C:A53CH         LINE#         98
  C:A53CH         LINE#         100
  C:A53EH         LINE#         101
  C:A540H         LINE#         102
  C:A542H         LINE#         103
  -------         ENDPROC       TIMER2_ISR
  -------         PROC          _STARTTIMER
  D:0007H         SYMBOL        ID
  D:0004H         SYMBOL        nTime
  C:A3CEH         LINE#         118
  C:A3CEH         LINE#         119
  C:A3CEH         LINE#         120
  C:A3D0H         LINE#         121
  C:A3DEH         LINE#         122
  C:A3E9H         LINE#         123
  C:A3EDH         LINE#         124
  C:A3EFH         LINE#         125
  -------         ENDPROC       _STARTTIMER
  -------         PROC          _KILLTIMER
  D:0007H         SYMBOL        ID
  C:A4B9H         LINE#         138
BL51 BANKED LINKER/LOCATER V6.22.2.0                                                  12/09/2022  13:55:10  PAGE 26


  C:A4B9H         LINE#         139
  C:A4B9H         LINE#         140
  C:A4BBH         LINE#         141
  C:A4C9H         LINE#         142
  C:A4CBH         LINE#         143
  C:A4CDH         LINE#         144
  -------         ENDPROC       _KILLTIMER
  -------         PROC          _GETTIMEOUTFLAG
  D:0007H         SYMBOL        ID
  -------         DO            
  D:0007H         SYMBOL        flag
  -------         ENDDO         
  C:A4E3H         LINE#         156
  C:A4E3H         LINE#         157
  C:A4E3H         LINE#         159
  C:A4E5H         LINE#         160
  C:A4F3H         LINE#         161
  C:A4F5H         LINE#         162
  C:A4F5H         LINE#         164
  -------         ENDPROC       _GETTIMEOUTFLAG
  -------         ENDMOD        TIMER

  -------         MODULE        UART
  C:0000H         SYMBOL        _ICE_DUMMY_
  D:0080H         PUBLIC        P0
  C:94A0H         PUBLIC        uart2_Isr
  C:924DH         PUBLIC        uart3_Isr
  B:00A8H.7       PUBLIC        EA
  X:8000H         PUBLIC        Uart_Struct
  D:00A8H         PUBLIC        IEN0
  D:00B8H         PUBLIC        IEN1
  X:A024H         PUBLIC        RxReadPt
  D:009AH         PUBLIC        IEN2
  C:A512H         PUBLIC        _UART4_Sendbyte
  X:A026H         PUBLIC        RxWritePt
  D:00BAH         PUBLIC        SREL0H
  D:00BBH         PUBLIC        SREL1H
  D:00AAH         PUBLIC        SREL0L
  C:9EE4H         PUBLIC        _UartInit
  D:009DH         PUBLIC        SREL1L
  D:0097H         PUBLIC        SCON2R
  D:00D9H         PUBLIC        BODE2_DIV_H
  D:00ABH         PUBLIC        SCON3R
  D:00AEH         PUBLIC        BODE3_DIV_H
  D:0096H         PUBLIC        SCON2T
  D:00A7H         PUBLIC        SCON3T
  D:00E7H         PUBLIC        BODE2_DIV_L
  D:00AFH         PUBLIC        BODE3_DIV_L
  D:00C9H         PUBLIC        MUX_SEL
  B:00A8H.4       PUBLIC        ES0
  B:0098H.0       PUBLIC        RI0
  B:0098H.1       PUBLIC        TI0
  D:0099H         PUBLIC        SBUF0
  D:009CH         PUBLIC        SBUF1
  D:0098H         PUBLIC        SCON0
  D:009BH         PUBLIC        SCON1
  C:9F86H         PUBLIC        _UART2_Init
BL51 BANKED LINKER/LOCATER V6.22.2.0                                                  12/09/2022  13:55:10  PAGE 27


  D:00D8H         PUBLIC        ADCON
  C:A06EH         PUBLIC        _UART3_Init
  C:7509H         PUBLIC        _Uatr_Send_Data
  C:A32FH         PUBLIC        _UART4_Init
  C:A357H         PUBLIC        _UART5_Init
  X:A028H         PUBLIC        RxBuf
  D:009FH         PUBLIC        SBUF2_RX
  D:00ADH         PUBLIC        SBUF3_RX
  D:009EH         PUBLIC        SBUF2_TX
  D:00ACH         PUBLIC        SBUF3_TX
  C:9F37H         PUBLIC        uart4r_Isr
  C:A147H         PUBLIC        uart5r_Isr
  C:9CBBH         PUBLIC        uart4t_Isr
  C:9D1BH         PUBLIC        uart5t_Isr
  C:9DDAH         PUBLIC        _UART4_Sendbyte32
  C:A51EH         PUBLIC        _UART4_Sendbyte16
  -------         PROC          _UART2_INIT
  D:0004H         SYMBOL        bdt
  -------         DO            
  X:C11EH         SYMBOL        tmp
  -------         ENDDO         
  C:9F86H         LINE#         42
  C:9F86H         LINE#         43
  C:9F86H         LINE#         45
  C:9FA7H         LINE#         46
  C:9FAAH         LINE#         47
  C:9FB1H         LINE#         48
  C:9FB8H         LINE#         49
  C:9FBBH         LINE#         50
  C:9FBEH         LINE#         51
  C:9FC1H         LINE#         52
  C:9FCCH         LINE#         53
  C:9FCEH         LINE#         54
  C:9FD1H         LINE#         55
  C:9FD3H         LINE#         66
  -------         ENDPROC       _UART2_INIT
  -------         PROC          _UART3_INIT
  D:0004H         SYMBOL        bdt
  -------         DO            
  X:C11EH         SYMBOL        tmp
  -------         ENDDO         
  C:A06EH         LINE#         81
  C:A06EH         LINE#         82
  C:A06EH         LINE#         84
  C:A08FH         LINE#         86
  C:A092H         LINE#         88
  C:A099H         LINE#         89
  C:A0A0H         LINE#         90
  C:A0A3H         LINE#         92
  C:A0A6H         LINE#         93
  C:A0B1H         LINE#         94
  C:A0B3H         LINE#         95
  C:A0B6H         LINE#         105
  -------         ENDPROC       _UART3_INIT
  -------         PROC          _UART4_INIT
  D:0004H         SYMBOL        bdt
  -------         DO            
BL51 BANKED LINKER/LOCATER V6.22.2.0                                                  12/09/2022  13:55:10  PAGE 28


  D:0004H         SYMBOL        tmp
  -------         ENDDO         
  C:A32FH         LINE#         120
  C:A32FH         LINE#         121
  C:A32FH         LINE#         123
  C:A332H         LINE#         124
  C:A335H         LINE#         125
  C:A34CH         LINE#         126
  C:A34FH         LINE#         127
  C:A353H         LINE#         129
  C:A356H         LINE#         139
  -------         ENDPROC       _UART4_INIT
  -------         PROC          _UART5_INIT
  D:0004H         SYMBOL        bdt
  -------         DO            
  D:0004H         SYMBOL        tmp
  -------         ENDDO         
  C:A357H         LINE#         154
  C:A357H         LINE#         155
  C:A357H         LINE#         157
  C:A35AH         LINE#         158
  C:A35DH         LINE#         160
  C:A374H         LINE#         161
  C:A377H         LINE#         162
  C:A37BH         LINE#         163
  C:A37EH         LINE#         173
  -------         ENDPROC       _UART5_INIT
  -------         PROC          _UARTINIT
  D:0007H         SYMBOL        UartPort
  X:C11AH         SYMBOL        bdt
  C:9EE4H         LINE#         175
  C:9EE4H         LINE#         176
  C:9EE4H         LINE#         177
  C:9EF2H         LINE#         178
  C:9EF2H         LINE#         179
  C:9F03H         LINE#         180
  C:9F14H         LINE#         181
  C:9F25H         LINE#         182
  C:9F36H         LINE#         183
  C:9F36H         LINE#         184
  C:9F36H         LINE#         185
  -------         ENDPROC       _UARTINIT
  -------         PROC          _UATR_SEND_DATA
  X:C10FH         SYMBOL        str
  X:C110H         SYMBOL        len
  X:C112H         SYMBOL        buf
  -------         DO            
  X:C115H         SYMBOL        i
  -------         ENDDO         
  C:7509H         LINE#         197
  C:751DH         LINE#         198
  C:751DH         LINE#         201
  C:751FH         LINE#         202
  C:753CH         LINE#         203
  C:753CH         LINE#         204
  C:7595H         LINE#         205
  C:75B4H         LINE#         206
BL51 BANKED LINKER/LOCATER V6.22.2.0                                                  12/09/2022  13:55:10  PAGE 29


  C:75D0H         LINE#         207
  C:75E1H         LINE#         208
  C:75F8H         LINE#         209
  C:75F8H         LINE#         210
  C:75F8H         LINE#         211
  C:7601H         LINE#         212
  C:7601H         LINE#         216
  C:7603H         LINE#         217
  C:7616H         LINE#         218
  C:7624H         LINE#         219
  C:7627H         LINE#         220
  C:7627H         LINE#         221
  C:762AH         LINE#         222
  C:762AH         LINE#         223
  C:7633H         LINE#         224
  C:7633H         LINE#         228
  C:7635H         LINE#         229
  C:7648H         LINE#         230
  C:7656H         LINE#         231
  C:7659H         LINE#         232
  C:7659H         LINE#         233
  C:765BH         LINE#         234
  C:765BH         LINE#         235
  C:7661H         LINE#         236
  C:7661H         LINE#         240
  C:7663H         LINE#         241
  C:7676H         LINE#         242
  C:7684H         LINE#         243
  C:7687H         LINE#         244
  C:7687H         LINE#         245
  C:7689H         LINE#         246
  C:7689H         LINE#         247
  C:768FH         LINE#         248
  C:768FH         LINE#         252
  C:7691H         LINE#         253
  C:76A4H         LINE#         254
  C:76B2H         LINE#         255
  C:76B9H         LINE#         256
  C:76B9H         LINE#         257
  C:76B9H         LINE#         258
  C:76B9H         LINE#         259
  C:76B9H         LINE#         260
  C:76B9H         LINE#         261
  C:76BBH         LINE#         262
  -------         ENDPROC       _UATR_SEND_DATA
  -------         PROC          UART2_ISR
  C:94A0H         LINE#         264
  C:94AFH         LINE#         266
  C:94B1H         LINE#         267
  C:94B4H         LINE#         268
  C:94B4H         LINE#         269
  C:94B6H         LINE#         270
  C:94C9H         LINE#         271
  C:94D7H         LINE#         272
  C:94DEH         LINE#         273
  C:94DEH         LINE#         274
  C:94E1H         LINE#         275
BL51 BANKED LINKER/LOCATER V6.22.2.0                                                  12/09/2022  13:55:10  PAGE 30


  C:94E1H         LINE#         276
  C:94E3H         LINE#         277
  C:94F7H         LINE#         278
  C:94F7H         LINE#         279
  C:9504H         LINE#         280
  C:9512H         LINE#         281
  C:9519H         LINE#         282
  C:951BH         LINE#         284
  C:951BH         LINE#         285
  C:9520H         LINE#         289
  C:9520H         LINE#         290
  C:9520H         LINE#         291
  C:9522H         LINE#         292
  -------         ENDPROC       UART2_ISR
  -------         PROC          UART4T_ISR
  C:9CBBH         LINE#         294
  C:9CCAH         LINE#         296
  C:9CCCH         LINE#         297
  C:9CCFH         LINE#         298
  C:9CE3H         LINE#         299
  C:9CE3H         LINE#         300
  C:9CF0H         LINE#         301
  C:9CFEH         LINE#         302
  C:9D05H         LINE#         303
  C:9D07H         LINE#         305
  C:9D07H         LINE#         306
  C:9D0CH         LINE#         310
  C:9D0CH         LINE#         311
  C:9D0EH         LINE#         312
  -------         ENDPROC       UART4T_ISR
  -------         PROC          UART4R_ISR
  -------         DO            
  D:0007H         SYMBOL        res
  -------         ENDDO         
  C:9F37H         LINE#         314
  C:9F46H         LINE#         323
  C:9F46H         LINE#         324
  C:9F48H         LINE#         325
  C:9F50H         LINE#         326
  C:9F50H         LINE#         327
  C:9F52H         LINE#         328
  C:9F66H         LINE#         329
  C:9F74H         LINE#         330
  C:9F74H         LINE#         331
  C:9F77H         LINE#         332
  C:9F79H         LINE#         333
  -------         ENDPROC       UART4R_ISR
  -------         PROC          _UART4_SENDBYTE
  D:0007H         SYMBOL        dat
  C:A512H         LINE#         336
  C:A512H         LINE#         337
  C:A512H         LINE#         338
  C:A514H         LINE#         339
  C:A51AH         LINE#         340
  C:A51DH         LINE#         341
  -------         ENDPROC       _UART4_SENDBYTE
  -------         PROC          _UART4_SENDBYTE16
BL51 BANKED LINKER/LOCATER V6.22.2.0                                                  12/09/2022  13:55:10  PAGE 31


  D:0006H         SYMBOL        dat
  -------         DO            
  D:0005H         SYMBOL        data_L
  D:0007H         SYMBOL        data_H
  -------         ENDDO         
  C:A51EH         LINE#         343
  C:A51EH         LINE#         344
  C:A51EH         LINE#         346
  C:A520H         LINE#         347
  C:A522H         LINE#         348
  C:A525H         LINE#         349
  -------         ENDPROC       _UART4_SENDBYTE16
  -------         PROC          _UART4_SENDBYTE32
  X:C1EEH         SYMBOL        dat
  -------         DO            
  D:0001H         SYMBOL        data_8
  D:0003H         SYMBOL        data_16
  D:0002H         SYMBOL        data_24
  D:0007H         SYMBOL        data_32
  -------         ENDDO         
  C:9DDAH         LINE#         353
  C:9DE0H         LINE#         354
  C:9DE0H         LINE#         356
  C:9DF0H         LINE#         357
  C:9DFEH         LINE#         358
  C:9E13H         LINE#         359
  C:9E26H         LINE#         360
  C:9E29H         LINE#         361
  C:9E2EH         LINE#         362
  C:9E33H         LINE#         363
  -------         ENDPROC       _UART4_SENDBYTE32
  -------         PROC          UART5T_ISR
  C:9D1BH         LINE#         368
  C:9D2AH         LINE#         370
  C:9D2CH         LINE#         371
  C:9D2FH         LINE#         372
  C:9D43H         LINE#         373
  C:9D43H         LINE#         374
  C:9D50H         LINE#         375
  C:9D5EH         LINE#         376
  C:9D65H         LINE#         377
  C:9D67H         LINE#         379
  C:9D67H         LINE#         380
  C:9D6CH         LINE#         384
  C:9D6CH         LINE#         385
  C:9D6EH         LINE#         386
  -------         ENDPROC       UART5T_ISR
  -------         PROC          UART5R_ISR
  C:A147H         LINE#         388
  C:A154H         LINE#         390
  C:A156H         LINE#         391
  C:A159H         LINE#         392
  C:A16CH         LINE#         393
  C:A17AH         LINE#         394
  C:A181H         LINE#         395
  C:A183H         LINE#         396
  -------         ENDPROC       UART5R_ISR
BL51 BANKED LINKER/LOCATER V6.22.2.0                                                  12/09/2022  13:55:10  PAGE 32


  -------         PROC          UART3_ISR
  C:924DH         LINE#         398
  C:925CH         LINE#         400
  C:925EH         LINE#         401
  C:9263H         LINE#         402
  C:9263H         LINE#         403
  C:9266H         LINE#         404
  C:9269H         LINE#         405
  C:927CH         LINE#         406
  C:928AH         LINE#         407
  C:9291H         LINE#         408
  C:9291H         LINE#         409
  C:9296H         LINE#         410
  C:9296H         LINE#         411
  C:9299H         LINE#         412
  C:929CH         LINE#         413
  C:92B0H         LINE#         414
  C:92B0H         LINE#         415
  C:92BDH         LINE#         416
  C:92CBH         LINE#         417
  C:92D2H         LINE#         418
  C:92D4H         LINE#         420
  C:92D4H         LINE#         421
  C:92D9H         LINE#         425
  C:92D9H         LINE#         426
  C:92D9H         LINE#         427
  C:92DBH         LINE#         428
  -------         ENDPROC       UART3_ISR
  -------         ENDMOD        UART

  -------         MODULE        CANBUS
  C:0000H         SYMBOL        _ICE_DUMMY_
  D:00F1H         PUBLIC        ADR_H
  D:00F3H         PUBLIC        ADR_L
  D:00F2H         PUBLIC        ADR_M
  B:00A8H.7       PUBLIC        EA
  D:00F8H         PUBLIC        RAMMODE
  X:A228H         PUBLIC        CanData
  B:00F8H.4       PUBLIC        APP_ACK
  D:00F4H         PUBLIC        ADR_INC
  C:7CEEH         PUBLIC        LoadOneFrame
  B:00B8H.1       PUBLIC        ECAN
  C:5DF4H         PUBLIC        Can_Isr
  C:A469H         PUBLIC        CanErrorReset
  D:00C9H         PUBLIC        MUX_SEL
  D:008FH         PUBLIC        CAN_CR
  D:00FDH         PUBLIC        DATA0
  D:00FCH         PUBLIC        DATA1
  D:00E8H         PUBLIC        CAN_ET
  D:00FBH         PUBLIC        DATA2
  D:00FAH         PUBLIC        DATA3
  D:0091H         PUBLIC        CAN_IR
  B:00F8H.6       PUBLIC        APP_EN
  C:940FH         PUBLIC        _CanBusInit
  C:6439H         PUBLIC        _CanTx
  -------         PROC          _CANBUSINIT
  X:C119H         SYMBOL        RegCfg
BL51 BANKED LINKER/LOCATER V6.22.2.0                                                  12/09/2022  13:55:10  PAGE 33


  C:940FH         LINE#         26
  C:941AH         LINE#         27
  C:941AH         LINE#         28
  C:9421H         LINE#         29
  C:9428H         LINE#         30
  C:9431H         LINE#         31
  C:9434H         LINE#         32
  C:9437H         LINE#         33
  C:943AH         LINE#         34
  C:943DH         LINE#         35
  C:9440H         LINE#         36
  C:9443H         LINE#         37
  C:9446H         LINE#         44
  C:9456H         LINE#         45
  C:945EH         LINE#         46
  C:9466H         LINE#         47
  C:946EH         LINE#         49
  C:9470H         LINE#         50
  C:9473H         LINE#         51
  C:9476H         LINE#         52
  C:9478H         LINE#         53
  C:947AH         LINE#         54
  C:947CH         LINE#         55
  C:947EH         LINE#         56
  C:9481H         LINE#         57
  C:9484H         LINE#         58
  C:9487H         LINE#         59
  C:948AH         LINE#         60
  C:948DH         LINE#         61
  C:948FH         LINE#         62
  C:9492H         LINE#         63
  C:9495H         LINE#         64
  C:9498H         LINE#         65
  C:949DH         LINE#         66
  C:949FH         LINE#         67
  -------         ENDPROC       _CANBUSINIT
  -------         PROC          CANERRORRESET
  C:A469H         LINE#         84
  C:A469H         LINE#         85
  C:A469H         LINE#         87
  C:A46EH         LINE#         88
  C:A46EH         LINE#         89
  C:A471H         LINE#         90
  C:A474H         LINE#         91
  C:A47BH         LINE#         92
  C:A47EH         LINE#         93
  C:A483H         LINE#         94
  C:A483H         LINE#         96
  -------         ENDPROC       CANERRORRESET
  -------         PROC          LOADONEFRAME
  C:7CEEH         LINE#         99
  C:7CEEH         LINE#         100
  C:7CEEH         LINE#         101
  C:7CF1H         LINE#         102
  C:7CF4H         LINE#         103
  C:7CF7H         LINE#         104
  C:7CFAH         LINE#         105
BL51 BANKED LINKER/LOCATER V6.22.2.0                                                  12/09/2022  13:55:10  PAGE 34


  C:7CFDH         LINE#         106
  C:7D00H         LINE#         107
  C:7D15H         LINE#         108
  C:7D18H         LINE#         109
  C:7D1AH         LINE#         110
  C:7D1CH         LINE#         111
  C:7D1EH         LINE#         112
  C:7D21H         LINE#         113
  C:7D46H         LINE#         114
  C:7D67H         LINE#         115
  C:7D8CH         LINE#         116
  C:7DA1H         LINE#         117
  C:7DA3H         LINE#         118
  C:7DA6H         LINE#         119
  C:7DBCH         LINE#         120
  C:7DCEH         LINE#         121
  C:7DE4H         LINE#         122
  C:7DF6H         LINE#         123
  C:7DF8H         LINE#         124
  C:7DFBH         LINE#         125
  C:7E11H         LINE#         126
  C:7E23H         LINE#         127
  C:7E39H         LINE#         128
  C:7E4BH         LINE#         129
  C:7E4DH         LINE#         130
  C:7E50H         LINE#         131
  C:7E56H         LINE#         132
  C:7E59H         LINE#         133
  -------         ENDPROC       LOADONEFRAME
  -------         PROC          _CANTX
  X:C10FH         SYMBOL        ID
  X:C113H         SYMBOL        status
  X:C114H         SYMBOL        len
  X:C116H         SYMBOL        pData
  -------         DO            
  X:C119H         SYMBOL        i
  X:C11AH         SYMBOL        j
  X:C11BH         SYMBOL        k
  X:C11CH         SYMBOL        framnum
  X:C11DH         SYMBOL        framoffset
  X:C11EH         SYMBOL        idtmp
  X:C122H         SYMBOL        statustmp
  -------         ENDDO         
  C:6439H         LINE#         136
[...]
  C:37D4H         LINE#         1175
  C:37D4H         LINE#         1176
  C:37D6H         LINE#         1178
  C:37D6H         LINE#         1179
  C:37DDH         LINE#         1180
  C:37E5H         LINE#         1181
  C:37EDH         LINE#         1182
  C:37F5H         LINE#         1183
  C:37FDH         LINE#         1184
  C:3804H         LINE#         1185
  C:3804H         LINE#         1186
  C:3804H         LINE#         1188
  C:3807H         LINE#         1189
  C:380BH         LINE#         1190
  C:380BH         LINE#         1191
  C:3818H         LINE#         1192
  C:3818H         LINE#         1193
  C:381FH         LINE#         1194
  C:3827H         LINE#         1195
  C:382FH         LINE#         1196
  C:3837H         LINE#         1197
  C:383EH         LINE#         1198
  C:383EH         LINE#         1199
  C:383EH         LINE#         1200
  C:3840H         LINE#         1202
  C:3840H         LINE#         1203
  C:3847H         LINE#         1204
  C:384FH         LINE#         1205
  C:3857H         LINE#         1206
  C:385FH         LINE#         1207
  C:3867H         LINE#         1208
BL51 BANKED LINKER/LOCATER V6.22.2.0                                                  12/09/2022  13:55:10  PAGE 115


  C:386CH         LINE#         1209
  C:386CH         LINE#         1210
  C:386CH         LINE#         1212
  C:386FH         LINE#         1213
  C:3873H         LINE#         1214
  C:3873H         LINE#         1215
  C:3880H         LINE#         1216
  C:3880H         LINE#         1217
  C:3887H         LINE#         1218
  C:388FH         LINE#         1219
  C:3897H         LINE#         1220
  C:389FH         LINE#         1221
  C:38A4H         LINE#         1222
  C:38A4H         LINE#         1223
  C:38A4H         LINE#         1224
  C:38A6H         LINE#         1226
  C:38A6H         LINE#         1227
  C:38ADH         LINE#         1228
  C:38B4H         LINE#         1229
  C:38BCH         LINE#         1230
  C:38C4H         LINE#         1231
  C:38CCH         LINE#         1232
  C:38D1H         LINE#         1233
  C:38D1H         LINE#         1234
  C:38D1H         LINE#         1236
  C:38D4H         LINE#         1237
  C:38D8H         LINE#         1238
  C:38D8H         LINE#         1239
  C:38E5H         LINE#         1240
  C:38E5H         LINE#         1241
  C:38ECH         LINE#         1242
  C:38F4H         LINE#         1243
  C:38FCH         LINE#         1244
  C:3904H         LINE#         1245
  C:3909H         LINE#         1246
  C:390CH         LINE#         1247
  C:390CH         LINE#         1248
  C:390EH         LINE#         1250
  C:390EH         LINE#         1251
  C:3915H         LINE#         1252
  C:391DH         LINE#         1253
  C:3925H         LINE#         1254
  C:392DH         LINE#         1255
  C:3935H         LINE#         1256
  C:393CH         LINE#         1257
  C:393CH         LINE#         1258
  C:393CH         LINE#         1260
  C:393FH         LINE#         1261
  C:3943H         LINE#         1262
  C:3943H         LINE#         1263
  C:3950H         LINE#         1264
  C:3950H         LINE#         1265
  C:3957H         LINE#         1266
  C:395FH         LINE#         1267
  C:3967H         LINE#         1268
  C:396FH         LINE#         1269
  C:3974H         LINE#         1270
BL51 BANKED LINKER/LOCATER V6.22.2.0                                                  12/09/2022  13:55:10  PAGE 116


  C:3974H         LINE#         1271
  C:3974H         LINE#         1272
  C:3976H         LINE#         1274
  C:3976H         LINE#         1275
  C:397DH         LINE#         1276
  C:3985H         LINE#         1277
  C:398CH         LINE#         1278
  C:3994H         LINE#         1279
  C:399CH         LINE#         1280
  C:39A1H         LINE#         1281
  C:39A1H         LINE#         1282
  C:39A1H         LINE#         1284
  C:39A4H         LINE#         1285
  C:39A8H         LINE#         1286
  C:39A8H         LINE#         1287
  C:39B5H         LINE#         1288
  C:39B5H         LINE#         1289
  C:39BBH         LINE#         1290
  C:39C3H         LINE#         1291
  C:39CBH         LINE#         1292
  C:39D3H         LINE#         1293
  C:39D9H         LINE#         1294
  C:39DDH         LINE#         1295
  C:39DDH         LINE#         1296
  C:39DFH         LINE#         1298
  C:39DFH         LINE#         1299
  C:39E5H         LINE#         1300
  C:39EDH         LINE#         1301
  C:39F5H         LINE#         1302
  C:39FCH         LINE#         1303
  C:3A04H         LINE#         1304
  C:3A0BH         LINE#         1305
  C:3A0BH         LINE#         1306
  C:3A0BH         LINE#         1308
  C:3A0EH         LINE#         1309
  C:3A12H         LINE#         1310
  C:3A12H         LINE#         1311
  C:3A1FH         LINE#         1312
  C:3A1FH         LINE#         1313
  C:3A21H         LINE#         1314
  C:3A21H         LINE#         1315
  C:3A21H         LINE#         1316
  C:3A21H         LINE#         1317
  C:3A21H         LINE#         1318
  C:3A21H         LINE#         1319
  C:3A21H         LINE#         1320
  C:3A23H         LINE#         1322
  C:3A23H         LINE#         1323
  C:3A2AH         LINE#         1324
  C:3A31H         LINE#         1325
  C:3A39H         LINE#         1326
  C:3A41H         LINE#         1327
  C:3A47H         LINE#         1328
  C:3A4EH         LINE#         1329
  C:3A4FH         LINE#         1330
  C:3A4FH         LINE#         1332
  C:3A51H         LINE#         1333
BL51 BANKED LINKER/LOCATER V6.22.2.0                                                  12/09/2022  13:55:10  PAGE 117


  C:3A55H         LINE#         1334
  C:3A55H         LINE#         1335
  C:3A62H         LINE#         1336
  C:3A62H         LINE#         1337
  C:3A68H         LINE#         1338
  C:3A68H         LINE#         1339
  C:3A68H         LINE#         1340
  C:3A68H         LINE#         1341
  C:3A68H         LINE#         1342
  C:3A68H         LINE#         1343
  C:3A68H         LINE#         1344
  C:3A6AH         LINE#         1346
  C:3A6AH         LINE#         1347
  C:3A71H         LINE#         1348
  C:3A78H         LINE#         1349
  C:3A80H         LINE#         1350
  C:3A88H         LINE#         1351
  C:3A8EH         LINE#         1352
  C:3A95H         LINE#         1353
  C:3A9AH         LINE#         1354
  C:3A9AH         LINE#         1356
  C:3A9CH         LINE#         1357
  C:3AA0H         LINE#         1358
  C:3AA0H         LINE#         1359
  C:3AADH         LINE#         1360
  C:3AADH         LINE#         1361
  C:3AB3H         LINE#         1362
  C:3ABAH         LINE#         1363
  C:3AC2H         LINE#         1364
  C:3ACAH         LINE#         1365
  C:3AD2H         LINE#         1366
  C:3ADAH         LINE#         1367
  C:3AE2H         LINE#         1368
  C:3AE4H         LINE#         1370
  C:3AE4H         LINE#         1371
  C:3AEAH         LINE#         1372
  C:3AF2H         LINE#         1373
  C:3AF9H         LINE#         1374
  C:3B01H         LINE#         1375
  C:3B09H         LINE#         1376
  C:3B0EH         LINE#         1377
  C:3B15H         LINE#         1378
  C:3B15H         LINE#         1380
  C:3B15H         LINE#         1382
  C:3B2AH         LINE#         1383
  C:3B3FH         LINE#         1384
  C:3B54H         LINE#         1385
  C:3B69H         LINE#         1386
  C:3B7EH         LINE#         1387
  C:3B93H         LINE#         1388
  C:3BA8H         LINE#         1390
  C:3BAFH         LINE#         1391
  -------         ENDPROC       _ALM_INIT
  -------         ENDMOD        RECEIVEDATA

  -------         MODULE        VARS
  C:0000H         SYMBOL        _ICE_DUMMY_
BL51 BANKED LINKER/LOCATER V6.22.2.0                                                  12/09/2022  13:55:10  PAGE 118


  X:BF47H         PUBLIC        gCtrlPara
  X:C043H         PUBLIC        TP_Status_Old
  X:C04BH         PUBLIC        Contorlcount
  C:66B8H         PUBLIC        Vars_Initialize
  X:C04DH         PUBLIC        TP_Status_New
  X:C055H         PUBLIC        HOST_Addr
  X:C057H         PUBLIC        gTime1
  X:C059H         PUBLIC        gTime2
  X:C05BH         PUBLIC        gTime3
  X:C05DH         PUBLIC        gTime4
  X:C05FH         PUBLIC        gTime5
  X:C061H         PUBLIC        gTime6
  X:C063H         PUBLIC        gTime7
  X:C065H         PUBLIC        gTime8
  X:C067H         PUBLIC        gTime9
  X:C069H         PUBLIC        Read_StatusFlag
  X:C06BH         PUBLIC        HMI_VERSION
  X:C074H         PUBLIC        gTime
  -------         PROC          VARS_INITIALIZE
  C:66B8H         LINE#         31
  C:66B8H         LINE#         32
  C:66B8H         LINE#         34
  C:66BFH         LINE#         35
  C:66C5H         LINE#         36
  C:66CBH         LINE#         37
  C:66CFH         LINE#         39
  C:66D3H         LINE#         40
  C:66DAH         LINE#         41
  C:66DFH         LINE#         43
  C:66E5H         LINE#         44
  C:66EDH         LINE#         47
  C:66F4H         LINE#         48
  C:66F8H         LINE#         50
  C:6700H         LINE#         51
  C:670AH         LINE#         52
  C:6711H         LINE#         53
  C:6715H         LINE#         55
  C:671BH         LINE#         56
  C:6721H         LINE#         57
  C:6725H         LINE#         58
  C:6729H         LINE#         59
  C:672DH         LINE#         60
  C:6731H         LINE#         61
  C:6735H         LINE#         62
  C:6739H         LINE#         63
  C:673DH         LINE#         64
  C:6741H         LINE#         66
  C:6747H         LINE#         67
  C:674BH         LINE#         69
  C:6750H         LINE#         70
  C:6752H         LINE#         71
  C:6754H         LINE#         72
  C:6756H         LINE#         73
  C:6758H         LINE#         75
  C:675AH         LINE#         77
  C:675EH         LINE#         78
  C:6762H         LINE#         79
BL51 BANKED LINKER/LOCATER V6.22.2.0                                                  12/09/2022  13:55:10  PAGE 119


  C:6764H         LINE#         80
  C:6768H         LINE#         81
  C:676AH         LINE#         83
  C:676FH         LINE#         84
  C:6773H         LINE#         85
  C:6777H         LINE#         86
  C:677BH         LINE#         87
  C:677FH         LINE#         88
  C:6783H         LINE#         89
  C:6787H         LINE#         91
  C:678BH         LINE#         92
  C:6791H         LINE#         94
  C:6797H         LINE#         95
  C:679BH         LINE#         96
  C:679FH         LINE#         98
  C:67A3H         LINE#         99
  C:67A7H         LINE#         100
  C:67ADH         LINE#         102
  C:67B3H         LINE#         103
  C:67B7H         LINE#         105
  C:67BBH         LINE#         106
  C:67BFH         LINE#         107
  C:67C3H         LINE#         108
  C:67C7H         LINE#         110
  C:67CBH         LINE#         111
  C:67CFH         LINE#         112
  C:67D3H         LINE#         113
  C:67D7H         LINE#         115
  C:67DBH         LINE#         117
  C:67DFH         LINE#         118
  C:67E3H         LINE#         119
  C:67E7H         LINE#         120
  C:67EBH         LINE#         123
  C:67EFH         LINE#         124
  C:67F3H         LINE#         126
  C:67F9H         LINE#         127
  C:67FDH         LINE#         129
  C:6801H         LINE#         130
  C:6805H         LINE#         131
  C:6809H         LINE#         132
  C:680DH         LINE#         134
  C:6813H         LINE#         136
  C:6817H         LINE#         137
  C:681BH         LINE#         138
  C:681FH         LINE#         140
  C:6823H         LINE#         141
  C:6829H         LINE#         142
  C:682FH         LINE#         143
  C:6833H         LINE#         144
  C:6839H         LINE#         145
  C:683DH         LINE#         146
  C:6841H         LINE#         147
  C:6845H         LINE#         149
  C:6849H         LINE#         150
  C:684DH         LINE#         151
  C:6851H         LINE#         152
  C:6855H         LINE#         153
BL51 BANKED LINKER/LOCATER V6.22.2.0                                                  12/09/2022  13:55:10  PAGE 120


  C:6859H         LINE#         154
  C:685DH         LINE#         156
  C:6861H         LINE#         157
  C:6865H         LINE#         158
  C:6869H         LINE#         159
  C:686DH         LINE#         160
  C:6871H         LINE#         161
  C:6875H         LINE#         162
  C:6879H         LINE#         163
  C:687DH         LINE#         164
  C:6881H         LINE#         166
  C:6885H         LINE#         167
  C:6889H         LINE#         168
  C:688DH         LINE#         169
  C:6893H         LINE#         170
  C:6899H         LINE#         171
  C:68A0H         LINE#         172
  C:68A6H         LINE#         173
  C:68ABH         LINE#         175
  C:68AFH         LINE#         176
  C:68B3H         LINE#         177
  C:68B7H         LINE#         180
  C:68BBH         LINE#         181
  C:68BFH         LINE#         182
  C:68C3H         LINE#         184
  C:68C7H         LINE#         185
  C:68CBH         LINE#         186
  C:68CFH         LINE#         187
  C:68D3H         LINE#         188
  C:68D7H         LINE#         189
  C:68DDH         LINE#         191
  C:68E4H         LINE#         192
  C:68EAH         LINE#         193
  C:68EFH         LINE#         194
  C:68F3H         LINE#         195
  C:68F7H         LINE#         196
  C:68FBH         LINE#         197
  C:68FFH         LINE#         200
  C:6903H         LINE#         201
  C:6907H         LINE#         202
  C:690BH         LINE#         203
  C:690FH         LINE#         205
  C:6913H         LINE#         206
  -------         ENDPROC       VARS_INITIALIZE
  -------         ENDMOD        VARS

  -------         MODULE        ?C?COPY
  C:437AH         PUBLIC        ?C?COPY
  -------         ENDMOD        ?C?COPY

  -------         MODULE        ?C?CLDPTR
  C:43A0H         PUBLIC        ?C?CLDPTR
  -------         ENDMOD        ?C?CLDPTR

  -------         MODULE        ?C?CLDOPTR
  C:43B9H         PUBLIC        ?C?CLDOPTR
  -------         ENDMOD        ?C?CLDOPTR
BL51 BANKED LINKER/LOCATER V6.22.2.0                                                  12/09/2022  13:55:10  PAGE 121



  -------         MODULE        ?C?CSTPTR
  C:43E6H         PUBLIC        ?C?CSTPTR
  -------         ENDMOD        ?C?CSTPTR

  -------         MODULE        ?C?IMUL
  C:43F8H         PUBLIC        ?C?IMUL
  -------         ENDMOD        ?C?IMUL

  -------         MODULE        ?C?UIDIV
  C:440AH         PUBLIC        ?C?UIDIV
  -------         ENDMOD        ?C?UIDIV

  -------         MODULE        ?C?IILDX
  C:445FH         PUBLIC        ?C?IILDX
  -------         ENDMOD        ?C?IILDX

  -------         MODULE        ?C?ILDIX
  C:4475H         PUBLIC        ?C?ILDIX
  -------         ENDMOD        ?C?ILDIX

  -------         MODULE        ?C?ILDPTR
  C:448BH         PUBLIC        ?C?ILDPTR
  -------         ENDMOD        ?C?ILDPTR

  -------         MODULE        ?C?ILDOPTR
  C:44B6H         PUBLIC        ?C?ILDOPTR
  -------         ENDMOD        ?C?ILDOPTR

  -------         MODULE        ?C?IILDPTR
  C:44EEH         PUBLIC        ?C?IILDPTR
  -------         ENDMOD        ?C?IILDPTR

  -------         MODULE        ?C?ISTPTR
  C:4526H         PUBLIC        ?C?ISTPTR
  -------         ENDMOD        ?C?ISTPTR

  -------         MODULE        ?C?LMUL
  C:4545H         PUBLIC        ?C?LMUL
  -------         ENDMOD        ?C?LMUL

  -------         MODULE        ?C?ULDIV
  C:45D0H         PUBLIC        ?C?ULDIV
  -------         ENDMOD        ?C?ULDIV

  -------         MODULE        ?C?SLDIV
  C:A18EH         PUBLIC        ?C?SLDIV
  -------         ENDMOD        ?C?SLDIV

  -------         MODULE        ?C?ULCMP
  C:4662H         PUBLIC        ?C?ULCMP
  -------         ENDMOD        ?C?ULCMP

  -------         MODULE        ?C?ULSHR
  C:4673H         PUBLIC        ?C?ULSHR
  -------         ENDMOD        ?C?ULSHR

BL51 BANKED LINKER/LOCATER V6.22.2.0                                                  12/09/2022  13:55:10  PAGE 122


  -------         MODULE        ?C?LSHL
  C:4686H         PUBLIC        ?C?LSHL
  -------         ENDMOD        ?C?LSHL

  -------         MODULE        ?C?LSTXDATA
  C:4699H         PUBLIC        ?C?LSTXDATA
  -------         ENDMOD        ?C?LSTXDATA

  -------         MODULE        ?C?LSTKXDATA
  C:46A5H         PUBLIC        ?C?LSTKXDATA
  -------         ENDMOD        ?C?LSTKXDATA

  -------         MODULE        ?C?OFFXADD
  C:46D6H         PUBLIC        ?C?OFFXADD
  -------         ENDMOD        ?C?OFFXADD

  -------         MODULE        ?C?PLDPTR
  C:46E2H         PUBLIC        ?C?PLDPTR
  -------         ENDMOD        ?C?PLDPTR

  -------         MODULE        ?C?PLDOPTR
  C:4702H         PUBLIC        ?C?PLDOPTR
  -------         ENDMOD        ?C?PLDOPTR

  -------         MODULE        ?C?ICALL
  C:4732H         PUBLIC        ?C?ICALL
  C:4736H         PUBLIC        ?C?ICALL2
  -------         ENDMOD        ?C?ICALL

  -------         MODULE        ?C?STRCMP
  C:48B6H         PUBLIC        ?C?STRCMP
  -------         ENDMOD        ?C?STRCMP

  -------         MODULE        ?C?PLDIDATA
  C:48D3H         PUBLIC        ?C?PLDIDATA
  -------         ENDMOD        ?C?PLDIDATA

  -------         MODULE        ?C?PLDXDATA
  C:48DCH         PUBLIC        ?C?PLDXDATA
  -------         ENDMOD        ?C?PLDXDATA

  -------         MODULE        ?C?PLDPDATA
  C:48E5H         PUBLIC        ?C?PLDPDATA
  -------         ENDMOD        ?C?PLDPDATA

  -------         MODULE        ?C?PLDCODE
  C:48EEH         PUBLIC        ?C?PLDCODE
  -------         ENDMOD        ?C?PLDCODE

*** WARNING L16: UNCALLED SEGMENT, IGNORED FOR OVERLAY PROCESS
    SEGMENT: ?PR?RESETT5L?SYS

*** WARNING L16: UNCALLED SEGMENT, IGNORED FOR OVERLAY PROCESS
    SEGMENT: ?PR?_TOUCHSWITCH?SYS

*** WARNING L16: UNCALLED SEGMENT, IGNORED FOR OVERLAY PROCESS
    SEGMENT: ?PR?_MUSICPLAY?SYS
BL51 BANKED LINKER/LOCATER V6.22.2.0                                                  12/09/2022  13:55:10  PAGE 123



*** WARNING L16: UNCALLED SEGMENT, IGNORED FOR OVERLAY PROCESS
    SEGMENT: ?PR?NORFLASH_ACTION?SYS

*** WARNING L16: UNCALLED SEGMENT, IGNORED FOR OVERLAY PROCESS
    SEGMENT: ?PR?SPIFLASH_ACTION?SYS

*** WARNING L16: UNCALLED SEGMENT, IGNORED FOR OVERLAY PROCESS
    SEGMENT: ?PR?GETPAGEID?SYS

*** WARNING L16: UNCALLED SEGMENT, IGNORED FOR OVERLAY PROCESS
    SEGMENT: ?PR?_GETPININ?SYS

*** WARNING L16: UNCALLED SEGMENT, IGNORED FOR OVERLAY PROCESS
    SEGMENT: ?PR?_GETTOUCHANCTION?SYS

*** WARNING L16: UNCALLED SEGMENT, IGNORED FOR OVERLAY PROCESS
    SEGMENT: ?PR?_UART4_SENDBYTE32?UART

*** WARNING L16: UNCALLED SEGMENT, IGNORED FOR OVERLAY PROCESS
    SEGMENT: ?PR?CANERRORRESET?CANBUS

*** WARNING L16: UNCALLED SEGMENT, IGNORED FOR OVERLAY PROCESS
    SEGMENT: ?PR?POLLING2?UI

*** WARNING L16: UNCALLED SEGMENT, IGNORED FOR OVERLAY PROCESS
    SEGMENT: ?PR?_SSD2828_READ_MIPI?SSD2828

*** WARNING L16: UNCALLED SEGMENT, IGNORED FOR OVERLAY PROCESS
    SEGMENT: ?PR?W_WRITE?SSD2828

*** WARNING L16: UNCALLED SEGMENT, IGNORED FOR OVERLAY PROCESS
    SEGMENT: ?PR?_WRITE_RTC?RTC

*** WARNING L16: UNCALLED SEGMENT, IGNORED FOR OVERLAY PROCESS
    SEGMENT: ?PR?WRITE_WIFI_RTC?RTC

*** WARNING L16: UNCALLED SEGMENT, IGNORED FOR OVERLAY PROCESS
    SEGMENT: ?PR?RTC_READ_AND_SET?RTC

*** WARNING L16: UNCALLED SEGMENT, IGNORED FOR OVERLAY PROCESS
    SEGMENT: ?PR?_SEND_MODBUS04_10?MYMODBUS

*** WARNING L16: UNCALLED SEGMENT, IGNORED FOR OVERLAY PROCESS
    SEGMENT: ?PR?_SEND_MODBUS08_10?MYMODBUS

Program Size: data=33.2 xdata=16887 code=42155
LINK/LOCATE RUN COMPLETE.  18 WARNING(S),  0 ERROR(S)
